Archive member included to satisfy reference by file (symbol)

.\CortexM3\ARM_GCC_541\Debug\FinalEmulator.a(CyDmac.o)
                              .\CortexM3\ARM_GCC_541\Debug\Cm3Start.o (CyDmacConfigure)
.\CortexM3\ARM_GCC_541\Debug\FinalEmulator.a(CyLib.o)
                              .\CortexM3\ARM_GCC_541\Debug\Cm3Start.o (CyHalt)
.\CortexM3\ARM_GCC_541\Debug\FinalEmulator.a(cyPm.o)
                              .\CortexM3\ARM_GCC_541\Debug\FinalEmulator.a(CyLib.o) (CyPmReadStatus)
.\CortexM3\ARM_GCC_541\Debug\FinalEmulator.a(isr_timer.o)
                              .\CortexM3\ARM_GCC_541\Debug\main.o (isr_timer_StartEx)
.\CortexM3\ARM_GCC_541\Debug\FinalEmulator.a(pin_led.o)
                              .\CortexM3\ARM_GCC_541\Debug\main.o (pin_led_Write)
.\CortexM3\ARM_GCC_541\Debug\FinalEmulator.a(random.o)
                              .\CortexM3\ARM_GCC_541\Debug\main.o (random_Enable)
.\CortexM3\ARM_GCC_541\Debug\FinalEmulator.a(pin_snd.o)
                              .\CortexM3\ARM_GCC_541\Debug\timer.o (pin_snd_Write)
.\CortexM3\ARM_GCC_541\Debug\FinalEmulator.a(HORIZ.o)
                              .\CortexM3\ARM_GCC_541\Debug\main.o (HORIZ_Start)
.\CortexM3\ARM_GCC_541\Debug\FinalEmulator.a(VERT.o)
                              .\CortexM3\ARM_GCC_541\Debug\video.o (VERT_ReadCounter)
.\CortexM3\ARM_GCC_541\Debug\FinalEmulator.a(VSYNC.o)
                              .\CortexM3\ARM_GCC_541\Debug\main.o (VSYNC_Start)
.\CortexM3\ARM_GCC_541\Debug\FinalEmulator.a(HSYNC.o)
                              .\CortexM3\ARM_GCC_541\Debug\main.o (HSYNC_Start)
.\CortexM3\ARM_GCC_541\Debug\FinalEmulator.a(DMA_dma.o)
                              .\CortexM3\ARM_GCC_541\Debug\main.o (DMA_DmaInitialize)
.\CortexM3\ARM_GCC_541\Debug\FinalEmulator.a(NEWLINE.o)
                              .\CortexM3\ARM_GCC_541\Debug\main.o (NEWLINE_StartEx)
.\CortexM3\ARM_GCC_541\Debug\FinalEmulator.a(Row_1.o)
                              .\CortexM3\ARM_GCC_541\Debug\keybd.o (Row_1_Read)
.\CortexM3\ARM_GCC_541\Debug\FinalEmulator.a(Row_2.o)
                              .\CortexM3\ARM_GCC_541\Debug\keybd.o (Row_2_Read)
.\CortexM3\ARM_GCC_541\Debug\FinalEmulator.a(Row_4.o)
                              .\CortexM3\ARM_GCC_541\Debug\keybd.o (Row_4_Read)
.\CortexM3\ARM_GCC_541\Debug\FinalEmulator.a(Row_3.o)
                              .\CortexM3\ARM_GCC_541\Debug\keybd.o (Row_3_Read)
.\CortexM3\ARM_GCC_541\Debug\FinalEmulator.a(Col_1.o)
                              .\CortexM3\ARM_GCC_541\Debug\keybd.o (Col_1_Write)
.\CortexM3\ARM_GCC_541\Debug\FinalEmulator.a(Col_2.o)
                              .\CortexM3\ARM_GCC_541\Debug\keybd.o (Col_2_Write)
.\CortexM3\ARM_GCC_541\Debug\FinalEmulator.a(Col_3.o)
                              .\CortexM3\ARM_GCC_541\Debug\keybd.o (Col_3_Write)
.\CortexM3\ARM_GCC_541\Debug\FinalEmulator.a(Col_4.o)
                              .\CortexM3\ARM_GCC_541\Debug\keybd.o (Col_4_Write)
.\CortexM3\ARM_GCC_541\Debug\FinalEmulator.a(CyBootAsmGnu.o)
                              .\CortexM3\ARM_GCC_541\Debug\cyfitter_cfg.o (CyDelayCycles)
.\CortexM3\ARM_GCC_541\Debug\FinalEmulator.a(CyFlash.o)
                              .\CortexM3\ARM_GCC_541\Debug\FinalEmulator.a(cyPm.o) (CyFlash_SetWaitCycles)
.\CortexM3\ARM_GCC_541\Debug\FinalEmulator.a(CySpc.o)
                              .\CortexM3\ARM_GCC_541\Debug\FinalEmulator.a(CyFlash.o) (CySpcStart)
c:/program files (x86)/cypress/psoc creator/4.2/psoc creator/import/gnu/arm/5.4.1/bin/../lib/gcc/arm-none-eabi/5.4.1/../../../../arm-none-eabi/lib/armv7-m\libg_nano.a(lib_a-errno.o)
                              .\CortexM3\ARM_GCC_541\Debug\Cm3Start.o (__errno)
c:/program files (x86)/cypress/psoc creator/4.2/psoc creator/import/gnu/arm/5.4.1/bin/../lib/gcc/arm-none-eabi/5.4.1/../../../../arm-none-eabi/lib/armv7-m\libg_nano.a(lib_a-exit.o)
                              c:/program files (x86)/cypress/psoc creator/4.2/psoc creator/import/gnu/arm/5.4.1/bin/../lib/gcc/arm-none-eabi/5.4.1/../../../../arm-none-eabi/lib/armv7-m/crt0.o (exit)
c:/program files (x86)/cypress/psoc creator/4.2/psoc creator/import/gnu/arm/5.4.1/bin/../lib/gcc/arm-none-eabi/5.4.1/../../../../arm-none-eabi/lib/armv7-m\libg_nano.a(lib_a-impure.o)
                              c:/program files (x86)/cypress/psoc creator/4.2/psoc creator/import/gnu/arm/5.4.1/bin/../lib/gcc/arm-none-eabi/5.4.1/../../../../arm-none-eabi/lib/armv7-m\libg_nano.a(lib_a-exit.o) (_global_impure_ptr)
c:/program files (x86)/cypress/psoc creator/4.2/psoc creator/import/gnu/arm/5.4.1/bin/../lib/gcc/arm-none-eabi/5.4.1/../../../../arm-none-eabi/lib/armv7-m\libg_nano.a(lib_a-init.o)
                              c:/program files (x86)/cypress/psoc creator/4.2/psoc creator/import/gnu/arm/5.4.1/bin/../lib/gcc/arm-none-eabi/5.4.1/../../../../arm-none-eabi/lib/armv7-m/crt0.o (__libc_init_array)
[...]
Memory Configuration

Name             Origin             Length             Attributes
rom              0x00000000         0x00040000         xr
ram              0x1fff8000         0x00008000         xrw
vram             0x20000000         0x00008000         xrw
*default*        0x00000000         0xffffffff

Linker script and memory map

LOAD c:/program files (x86)/cypress/psoc creator/4.2/psoc creator/import/gnu/arm/5.4.1/bin/../lib/gcc/arm-none-eabi/5.4.1/armv7-m/crti.o
LOAD c:/program files (x86)/cypress/psoc creator/4.2/psoc creator/import/gnu/arm/5.4.1/bin/../lib/gcc/arm-none-eabi/5.4.1/armv7-m/crtbegin.o
LOAD c:/program files (x86)/cypress/psoc creator/4.2/psoc creator/import/gnu/arm/5.4.1/bin/../lib/gcc/arm-none-eabi/5.4.1/../../../../arm-none-eabi/lib/armv7-m/crt0.o
START GROUP
LOAD .\CortexM3\ARM_GCC_541\Debug\main.o
LOAD .\CortexM3\ARM_GCC_541\Debug\procr.o
LOAD .\CortexM3\ARM_GCC_541\Debug\video.o
LOAD .\CortexM3\ARM_GCC_541\Debug\timer.o
LOAD .\CortexM3\ARM_GCC_541\Debug\keybd.o
LOAD .\CortexM3\ARM_GCC_541\Debug\cyfitter_cfg.o
LOAD .\CortexM3\ARM_GCC_541\Debug\cymetadata.o
LOAD .\CortexM3\ARM_GCC_541\Debug\Cm3Start.o
LOAD .\CortexM3\ARM_GCC_541\Debug\FinalEmulator.a
LOAD C:\Program Files (x86)\Cypress\PSoC Creator\4.2\PSoC Creator\psoc\content\cycomponentlibrary\CyComponentLibrary.cylib\CortexM3\ARM_GCC_541\Debug\CyComponentLibrary.a
END GROUP
START GROUP
LOAD c:/program files (x86)/cypress/psoc creator/4.2/psoc creator/import/gnu/arm/5.4.1/bin/../lib/gcc/arm-none-eabi/5.4.1/armv7-m\libgcc.a
LOAD c:/program files (x86)/cypress/psoc creator/4.2/psoc creator/import/gnu/arm/5.4.1/bin/../lib/gcc/arm-none-eabi/5.4.1/../../../../arm-none-eabi/lib/armv7-m\libg_nano.a
LOAD c:/program files (x86)/cypress/psoc creator/4.2/psoc creator/import/gnu/arm/5.4.1/bin/../lib/gcc/arm-none-eabi/5.4.1/../../../../arm-none-eabi/lib/armv7-m\libc_nano.a
END GROUP
START GROUP
LOAD c:/program files (x86)/cypress/psoc creator/4.2/psoc creator/import/gnu/arm/5.4.1/bin/../lib/gcc/arm-none-eabi/5.4.1/armv7-m\libgcc.a
LOAD c:/program files (x86)/cypress/psoc creator/4.2/psoc creator/import/gnu/arm/5.4.1/bin/../lib/gcc/arm-none-eabi/5.4.1/../../../../arm-none-eabi/lib/armv7-m\libc_nano.a
END GROUP
LOAD c:/program files (x86)/cypress/psoc creator/4.2/psoc creator/import/gnu/arm/5.4.1/bin/../lib/gcc/arm-none-eabi/5.4.1/armv7-m/crtend.o
LOAD c:/program files (x86)/cypress/psoc creator/4.2/psoc creator/import/gnu/arm/5.4.1/bin/../lib/gcc/arm-none-eabi/5.4.1/armv7-m/crtn.o
START GROUP
LOAD c:/program files (x86)/cypress/psoc creator/4.2/psoc creator/import/gnu/arm/5.4.1/bin/../lib/gcc/arm-none-eabi/5.4.1/armv7-m\libgcc.a
LOAD c:/program files (x86)/cypress/psoc creator/4.2/psoc creator/import/gnu/arm/5.4.1/bin/../lib/gcc/arm-none-eabi/5.4.1/../../../../arm-none-eabi/lib/armv7-m\libc.a
LOAD c:/program files (x86)/cypress/psoc creator/4.2/psoc creator/import/gnu/arm/5.4.1/bin/../lib/gcc/arm-none-eabi/5.4.1/../../../../arm-none-eabi/lib/armv7-m\libnosys.a
END GROUP
                0x00000000                CY_APPL_ORIGIN = 0x0
                0x00000100                CY_FLASH_ROW_SIZE = 0x100
                0x00000020                CY_ECC_ROW_SIZE = 0x20
                0x00000000                CY_EE_IN_BTLDR = 0x0
                0x00000000                CY_APPL_LOADABLE = 0x0
                0x00000800                CY_EE_SIZE = 0x800
                0x00000001                CY_APPL_NUM = 0x1
                0x00000001                CY_APPL_MAX = 0x1
                0x00000040                CY_METADATA_SIZE = 0x40
                [!provide]                PROVIDE (__cy_heap_start, _end)
                0x00000001                PROVIDE (__cy_region_num, ((__cy_regions_end - __cy_regions) / 0x10))
                0x20000000                PROVIDE (__cy_stack, (ORIGIN (ram) + 0x8000))
                [!provide]                PROVIDE (__cy_heap_end, (__cy_stack - 0x1000))

.cybootloader   0x00000000        0x0
 *(.cybootloader)
                0x00000000                appl1_start = CY_APPL_ORIGIN?CY_APPL_ORIGIN:ALIGN (CY_FLASH_ROW_SIZE)
                0x0001ff00                appl2_start = (appl1_start + ALIGN ((((LENGTH (rom) - appl1_start) - (0x2 * CY_FLASH_ROW_SIZE)) / 0x2), CY_FLASH_ROW_SIZE))
                0x00000000                appl_start = (CY_APPL_NUM == 0x1)?appl1_start:appl2_start
                0x00000000                ecc_offset = ((appl_start / CY_FLASH_ROW_SIZE) * CY_ECC_ROW_SIZE)
                0x00000000                ee_offset = (CY_APPL_LOADABLE && ! (CY_EE_IN_BTLDR))?((CY_EE_SIZE / CY_APPL_MAX) * (CY_APPL_NUM - 0x1)):0x0
                0x00000800                ee_size = (CY_APPL_LOADABLE && ! (CY_EE_IN_BTLDR))?(CY_EE_SIZE / CY_APPL_MAX):CY_EE_SIZE
                [!provide]                PROVIDE (CY_ECC_OFFSET, ecc_offset)

.text           0x00000000     0x1cde
 CREATE_OBJECT_SYMBOLS
                0x00000000                PROVIDE (__cy_interrupt_vector, RomVectors)
 *(.romvectors)
 .romvectors    0x00000000       0x10 .\CortexM3\ARM_GCC_541\Debug\Cm3Start.o
                0x00000000                RomVectors
                0x00000001                ASSERT ((. != __cy_interrupt_vector), No interrupt vector)
                0x00000001                ASSERT (CY_APPL_ORIGIN?(SIZEOF (.cybootloader) <= CY_APPL_ORIGIN):0x1, Wrong image location)
                0x00000010                PROVIDE (__cy_reset, Reset)
 *(.text.Reset)
 .text.Reset    0x00000010       0x18 .\CortexM3\ARM_GCC_541\Debug\Cm3Start.o
                0x00000010                Reset
                0x00000001                ASSERT ((. != __cy_reset), No reset code)
 *(.dma_init)
                0x00000001                ASSERT ((((appl_start + .) <= 0x10000) || 0x0), DMA Init must be within the first 64k of flash)
 *(.text .text.* .gnu.linkonce.t.*)
 .text          0x00000028       0x5c c:/program files (x86)/cypress/psoc creator/4.2/psoc creator/import/gnu/arm/5.4.1/bin/../lib/gcc/arm-none-eabi/5.4.1/armv7-m/crtbegin.o
 .text._newline_handler
                0x00000084       0x30 .\CortexM3\ARM_GCC_541\Debug\main.o
                0x00000084                _newline_handler
 .text._isr_tmr_handler
                0x000000b4       0x14 .\CortexM3\ARM_GCC_541\Debug\main.o
                0x000000b4                _isr_tmr_handler
 .text.main     0x000000c8      0x9fc .\CortexM3\ARM_GCC_541\Debug\main.o
                0x000000c8                main
 .text.execute  0x00000ac4      0x630 .\CortexM3\ARM_GCC_541\Debug\procr.o
                0x00000ac4                execute
 .text.newline_handler
                0x000010f4      0x104 .\CortexM3\ARM_GCC_541\Debug\video.o
                0x000010f4                newline_handler
 .text.isr_tmr_handler
                0x000011f8       0x2c .\CortexM3\ARM_GCC_541\Debug\timer.o
                0x000011f8                isr_tmr_handler
 .text.key_pressed
                0x00001224       0x40 .\CortexM3\ARM_GCC_541\Debug\keybd.o
                0x00001224                key_pressed
 .text.wait_key
                0x00001264       0x38 .\CortexM3\ARM_GCC_541\Debug\keybd.o
                0x00001264                wait_key
 .text.CyClockStartupError
                0x0000129c        0x4 .\CortexM3\ARM_GCC_541\Debug\cyfitter_cfg.o
 .text.cfg_write_bytes32
                0x000012a0       0x34 .\CortexM3\ARM_GCC_541\Debug\cyfitter_cfg.o
 .text.AnalogSetDefault
                0x000012d4       0x28 .\CortexM3\ARM_GCC_541\Debug\cyfitter_cfg.o
 .text.CYMEMZERO
                0x000012fc        0xc .\CortexM3\ARM_GCC_541\Debug\cyfitter_cfg.o
 .text.ClockSetup
                0x00001308      0x114 .\CortexM3\ARM_GCC_541\Debug\cyfitter_cfg.o
 .text.CYCONFIGCPY
                0x0000141c        0x8 .\CortexM3\ARM_GCC_541\Debug\cyfitter_cfg.o
 .text.cyfitter_cfg
                0x00001424       0xf0 .\CortexM3\ARM_GCC_541\Debug\cyfitter_cfg.o
                0x00001424                cyfitter_cfg
 .text.IntDefaultHandler
                0x00001514       0x10 .\CortexM3\ARM_GCC_541\Debug\Cm3Start.o
                0x00001514                IntDefaultHandler
 .text.Start_c  0x00001524       0x4c .\CortexM3\ARM_GCC_541\Debug\Cm3Start.o
                0x00001524                Start_c
 .text.initialize_psoc
                0x00001570       0x6c .\CortexM3\ARM_GCC_541\Debug\Cm3Start.o
                0x00001570                initialize_psoc
 .text.CyDmacConfigure
                0x000015dc       0x34 .\CortexM3\ARM_GCC_541\Debug\FinalEmulator.a(CyDmac.o)
                0x000015dc                CyDmacConfigure
 .text.CyDmaChEnable
                0x00001610       0x38 .\CortexM3\ARM_GCC_541\Debug\FinalEmulator.a(CyDmac.o)
                0x00001610                CyDmaChEnable
 .text.CyDmaChDisable
                0x00001648       0x24 .\CortexM3\ARM_GCC_541\Debug\FinalEmulator.a(CyDmac.o)
                0x00001648                CyDmaChDisable
 .text.CyDmaChPriority
                0x0000166c       0x24 .\CortexM3\ARM_GCC_541\Debug\FinalEmulator.a(CyDmac.o)
                0x0000166c                CyDmaChPriority
 .text.CyDmaChSetExtendedAddress
                0x00001690       0x34 .\CortexM3\ARM_GCC_541\Debug\FinalEmulator.a(CyDmac.o)
                0x00001690                CyDmaChSetExtendedAddress
 .text.CyDmaChSetInitialTd
                0x000016c4       0x18 .\CortexM3\ARM_GCC_541\Debug\FinalEmulator.a(CyDmac.o)
                0x000016c4                CyDmaChSetInitialTd
 .text.CyDmaChSetConfiguration
                0x000016dc       0x44 .\CortexM3\ARM_GCC_541\Debug\FinalEmulator.a(CyDmac.o)
                0x000016dc                CyDmaChSetConfiguration
 .text.CyDmaTdAllocate
                0x00001720       0x34 .\CortexM3\ARM_GCC_541\Debug\FinalEmulator.a(CyDmac.o)
                0x00001720                CyDmaTdAllocate
 .text.CyDmaTdSetConfiguration
                0x00001754       0x28 .\CortexM3\ARM_GCC_541\Debug\FinalEmulator.a(CyDmac.o)
                0x00001754                CyDmaTdSetConfiguration
 .text.CyDmaTdSetAddress
                0x0000177c       0x1c .\CortexM3\ARM_GCC_541\Debug\FinalEmulator.a(CyDmac.o)
                0x0000177c                CyDmaTdSetAddress
 .text.CyDelay  0x00001798       0x2c .\CortexM3\ARM_GCC_541\Debug\FinalEmulator.a(CyLib.o)
                0x00001798                CyDelay
 .text.isr_timer_SetVector
                0x000017c4        0xc .\CortexM3\ARM_GCC_541\Debug\FinalEmulator.a(isr_timer.o)
                0x000017c4                isr_timer_SetVector
 .text.isr_timer_SetPriority
                0x000017d0       0x10 .\CortexM3\ARM_GCC_541\Debug\FinalEmulator.a(isr_timer.o)
                0x000017d0                isr_timer_SetPriority
 .text.isr_timer_Enable
                0x000017e0        0xc .\CortexM3\ARM_GCC_541\Debug\FinalEmulator.a(isr_timer.o)
                0x000017e0                isr_timer_Enable
 .text.isr_timer_Disable
                0x000017ec        0xc .\CortexM3\ARM_GCC_541\Debug\FinalEmulator.a(isr_timer.o)
                0x000017ec                isr_timer_Disable
 .text.isr_timer_StartEx
                0x000017f8       0x1c .\CortexM3\ARM_GCC_541\Debug\FinalEmulator.a(isr_timer.o)
                0x000017f8                isr_timer_StartEx
 .text.pin_led_Write
                0x00001814       0x18 .\CortexM3\ARM_GCC_541\Debug\FinalEmulator.a(pin_led.o)
                0x00001814                pin_led_Write
 .text.random_Enable
                0x0000182c       0x10 .\CortexM3\ARM_GCC_541\Debug\FinalEmulator.a(random.o)
                0x0000182c                random_Enable
 .text.random_ResetSeedInit
                0x0000183c       0x24 .\CortexM3\ARM_GCC_541\Debug\FinalEmulator.a(random.o)
                0x0000183c                random_ResetSeedInit
 .text.random_Read
                0x00001860        0xc .\CortexM3\ARM_GCC_541\Debug\FinalEmulator.a(random.o)
                0x00001860                random_Read
 .text.random_WriteSeed
                0x0000186c        0xc .\CortexM3\ARM_GCC_541\Debug\FinalEmulator.a(random.o)
                0x0000186c                random_WriteSeed
 .text.random_WritePolynomial
                0x00001878        0xc .\CortexM3\ARM_GCC_541\Debug\FinalEmulator.a(random.o)
                0x00001878                random_WritePolynomial
 .text.random_Init
                0x00001884       0x1c .\CortexM3\ARM_GCC_541\Debug\FinalEmulator.a(random.o)
                0x00001884                random_Init
 .text.random_Start
                0x000018a0       0x1c .\CortexM3\ARM_GCC_541\Debug\FinalEmulator.a(random.o)
                0x000018a0                random_Start
 .text.pin_snd_Write
                0x000018bc       0x18 .\CortexM3\ARM_GCC_541\Debug\FinalEmulator.a(pin_snd.o)
                0x000018bc                pin_snd_Write
 .text.HORIZ_Enable
                0x000018d4       0x10 .\CortexM3\ARM_GCC_541\Debug\FinalEmulator.a(HORIZ.o)
                0x000018d4                HORIZ_Enable
 .text.HORIZ_WriteCounter
                0x000018e4        0xc .\CortexM3\ARM_GCC_541\Debug\FinalEmulator.a(HORIZ.o)
                0x000018e4                HORIZ_WriteCounter
 .text.HORIZ_WritePeriod
                0x000018f0        0xc .\CortexM3\ARM_GCC_541\Debug\FinalEmulator.a(HORIZ.o)
                0x000018f0                HORIZ_WritePeriod
 .text.HORIZ_WriteCompare1
                0x000018fc        0xc .\CortexM3\ARM_GCC_541\Debug\FinalEmulator.a(HORIZ.o)
                0x000018fc                HORIZ_WriteCompare1
 .text.HORIZ_WriteCompare2
                0x00001908        0xc .\CortexM3\ARM_GCC_541\Debug\FinalEmulator.a(HORIZ.o)
                0x00001908                HORIZ_WriteCompare2
 .text.HORIZ_Init
                0x00001914       0x38 .\CortexM3\ARM_GCC_541\Debug\FinalEmulator.a(HORIZ.o)
                0x00001914                HORIZ_Init
 .text.HORIZ_Start
                0x0000194c       0x1c .\CortexM3\ARM_GCC_541\Debug\FinalEmulator.a(HORIZ.o)
                0x0000194c                HORIZ_Start
 .text.VERT_Enable
                0x00001968       0x10 .\CortexM3\ARM_GCC_541\Debug\FinalEmulator.a(VERT.o)
                0x00001968                VERT_Enable
 .text.VERT_WriteCounter
                0x00001978        0xc .\CortexM3\ARM_GCC_541\Debug\FinalEmulator.a(VERT.o)
                0x00001978                VERT_WriteCounter
 .text.VERT_ReadCounter
                0x00001984       0x14 .\CortexM3\ARM_GCC_541\Debug\FinalEmulator.a(VERT.o)
                0x00001984                VERT_ReadCounter
 .text.VERT_WritePeriod
                0x00001998        0xc .\CortexM3\ARM_GCC_541\Debug\FinalEmulator.a(VERT.o)
                0x00001998                VERT_WritePeriod
 .text.VERT_WriteCompare
                0x000019a4        0xc .\CortexM3\ARM_GCC_541\Debug\FinalEmulator.a(VERT.o)
                0x000019a4                VERT_WriteCompare
 .text.VERT_Init
                0x000019b0       0x40 .\CortexM3\ARM_GCC_541\Debug\FinalEmulator.a(VERT.o)
                0x000019b0                VERT_Init
 .text.VERT_Start
                0x000019f0       0x1c .\CortexM3\ARM_GCC_541\Debug\FinalEmulator.a(VERT.o)
                0x000019f0                VERT_Start
 .text.VSYNC_Enable
                0x00001a0c       0x10 .\CortexM3\ARM_GCC_541\Debug\FinalEmulator.a(VSYNC.o)
                0x00001a0c                VSYNC_Enable
 .text.VSYNC_WriteCounter
                0x00001a1c        0xc .\CortexM3\ARM_GCC_541\Debug\FinalEmulator.a(VSYNC.o)
                0x00001a1c                VSYNC_WriteCounter
 .text.VSYNC_WritePeriod
                0x00001a28        0xc .\CortexM3\ARM_GCC_541\Debug\FinalEmulator.a(VSYNC.o)
                0x00001a28                VSYNC_WritePeriod
 .text.VSYNC_WriteCompare
                0x00001a34        0xc .\CortexM3\ARM_GCC_541\Debug\FinalEmulator.a(VSYNC.o)
                0x00001a34                VSYNC_WriteCompare
 .text.VSYNC_Init
                0x00001a40       0x34 .\CortexM3\ARM_GCC_541\Debug\FinalEmulator.a(VSYNC.o)
                0x00001a40                VSYNC_Init
 .text.VSYNC_Start
                0x00001a74       0x1c .\CortexM3\ARM_GCC_541\Debug\FinalEmulator.a(VSYNC.o)
                0x00001a74                VSYNC_Start
 .text.HSYNC_Enable
                0x00001a90       0x10 .\CortexM3\ARM_GCC_541\Debug\FinalEmulator.a(HSYNC.o)
                0x00001a90                HSYNC_Enable
 .text.HSYNC_WriteCounter
                0x00001aa0        0xc .\CortexM3\ARM_GCC_541\Debug\FinalEmulator.a(HSYNC.o)
                0x00001aa0                HSYNC_WriteCounter
 .text.HSYNC_WritePeriod
                0x00001aac        0xc .\CortexM3\ARM_GCC_541\Debug\FinalEmulator.a(HSYNC.o)
                0x00001aac                HSYNC_WritePeriod
 .text.HSYNC_WriteCompare
                0x00001ab8        0xc .\CortexM3\ARM_GCC_541\Debug\FinalEmulator.a(HSYNC.o)
                0x00001ab8                HSYNC_WriteCompare
 .text.HSYNC_Init
                0x00001ac4       0x34 .\CortexM3\ARM_GCC_541\Debug\FinalEmulator.a(HSYNC.o)
                0x00001ac4                HSYNC_Init
 .text.HSYNC_Start
                0x00001af8       0x1c .\CortexM3\ARM_GCC_541\Debug\FinalEmulator.a(HSYNC.o)
                0x00001af8                HSYNC_Start
 .text.DMA_DmaInitialize
                0x00001b14       0x3c .\CortexM3\ARM_GCC_541\Debug\FinalEmulator.a(DMA_dma.o)
                0x00001b14                DMA_DmaInitialize
 .text.NEWLINE_SetVector
                0x00001b50        0xc .\CortexM3\ARM_GCC_541\Debug\FinalEmulator.a(NEWLINE.o)
                0x00001b50                NEWLINE_SetVector
 .text.NEWLINE_SetPriority
                0x00001b5c       0x10 .\CortexM3\ARM_GCC_541\Debug\FinalEmulator.a(NEWLINE.o)
                0x00001b5c                NEWLINE_SetPriority
 .text.NEWLINE_Enable
                0x00001b6c        0xc .\CortexM3\ARM_GCC_541\Debug\FinalEmulator.a(NEWLINE.o)
                0x00001b6c                NEWLINE_Enable
 .text.NEWLINE_Disable
                0x00001b78        0xc .\CortexM3\ARM_GCC_541\Debug\FinalEmulator.a(NEWLINE.o)
                0x00001b78                NEWLINE_Disable
 .text.NEWLINE_StartEx
                0x00001b84       0x1c .\CortexM3\ARM_GCC_541\Debug\FinalEmulator.a(NEWLINE.o)
                0x00001b84                NEWLINE_StartEx
 .text.Row_1_Read
                0x00001ba0        0xc .\CortexM3\ARM_GCC_541\Debug\FinalEmulator.a(Row_1.o)
                0x00001ba0                Row_1_Read
 .text.Row_2_Read
                0x00001bac       0x10 .\CortexM3\ARM_GCC_541\Debug\FinalEmulator.a(Row_2.o)
                0x00001bac                Row_2_Read
 .text.Row_4_Read
                0x00001bbc       0x10 .\CortexM3\ARM_GCC_541\Debug\FinalEmulator.a(Row_4.o)
                0x00001bbc                Row_4_Read
 .text.Row_3_Read
                0x00001bcc       0x10 .\CortexM3\ARM_GCC_541\Debug\FinalEmulator.a(Row_3.o)
                0x00001bcc                Row_3_Read
 .text.Col_1_Write
                0x00001bdc       0x18 .\CortexM3\ARM_GCC_541\Debug\FinalEmulator.a(Col_1.o)
                0x00001bdc                Col_1_Write
 .text.Col_2_Write
                0x00001bf4       0x18 .\CortexM3\ARM_GCC_541\Debug\FinalEmulator.a(Col_2.o)
                0x00001bf4                Col_2_Write
 .text.Col_3_Write
                0x00001c0c       0x18 .\CortexM3\ARM_GCC_541\Debug\FinalEmulator.a(Col_3.o)
                0x00001c0c                Col_3_Write
 .text.Col_4_Write
                0x00001c24       0x18 .\CortexM3\ARM_GCC_541\Debug\FinalEmulator.a(Col_4.o)
                0x00001c24                Col_4_Write
 *fill*         0x00001c3c        0x4 
 .text          0x00001c40       0x20 .\CortexM3\ARM_GCC_541\Debug\FinalEmulator.a(CyBootAsmGnu.o)
                0x00001c40                CyDelayCycles
                0x00001c50                CyEnterCriticalSection
                0x00001c58                CyExitCriticalSection
 .text.__errno  0x00001c60        0xc c:/program files (x86)/cypress/psoc creator/4.2/psoc creator/import/gnu/arm/5.4.1/bin/../lib/gcc/arm-none-eabi/5.4.1/../../../../arm-none-eabi/lib/armv7-m\libg_nano.a(lib_a-errno.o)
                0x00001c60                __errno
 .text.__libc_init_array
                0x00001c6c       0x4c c:/program files (x86)/cypress/psoc creator/4.2/psoc creator/import/gnu/arm/5.4.1/bin/../lib/gcc/arm-none-eabi/5.4.1/../../../../arm-none-eabi/lib/armv7-m\libg_nano.a(lib_a-init.o)
                0x00001c6c                __libc_init_array
 .text.memcpy   0x00001cb8       0x16 c:/program files (x86)/cypress/psoc creator/4.2/psoc creator/import/gnu/arm/5.4.1/bin/../lib/gcc/arm-none-eabi/5.4.1/../../../../arm-none-eabi/lib/armv7-m\libg_nano.a(lib_a-memcpy-stub.o)
                0x00001cb8                memcpy
 .text.memset   0x00001cce       0x10 c:/program files (x86)/cypress/psoc creator/4.2/psoc creator/import/gnu/arm/5.4.1/bin/../lib/gcc/arm-none-eabi/5.4.1/../../../../arm-none-eabi/lib/armv7-m\libg_nano.a(lib_a-memset.o)
                0x00001cce                memset
 *(.plt)
 *(.gnu.warning)
 *(.glue_7t)
 .glue_7t       0x00001cde        0x0 linker stubs
 *(.glue_7)
 .glue_7        0x00001cde        0x0 linker stubs
 *(.vfp11_veneer)
 .vfp11_veneer  0x00001cde        0x0 linker stubs
 *(.bootloader)
 *(.ARM.extab* .gnu.linkonce.armextab.*)
 *(.gcc_except_table)

.v4_bx          0x00001ce0        0x0
 .v4_bx         0x00001ce0        0x0 linker stubs

.iplt           0x00001ce0        0x0
 .iplt          0x00001ce0        0x0 c:/program files (x86)/cypress/psoc creator/4.2/psoc creator/import/gnu/arm/5.4.1/bin/../lib/gcc/arm-none-eabi/5.4.1/armv7-m/crtbegin.o

.eh_frame_hdr
 *(.eh_frame_hdr)

.eh_frame       0x00001ce0        0x4
 *(.eh_frame)
 .eh_frame      0x00001ce0        0x0 c:/program files (x86)/cypress/psoc creator/4.2/psoc creator/import/gnu/arm/5.4.1/bin/../lib/gcc/arm-none-eabi/5.4.1/armv7-m/crtbegin.o
 .eh_frame      0x00001ce0        0x4 c:/program files (x86)/cypress/psoc creator/4.2/psoc creator/import/gnu/arm/5.4.1/bin/../lib/gcc/arm-none-eabi/5.4.1/armv7-m/crtend.o
                [!provide]                PROVIDE (__exidx_start, .)

.ARM.exidx
 *(.ARM.exidx* .gnu.linkonce.armexidx.*)
                0x00001ce4                __exidx_end = .

.rodata         0x00001ce4       0x6c
 *(.rodata .rodata.* .gnu.linkonce.r.*)
 .rodata        0x00001ce4       0x36 .\CortexM3\ARM_GCC_541\Debug\cyfitter_cfg.o
 .rodata.str1.1
                0x00001d1a        0x2 c:/program files (x86)/cypress/psoc creator/4.2/psoc creator/import/gnu/arm/5.4.1/bin/../lib/gcc/arm-none-eabi/5.4.1/../../../../arm-none-eabi/lib/armv7-m\libg_nano.a(lib_a-impure.o)
                0x00001d1c                . = ALIGN (0x4)
 *(.init)
 .init          0x00001d1c        0x4 c:/program files (x86)/cypress/psoc creator/4.2/psoc creator/import/gnu/arm/5.4.1/bin/../lib/gcc/arm-none-eabi/5.4.1/armv7-m/crti.o
                0x00001d1c                _init
 .init          0x00001d20        0x8 c:/program files (x86)/cypress/psoc creator/4.2/psoc creator/import/gnu/arm/5.4.1/bin/../lib/gcc/arm-none-eabi/5.4.1/armv7-m/crtn.o
                0x00001d28                . = ALIGN (0x4)
                0x00001d28                __preinit_array_start = .
 *(.preinit_array)
                0x00001d28                __preinit_array_end = .
                0x00001d28                . = ALIGN (0x4)
                0x00001d28                __init_array_start = .
 *(SORT(.init_array.*))
 *(.init_array)
 .init_array    0x00001d28        0x4 c:/program files (x86)/cypress/psoc creator/4.2/psoc creator/import/gnu/arm/5.4.1/bin/../lib/gcc/arm-none-eabi/5.4.1/armv7-m/crtbegin.o
 .init_array    0x00001d2c        0x4 .\CortexM3\ARM_GCC_541\Debug\Cm3Start.o
                0x00001d30                __init_array_end = .
                0x00001d30                . = ALIGN (0x4)
 *(.fini)
 .fini          0x00001d30        0x4 c:/program files (x86)/cypress/psoc creator/4.2/psoc creator/import/gnu/arm/5.4.1/bin/../lib/gcc/arm-none-eabi/5.4.1/armv7-m/crti.o
                0x00001d30                _fini
 .fini          0x00001d34        0x8 c:/program files (x86)/cypress/psoc creator/4.2/psoc creator/import/gnu/arm/5.4.1/bin/../lib/gcc/arm-none-eabi/5.4.1/armv7-m/crtn.o
                0x00001d3c                . = ALIGN (0x4)
                0x00001d3c                __fini_array_start = .
 *(.fini_array)
 .fini_array    0x00001d3c        0x4 c:/program files (x86)/cypress/psoc creator/4.2/psoc creator/import/gnu/arm/5.4.1/bin/../lib/gcc/arm-none-eabi/5.4.1/armv7-m/crtbegin.o
 *(SORT(.fini_array.*))
                0x00001d40                __fini_array_end = .
                0x00001d40                . = ALIGN (0x4)
 *crtbegin.o(.ctors)
 *(EXCLUDE_FILE(*crtend.o) .ctors)
 *(SORT(.ctors.*))
 *crtend.o(.ctors)
                0x00001d40                . = ALIGN (0x4)
 *crtbegin.o(.dtors)
 *(EXCLUDE_FILE(*crtend.o) .dtors)
 *(SORT(.dtors.*))
 *crtend.o(.dtors)
                0x00001d40                . = ALIGN (0x4)
                0x00001d40                __cy_regions = .
                0x00001d40        0x4 LONG 0x1d50 __cy_region_init_ram
                0x00001d44        0x4 LONG 0x1fff80c8 __cy_region_start_data
                0x00001d48        0x4 LONG 0xc8 __cy_region_init_size_ram
                0x00001d4c        0x4 LONG 0x130 __cy_region_zero_size_ram
                0x00001d50                __cy_regions_end = .
                0x00001d50                . = ALIGN (0x8)
                0x00001d50                _etext = .

.ramvectors     0x1fff8000       0xc0
                0x1fff8000                __cy_region_start_ram = .
 *(.ramvectors)
 .ramvectors    0x1fff8000       0xc0 .\CortexM3\ARM_GCC_541\Debug\Cm3Start.o
                0x1fff8000                CyRamVectors

.noinit         0x1fff80c0        0x1
 *(.noinit)
 .noinit        0x1fff80c0        0x1 .\CortexM3\ARM_GCC_541\Debug\FinalEmulator.a(CyLib.o)
                0x1fff80c0                CyResetStatus

.data           0x1fff80c8       0xc8 load address 0x00001d50
                0x1fff80c8                __cy_region_start_data = .
 *(.jcr)
 .jcr           0x1fff80c8        0x0 c:/program files (x86)/cypress/psoc creator/4.2/psoc creator/import/gnu/arm/5.4.1/bin/../lib/gcc/arm-none-eabi/5.4.1/armv7-m/crtbegin.o
 .jcr           0x1fff80c8        0x4 c:/program files (x86)/cypress/psoc creator/4.2/psoc creator/import/gnu/arm/5.4.1/bin/../lib/gcc/arm-none-eabi/5.4.1/armv7-m/crtend.o
 *(.got.plt)
 *(.got)
 *(.shdata)
 *(.data .data.* .gnu.linkonce.d.*)
 .data          0x1fff80cc        0x1 .\CortexM3\ARM_GCC_541\Debug\main.o
                0x1fff80cc                vga_update_flag
 *fill*         0x1fff80cd        0x3 
 .data          0x1fff80d0       0x40 .\CortexM3\ARM_GCC_541\Debug\keybd.o
                0x1fff80d0                v2p
                0x1fff80e0                col_wr
                0x1fff80f0                row_rd
                0x1fff8100                p2v
 .data          0x1fff8110        0x8 .\CortexM3\ARM_GCC_541\Debug\FinalEmulator.a(CyDmac.o)
 .data          0x1fff8118       0x10 .\CortexM3\ARM_GCC_541\Debug\FinalEmulator.a(CyLib.o)
                0x1fff8118                cydelay_32k_ms
                0x1fff811c                cydelay_freq_khz
                0x1fff8120                cydelay_freq_mhz
                0x1fff8124                cydelay_freq_hz
 .data          0x1fff8128        0x1 .\CortexM3\ARM_GCC_541\Debug\FinalEmulator.a(DMA_dma.o)
                0x1fff8128                DMA_DmaHandle
 *fill*         0x1fff8129        0x3 
 .data.impure_data
                0x1fff812c       0x60 c:/program files (x86)/cypress/psoc creator/4.2/psoc creator/import/gnu/arm/5.4.1/bin/../lib/gcc/arm-none-eabi/5.4.1/../../../../arm-none-eabi/lib/armv7-m\libg_nano.a(lib_a-impure.o)
 .data._impure_ptr
                0x1fff818c        0x4 c:/program files (x86)/cypress/psoc creator/4.2/psoc creator/import/gnu/arm/5.4.1/bin/../lib/gcc/arm-none-eabi/5.4.1/../../../../arm-none-eabi/lib/armv7-m\libg_nano.a(lib_a-impure.o)
                0x1fff818c                _impure_ptr
                0x1fff8190                . = ALIGN (0x8)
 *(.ram)
                0x1fff8190                _edata = .

.igot.plt       0x1fff8190        0x0 load address 0x00001e18
 .igot.plt      0x1fff8190        0x0 c:/program files (x86)/cypress/psoc creator/4.2/psoc creator/import/gnu/arm/5.4.1/bin/../lib/gcc/arm-none-eabi/5.4.1/armv7-m/crtbegin.o

.bss            0x1fff8190      0x130 load address 0x00001e18
                0x1fff8190                PROVIDE (__bss_start__, .)
 *(.shbss)
 *(.bss .bss.* .gnu.linkonce.b.*)
 .bss           0x1fff8190       0x1c c:/program files (x86)/cypress/psoc creator/4.2/psoc creator/import/gnu/arm/5.4.1/bin/../lib/gcc/arm-none-eabi/5.4.1/armv7-m/crtbegin.o
 .bss           0x1fff81ac        0x2 .\CortexM3\ARM_GCC_541\Debug\main.o
                0x1fff81ac                tmr
                0x1fff81ad                snd
 .bss           0x1fff81ae        0x1 .\CortexM3\ARM_GCC_541\Debug\FinalEmulator.a(random.o)
                0x1fff81ae                random_initVar
 .bss           0x1fff81af        0x1 .\CortexM3\ARM_GCC_541\Debug\FinalEmulator.a(HORIZ.o)
                0x1fff81af                HORIZ_initVar
 .bss           0x1fff81b0        0x1 .\CortexM3\ARM_GCC_541\Debug\FinalEmulator.a(VERT.o)
                0x1fff81b0                VERT_initVar
 .bss           0x1fff81b1        0x1 .\CortexM3\ARM_GCC_541\Debug\FinalEmulator.a(VSYNC.o)
                0x1fff81b1                VSYNC_initVar
 .bss           0x1fff81b2        0x1 .\CortexM3\ARM_GCC_541\Debug\FinalEmulator.a(HSYNC.o)
                0x1fff81b2                HSYNC_initVar
 *(COMMON)
 *fill*         0x1fff81b3        0x5 
 COMMON         0x1fff81b8      0x108 .\CortexM3\ARM_GCC_541\Debug\main.o
                0x1fff81b8                dma_chan
                0x1fff81b9                dma_td
                0x1fff81c0                vram
                0x1fff82c0                . = ALIGN (0x8)
 *(.ram.b)
                0x1fff82c0                _end = .
                0x1fff82c0                __end = .
                0x1fff82c0                PROVIDE (end, .)
                0x1fff82c0                PROVIDE (__bss_end__, .)

.vram           0x20000000     0x3000 load address 0x00001e18
 *(.vram)
 .vram          0x20000000     0x3000 .\CortexM3\ARM_GCC_541\Debug\main.o
                0x20000000                vbuf
                0x00001d50                __cy_region_init_ram = LOADADDR (.data)
                0x000000c8                __cy_region_init_size_ram = (_edata - ADDR (.data))
                0x00000130                __cy_region_zero_size_ram = (_end - _edata)

.heap           0x1fff82c0        0x0
                0x1fff82c0                . = _end
                0x1fff82c0                __cy_heap_limit = .

.stack          0x1ffff000     0x1000
                0x1ffff000                __cy_stack_limit = .
                0x20000000                . = (. + 0x1000)
 *fill*         0x1ffff000     0x1000 
                0x00000001                ASSERT ((__cy_stack_limit >= __cy_heap_limit), region RAM overflowed with stack)

.cyloadermeta
 *(.cyloadermeta)

.cyloadablemeta
 *(.cyloadablemeta)

.cyconfigecc    0x80000000      0x2d8
 *(.cyconfigecc)
 .cyconfigecc   0x80000000      0x2d8 .\CortexM3\ARM_GCC_541\Debug\cymetadata.o
                0x80000000                cy_meta_configecc

.cycustnvl      0x90000000        0x4
 *(.cycustnvl)
 .cycustnvl     0x90000000        0x4 .\CortexM3\ARM_GCC_541\Debug\cymetadata.o
                0x90000000                cy_meta_custnvl

.cywolatch      0x90100000        0x4
 *(.cywolatch)
 .cywolatch     0x90100000        0x4 .\CortexM3\ARM_GCC_541\Debug\cymetadata.o
                0x90100000                cy_meta_wonvl

.cyeeprom       0x90200000        0x0
 *(.cyeeprom)
                0x00000001                ASSERT ((. <= ((0x90200000 + ee_offset) + ee_size)), .cyeeprom data will not fit in EEPROM)

.cyflashprotect
                0x90400000      0x100
 *(.cyflashprotect)
 .cyflashprotect
                0x90400000      0x100 .\CortexM3\ARM_GCC_541\Debug\cymetadata.o
                0x90400000                cy_meta_flashprotect

.cymeta         0x90500000        0xc
 *(.cymeta)
 .cymeta        0x90500000        0xc .\CortexM3\ARM_GCC_541\Debug\cymetadata.o
                0x90500000                cy_metadata

.rel.dyn        0x00004e18        0x0 load address 0x9050000c
 .rel.iplt      0x00004e18        0x0 c:/program files (x86)/cypress/psoc creator/4.2/psoc creator/import/gnu/arm/5.4.1/bin/../lib/gcc/arm-none-eabi/5.4.1/armv7-m/crtbegin.o

.stab
 *(.stab)

.stabstr
 *(.stabstr)

.debug
 *(.debug)

.line
 *(.line)

.debug_srcinfo
 *(.debug_srcinfo)

.debug_sfnames
 *(.debug_sfnames)

.debug_aranges  0x00000000      0xc70
 *(.debug_aranges)
 .debug_aranges
                0x00000000       0x30 .\CortexM3\ARM_GCC_541\Debug\main.o
 .debug_aranges
                0x00000030       0x20 .\CortexM3\ARM_GCC_541\Debug\procr.o
 .debug_aranges
                0x00000050       0x20 .\CortexM3\ARM_GCC_541\Debug\video.o
 .debug_aranges
                0x00000070       0x20 .\CortexM3\ARM_GCC_541\Debug\timer.o
 .debug_aranges
                0x00000090       0x28 .\CortexM3\ARM_GCC_541\Debug\keybd.o
 .debug_aranges
                0x000000b8       0x58 .\CortexM3\ARM_GCC_541\Debug\cyfitter_cfg.o
 .debug_aranges
                0x00000110       0x18 .\CortexM3\ARM_GCC_541\Debug\cymetadata.o
 .debug_aranges
                0x00000128       0x48 .\CortexM3\ARM_GCC_541\Debug\Cm3Start.o
 .debug_aranges
                0x00000170       0xd8 .\CortexM3\ARM_GCC_541\Debug\FinalEmulator.a(CyDmac.o)
 .debug_aranges
                0x00000248      0x2a0 .\CortexM3\ARM_GCC_541\Debug\FinalEmulator.a(CyLib.o)
 .debug_aranges
                0x000004e8       0x98 .\CortexM3\ARM_GCC_541\Debug\FinalEmulator.a(cyPm.o)
 .debug_aranges
                0x00000580       0x80 .\CortexM3\ARM_GCC_541\Debug\FinalEmulator.a(isr_timer.o)
 .debug_aranges
                0x00000600       0x38 .\CortexM3\ARM_GCC_541\Debug\FinalEmulator.a(pin_led.o)
 .debug_aranges
                0x00000638       0x60 .\CortexM3\ARM_GCC_541\Debug\FinalEmulator.a(random.o)
 .debug_aranges
                0x00000698       0x38 .\CortexM3\ARM_GCC_541\Debug\FinalEmulator.a(pin_snd.o)
 .debug_aranges
                0x000006d0       0x90 .\CortexM3\ARM_GCC_541\Debug\FinalEmulator.a(HORIZ.o)
 .debug_aranges
                0x00000760       0x80 .\CortexM3\ARM_GCC_541\Debug\FinalEmulator.a(VERT.o)
 .debug_aranges
                0x000007e0       0x80 .\CortexM3\ARM_GCC_541\Debug\FinalEmulator.a(VSYNC.o)
 .debug_aranges
                0x00000860       0x80 .\CortexM3\ARM_GCC_541\Debug\FinalEmulator.a(HSYNC.o)
 .debug_aranges
                0x000008e0       0x28 .\CortexM3\ARM_GCC_541\Debug\FinalEmulator.a(DMA_dma.o)
 .debug_aranges
                0x00000908       0x80 .\CortexM3\ARM_GCC_541\Debug\FinalEmulator.a(NEWLINE.o)
 .debug_aranges
                0x00000988       0x38 .\CortexM3\ARM_GCC_541\Debug\FinalEmulator.a(Row_1.o)
 .debug_aranges
                0x000009c0       0x38 .\CortexM3\ARM_GCC_541\Debug\FinalEmulator.a(Row_2.o)
 .debug_aranges
                0x000009f8       0x38 .\CortexM3\ARM_GCC_541\Debug\FinalEmulator.a(Row_4.o)
 .debug_aranges
                0x00000a30       0x38 .\CortexM3\ARM_GCC_541\Debug\FinalEmulator.a(Row_3.o)
 .debug_aranges
                0x00000a68       0x38 .\CortexM3\ARM_GCC_541\Debug\FinalEmulator.a(Col_1.o)
 .debug_aranges
                0x00000aa0       0x38 .\CortexM3\ARM_GCC_541\Debug\FinalEmulator.a(Col_2.o)
 .debug_aranges
                0x00000ad8       0x38 .\CortexM3\ARM_GCC_541\Debug\FinalEmulator.a(Col_3.o)
 .debug_aranges
                0x00000b10       0x38 .\CortexM3\ARM_GCC_541\Debug\FinalEmulator.a(Col_4.o)
 .debug_aranges
                0x00000b48       0x20 .\CortexM3\ARM_GCC_541\Debug\FinalEmulator.a(CyBootAsmGnu.o)
 .debug_aranges
                0x00000b68       0x88 .\CortexM3\ARM_GCC_541\Debug\FinalEmulator.a(CyFlash.o)
 .debug_aranges
                0x00000bf0       0x80 .\CortexM3\ARM_GCC_541\Debug\FinalEmulator.a(CySpc.o)

.debug_pubnames
 *(.debug_pubnames)

.debug_info     0x00000000     0x6bb0
 *(.debug_info .gnu.linkonce.wi.*)
 .debug_info    0x00000000      0x4b5 .\CortexM3\ARM_GCC_541\Debug\main.o
 .debug_info    0x000004b5      0x424 .\CortexM3\ARM_GCC_541\Debug\procr.o
 .debug_info    0x000008d9      0x293 .\CortexM3\ARM_GCC_541\Debug\video.o
 .debug_info    0x00000b6c      0x133 .\CortexM3\ARM_GCC_541\Debug\timer.o
 .debug_info    0x00000c9f      0x283 .\CortexM3\ARM_GCC_541\Debug\keybd.o
 .debug_info    0x00000f22      0x509 .\CortexM3\ARM_GCC_541\Debug\cyfitter_cfg.o
 .debug_info    0x0000142b      0x135 .\CortexM3\ARM_GCC_541\Debug\cymetadata.o
 .debug_info    0x00001560      0x3cf .\CortexM3\ARM_GCC_541\Debug\Cm3Start.o
 .debug_info    0x0000192f      0x94e .\CortexM3\ARM_GCC_541\Debug\FinalEmulator.a(CyDmac.o)
 .debug_info    0x0000227d     0x1374 .\CortexM3\ARM_GCC_541\Debug\FinalEmulator.a(CyLib.o)
 .debug_info    0x000035f1      0xa2a .\CortexM3\ARM_GCC_541\Debug\FinalEmulator.a(cyPm.o)
 .debug_info    0x0000401b      0x2d2 .\CortexM3\ARM_GCC_541\Debug\FinalEmulator.a(isr_timer.o)
 .debug_info    0x000042ed      0x11f .\CortexM3\ARM_GCC_541\Debug\FinalEmulator.a(pin_led.o)
 .debug_info    0x0000440c      0x271 .\CortexM3\ARM_GCC_541\Debug\FinalEmulator.a(random.o)
 .debug_info    0x0000467d      0x11f .\CortexM3\ARM_GCC_541\Debug\FinalEmulator.a(pin_snd.o)
 .debug_info    0x0000479c      0x2c7 .\CortexM3\ARM_GCC_541\Debug\FinalEmulator.a(HORIZ.o)
 .debug_info    0x00004a63      0x298 .\CortexM3\ARM_GCC_541\Debug\FinalEmulator.a(VERT.o)
 .debug_info    0x00004cfb      0x276 .\CortexM3\ARM_GCC_541\Debug\FinalEmulator.a(VSYNC.o)
 .debug_info    0x00004f71      0x276 .\CortexM3\ARM_GCC_541\Debug\FinalEmulator.a(HSYNC.o)
 .debug_info    0x000051e7      0x1aa .\CortexM3\ARM_GCC_541\Debug\FinalEmulator.a(DMA_dma.o)
 .debug_info    0x00005391      0x2d2 .\CortexM3\ARM_GCC_541\Debug\FinalEmulator.a(NEWLINE.o)
 .debug_info    0x00005663      0x11f .\CortexM3\ARM_GCC_541\Debug\FinalEmulator.a(Row_1.o)
 .debug_info    0x00005782      0x11f .\CortexM3\ARM_GCC_541\Debug\FinalEmulator.a(Row_2.o)
 .debug_info    0x000058a1      0x11f .\CortexM3\ARM_GCC_541\Debug\FinalEmulator.a(Row_4.o)
 .debug_info    0x000059c0      0x11f .\CortexM3\ARM_GCC_541\Debug\FinalEmulator.a(Row_3.o)
 .debug_info    0x00005adf      0x11f .\CortexM3\ARM_GCC_541\Debug\FinalEmulator.a(Col_1.o)
 .debug_info    0x00005bfe      0x11f .\CortexM3\ARM_GCC_541\Debug\FinalEmulator.a(Col_2.o)
 .debug_info    0x00005d1d      0x11f .\CortexM3\ARM_GCC_541\Debug\FinalEmulator.a(Col_3.o)
 .debug_info    0x00005e3c      0x11f .\CortexM3\ARM_GCC_541\Debug\FinalEmulator.a(Col_4.o)
 .debug_info    0x00005f5b       0xb8 .\CortexM3\ARM_GCC_541\Debug\FinalEmulator.a(CyBootAsmGnu.o)
 .debug_info    0x00006013      0x64d .\CortexM3\ARM_GCC_541\Debug\FinalEmulator.a(CyFlash.o)
 .debug_info    0x00006660      0x550 .\CortexM3\ARM_GCC_541\Debug\FinalEmulator.a(CySpc.o)

.debug_abbrev   0x00000000     0x224e
 *(.debug_abbrev)
 .debug_abbrev  0x00000000      0x12b .\CortexM3\ARM_GCC_541\Debug\main.o
 .debug_abbrev  0x0000012b      0x15e .\CortexM3\ARM_GCC_541\Debug\procr.o
 .debug_abbrev  0x00000289      0x11f .\CortexM3\ARM_GCC_541\Debug\video.o
 .debug_abbrev  0x000003a8       0xb6 .\CortexM3\ARM_GCC_541\Debug\timer.o
 .debug_abbrev  0x0000045e      0x15d .\CortexM3\ARM_GCC_541\Debug\keybd.o
 .debug_abbrev  0x000005bb      0x1fe .\CortexM3\ARM_GCC_541\Debug\cyfitter_cfg.o
 .debug_abbrev  0x000007b9       0x66 .\CortexM3\ARM_GCC_541\Debug\cymetadata.o
 .debug_abbrev  0x0000081f      0x1e8 .\CortexM3\ARM_GCC_541\Debug\Cm3Start.o
 .debug_abbrev  0x00000a07      0x1b2 .\CortexM3\ARM_GCC_541\Debug\FinalEmulator.a(CyDmac.o)
 .debug_abbrev  0x00000bb9      0x254 .\CortexM3\ARM_GCC_541\Debug\FinalEmulator.a(CyLib.o)
 .debug_abbrev  0x00000e0d      0x1ab .\CortexM3\ARM_GCC_541\Debug\FinalEmulator.a(cyPm.o)
 .debug_abbrev  0x00000fb8      0x173 .\CortexM3\ARM_GCC_541\Debug\FinalEmulator.a(isr_timer.o)
 .debug_abbrev  0x0000112b       0x90 .\CortexM3\ARM_GCC_541\Debug\FinalEmulator.a(pin_led.o)
 .debug_abbrev  0x000011bb      0x140 .\CortexM3\ARM_GCC_541\Debug\FinalEmulator.a(random.o)
 .debug_abbrev  0x000012fb       0x90 .\CortexM3\ARM_GCC_541\Debug\FinalEmulator.a(pin_snd.o)
 .debug_abbrev  0x0000138b      0x12d .\CortexM3\ARM_GCC_541\Debug\FinalEmulator.a(HORIZ.o)
 .debug_abbrev  0x000014b8      0x12d .\CortexM3\ARM_GCC_541\Debug\FinalEmulator.a(VERT.o)
 .debug_abbrev  0x000015e5      0x12d .\CortexM3\ARM_GCC_541\Debug\FinalEmulator.a(VSYNC.o)
 .debug_abbrev  0x00001712      0x12d .\CortexM3\ARM_GCC_541\Debug\FinalEmulator.a(HSYNC.o)
 .debug_abbrev  0x0000183f       0xcd .\CortexM3\ARM_GCC_541\Debug\FinalEmulator.a(DMA_dma.o)
 .debug_abbrev  0x0000190c      0x173 .\CortexM3\ARM_GCC_541\Debug\FinalEmulator.a(NEWLINE.o)
 .debug_abbrev  0x00001a7f       0x90 .\CortexM3\ARM_GCC_541\Debug\FinalEmulator.a(Row_1.o)
 .debug_abbrev  0x00001b0f       0x90 .\CortexM3\ARM_GCC_541\Debug\FinalEmulator.a(Row_2.o)
 .debug_abbrev  0x00001b9f       0x90 .\CortexM3\ARM_GCC_541\Debug\FinalEmulator.a(Row_4.o)
 .debug_abbrev  0x00001c2f       0x90 .\CortexM3\ARM_GCC_541\Debug\FinalEmulator.a(Row_3.o)
 .debug_abbrev  0x00001cbf       0x90 .\CortexM3\ARM_GCC_541\Debug\FinalEmulator.a(Col_1.o)
 .debug_abbrev  0x00001d4f       0x90 .\CortexM3\ARM_GCC_541\Debug\FinalEmulator.a(Col_2.o)
 .debug_abbrev  0x00001ddf       0x90 .\CortexM3\ARM_GCC_541\Debug\FinalEmulator.a(Col_3.o)
 .debug_abbrev  0x00001e6f       0x90 .\CortexM3\ARM_GCC_541\Debug\FinalEmulator.a(Col_4.o)
 .debug_abbrev  0x00001eff       0x14 .\CortexM3\ARM_GCC_541\Debug\FinalEmulator.a(CyBootAsmGnu.o)
 .debug_abbrev  0x00001f13      0x1a7 .\CortexM3\ARM_GCC_541\Debug\FinalEmulator.a(CyFlash.o)
 .debug_abbrev  0x000020ba      0x194 .\CortexM3\ARM_GCC_541\Debug\FinalEmulator.a(CySpc.o)

.debug_line     0x00000000     0x3235
 *(.debug_line)
 .debug_line    0x00000000      0x222 .\CortexM3\ARM_GCC_541\Debug\main.o
 .debug_line    0x00000222      0x3b5 .\CortexM3\ARM_GCC_541\Debug\procr.o
 .debug_line    0x000005d7      0x1bf .\CortexM3\ARM_GCC_541\Debug\video.o
 .debug_line    0x00000796      0x189 .\CortexM3\ARM_GCC_541\Debug\timer.o
 .debug_line    0x0000091f      0x19a .\CortexM3\ARM_GCC_541\Debug\keybd.o
 .debug_line    0x00000ab9      0x1f6 .\CortexM3\ARM_GCC_541\Debug\cyfitter_cfg.o
 .debug_line    0x00000caf      0x141 .\CortexM3\ARM_GCC_541\Debug\cymetadata.o
 .debug_line    0x00000df0      0x241 .\CortexM3\ARM_GCC_541\Debug\Cm3Start.o
 .debug_line    0x00001031      0x2e4 .\CortexM3\ARM_GCC_541\Debug\FinalEmulator.a(CyDmac.o)
 .debug_line    0x00001315      0x816 .\CortexM3\ARM_GCC_541\Debug\FinalEmulator.a(CyLib.o)
 .debug_line    0x00001b2b      0x367 .\CortexM3\ARM_GCC_541\Debug\FinalEmulator.a(cyPm.o)
 .debug_line    0x00001e92      0x136 .\CortexM3\ARM_GCC_541\Debug\FinalEmulator.a(isr_timer.o)
 .debug_line    0x00001fc8       0x94 .\CortexM3\ARM_GCC_541\Debug\FinalEmulator.a(pin_led.o)
 .debug_line    0x0000205c      0x113 .\CortexM3\ARM_GCC_541\Debug\FinalEmulator.a(random.o)
 .debug_line    0x0000216f       0x94 .\CortexM3\ARM_GCC_541\Debug\FinalEmulator.a(pin_snd.o)
 .debug_line    0x00002203      0x15e .\CortexM3\ARM_GCC_541\Debug\FinalEmulator.a(HORIZ.o)
 .debug_line    0x00002361      0x13c .\CortexM3\ARM_GCC_541\Debug\FinalEmulator.a(VERT.o)
 .debug_line    0x0000249d      0x13a .\CortexM3\ARM_GCC_541\Debug\FinalEmulator.a(VSYNC.o)
 .debug_line    0x000025d7      0x13a .\CortexM3\ARM_GCC_541\Debug\FinalEmulator.a(HSYNC.o)
 .debug_line    0x00002711       0x80 .\CortexM3\ARM_GCC_541\Debug\FinalEmulator.a(DMA_dma.o)
 .debug_line    0x00002791      0x134 .\CortexM3\ARM_GCC_541\Debug\FinalEmulator.a(NEWLINE.o)
 .debug_line    0x000028c5       0x92 .\CortexM3\ARM_GCC_541\Debug\FinalEmulator.a(Row_1.o)
 .debug_line    0x00002957       0x92 .\CortexM3\ARM_GCC_541\Debug\FinalEmulator.a(Row_2.o)
 .debug_line    0x000029e9       0x92 .\CortexM3\ARM_GCC_541\Debug\FinalEmulator.a(Row_4.o)
 .debug_line    0x00002a7b       0x92 .\CortexM3\ARM_GCC_541\Debug\FinalEmulator.a(Row_3.o)
 .debug_line    0x00002b0d       0x92 .\CortexM3\ARM_GCC_541\Debug\FinalEmulator.a(Col_1.o)
 .debug_line    0x00002b9f       0x92 .\CortexM3\ARM_GCC_541\Debug\FinalEmulator.a(Col_2.o)
 .debug_line    0x00002c31       0x92 .\CortexM3\ARM_GCC_541\Debug\FinalEmulator.a(Col_3.o)
 .debug_line    0x00002cc3       0x92 .\CortexM3\ARM_GCC_541\Debug\FinalEmulator.a(Col_4.o)
 .debug_line    0x00002d55       0x66 .\CortexM3\ARM_GCC_541\Debug\FinalEmulator.a(CyBootAsmGnu.o)
 .debug_line    0x00002dbb      0x21a .\CortexM3\ARM_GCC_541\Debug\FinalEmulator.a(CyFlash.o)
 .debug_line    0x00002fd5      0x260 .\CortexM3\ARM_GCC_541\Debug\FinalEmulator.a(CySpc.o)

.debug_frame    0x00000000     0x1c60
 *(.debug_frame)
 .debug_frame   0x00000000       0x84 .\CortexM3\ARM_GCC_541\Debug\main.o
 .debug_frame   0x00000084       0x48 .\CortexM3\ARM_GCC_541\Debug\procr.o
 .debug_frame   0x000000cc       0x44 .\CortexM3\ARM_GCC_541\Debug\video.o
 .debug_frame   0x00000110       0x2c .\CortexM3\ARM_GCC_541\Debug\timer.o
 .debug_frame   0x0000013c       0x50 .\CortexM3\ARM_GCC_541\Debug\keybd.o
 .debug_frame   0x0000018c       0xe4 .\CortexM3\ARM_GCC_541\Debug\cyfitter_cfg.o
 .debug_frame   0x00000270       0xb8 .\CortexM3\ARM_GCC_541\Debug\Cm3Start.o
 .debug_frame   0x00000328      0x1f8 .\CortexM3\ARM_GCC_541\Debug\FinalEmulator.a(CyDmac.o)
 .debug_frame   0x00000520      0x738 .\CortexM3\ARM_GCC_541\Debug\FinalEmulator.a(CyLib.o)
 .debug_frame   0x00000c58      0x1f8 .\CortexM3\ARM_GCC_541\Debug\FinalEmulator.a(cyPm.o)
 .debug_frame   0x00000e50      0x104 .\CortexM3\ARM_GCC_541\Debug\FinalEmulator.a(isr_timer.o)
 .debug_frame   0x00000f54       0x50 .\CortexM3\ARM_GCC_541\Debug\FinalEmulator.a(pin_led.o)
 .debug_frame   0x00000fa4       0xc4 .\CortexM3\ARM_GCC_541\Debug\FinalEmulator.a(random.o)
 .debug_frame   0x00001068       0x50 .\CortexM3\ARM_GCC_541\Debug\FinalEmulator.a(pin_snd.o)
 .debug_frame   0x000010b8      0x118 .\CortexM3\ARM_GCC_541\Debug\FinalEmulator.a(HORIZ.o)
 .debug_frame   0x000011d0       0xf8 .\CortexM3\ARM_GCC_541\Debug\FinalEmulator.a(VERT.o)
 .debug_frame   0x000012c8       0xf8 .\CortexM3\ARM_GCC_541\Debug\FinalEmulator.a(VSYNC.o)
 .debug_frame   0x000013c0       0xf8 .\CortexM3\ARM_GCC_541\Debug\FinalEmulator.a(HSYNC.o)
 .debug_frame   0x000014b8       0x54 .\CortexM3\ARM_GCC_541\Debug\FinalEmulator.a(DMA_dma.o)
 .debug_frame   0x0000150c      0x104 .\CortexM3\ARM_GCC_541\Debug\FinalEmulator.a(NEWLINE.o)
 .debug_frame   0x00001610       0x50 .\CortexM3\ARM_GCC_541\Debug\FinalEmulator.a(Row_1.o)
 .debug_frame   0x00001660       0x50 .\CortexM3\ARM_GCC_541\Debug\FinalEmulator.a(Row_2.o)
 .debug_frame   0x000016b0       0x50 .\CortexM3\ARM_GCC_541\Debug\FinalEmulator.a(Row_4.o)
 .debug_frame   0x00001700       0x50 .\CortexM3\ARM_GCC_541\Debug\FinalEmulator.a(Row_3.o)
 .debug_frame   0x00001750       0x50 .\CortexM3\ARM_GCC_541\Debug\FinalEmulator.a(Col_1.o)
 .debug_frame   0x000017a0       0x50 .\CortexM3\ARM_GCC_541\Debug\FinalEmulator.a(Col_2.o)
 .debug_frame   0x000017f0       0x50 .\CortexM3\ARM_GCC_541\Debug\FinalEmulator.a(Col_3.o)
 .debug_frame   0x00001840       0x50 .\CortexM3\ARM_GCC_541\Debug\FinalEmulator.a(Col_4.o)
 .debug_frame   0x00001890      0x194 .\CortexM3\ARM_GCC_541\Debug\FinalEmulator.a(CyFlash.o)
 .debug_frame   0x00001a24      0x180 .\CortexM3\ARM_GCC_541\Debug\FinalEmulator.a(CySpc.o)
 .debug_frame   0x00001ba4       0x20 c:/program files (x86)/cypress/psoc creator/4.2/psoc creator/import/gnu/arm/5.4.1/bin/../lib/gcc/arm-none-eabi/5.4.1/../../../../arm-none-eabi/lib/armv7-m\libg_nano.a(lib_a-errno.o)
 .debug_frame   0x00001bc4       0x28 c:/program files (x86)/cypress/psoc creator/4.2/psoc creator/import/gnu/arm/5.4.1/bin/../lib/gcc/arm-none-eabi/5.4.1/../../../../arm-none-eabi/lib/armv7-m\libg_nano.a(lib_a-exit.o)
 .debug_frame   0x00001bec       0x2c c:/program files (x86)/cypress/psoc creator/4.2/psoc creator/import/gnu/arm/5.4.1/bin/../lib/gcc/arm-none-eabi/5.4.1/../../../../arm-none-eabi/lib/armv7-m\libg_nano.a(lib_a-init.o)
 .debug_frame   0x00001c18       0x28 c:/program files (x86)/cypress/psoc creator/4.2/psoc creator/import/gnu/arm/5.4.1/bin/../lib/gcc/arm-none-eabi/5.4.1/../../../../arm-none-eabi/lib/armv7-m\libg_nano.a(lib_a-memcpy-stub.o)
 .debug_frame   0x00001c40       0x20 c:/program files (x86)/cypress/psoc creator/4.2/psoc creator/import/gnu/arm/5.4.1/bin/../lib/gcc/arm-none-eabi/5.4.1/../../../../arm-none-eabi/lib/armv7-m\libg_nano.a(lib_a-memset.o)

.debug_str      0x00000000     0x2321
 *(.debug_str)
 .debug_str     0x00000000      0x303 .\CortexM3\ARM_GCC_541\Debug\main.o
                                0x37c (size before relaxing)
 .debug_str     0x00000303       0x69 .\CortexM3\ARM_GCC_541\Debug\procr.o
                                0x27e (size before relaxing)
 .debug_str     0x0000036c       0x5e .\CortexM3\ARM_GCC_541\Debug\video.o
                                0x2a2 (size before relaxing)
 .debug_str     0x000003ca        0xe .\CortexM3\ARM_GCC_541\Debug\timer.o
                                0x1fa (size before relaxing)
 .debug_str     0x000003d8       0x23 .\CortexM3\ARM_GCC_541\Debug\keybd.o
                                0x214 (size before relaxing)
 .debug_str     0x000003fb      0x16b .\CortexM3\ARM_GCC_541\Debug\cyfitter_cfg.o
                                0x341 (size before relaxing)
 .debug_str     0x00000566       0x75 .\CortexM3\ARM_GCC_541\Debug\cymetadata.o
                                0x20c (size before relaxing)
 .debug_str     0x000005db      0x154 .\CortexM3\ARM_GCC_541\Debug\Cm3Start.o
                                0x342 (size before relaxing)
 .debug_str     0x0000072f      0x30a .\CortexM3\ARM_GCC_541\Debug\FinalEmulator.a(CyDmac.o)
                                0x572 (size before relaxing)
 .debug_str     0x00000a39      0x7f1 .\CortexM3\ARM_GCC_541\Debug\FinalEmulator.a(CyLib.o)
                                0xa6f (size before relaxing)
 .debug_str     0x0000122a      0x365 .\CortexM3\ARM_GCC_541\Debug\FinalEmulator.a(cyPm.o)
                                0x75b (size before relaxing)
 .debug_str     0x0000158f      0x10c .\CortexM3\ARM_GCC_541\Debug\FinalEmulator.a(isr_timer.o)
                                0x306 (size before relaxing)
 .debug_str     0x0000169b       0x62 .\CortexM3\ARM_GCC_541\Debug\FinalEmulator.a(pin_led.o)
                                0x214 (size before relaxing)
 .debug_str     0x000016fd       0xde .\CortexM3\ARM_GCC_541\Debug\FinalEmulator.a(random.o)
                                0x2ec (size before relaxing)
 .debug_str     0x000017db       0x57 .\CortexM3\ARM_GCC_541\Debug\FinalEmulator.a(pin_snd.o)
                                0x214 (size before relaxing)
 .debug_str     0x00001832      0x158 .\CortexM3\ARM_GCC_541\Debug\FinalEmulator.a(HORIZ.o)
                                0x312 (size before relaxing)
 .debug_str     0x0000198a       0xe5 .\CortexM3\ARM_GCC_541\Debug\FinalEmulator.a(VERT.o)
                                0x2e7 (size before relaxing)
 .debug_str     0x00001a6f      0x104 .\CortexM3\ARM_GCC_541\Debug\FinalEmulator.a(VSYNC.o)
                                0x2e9 (size before relaxing)
 .debug_str     0x00001b73      0x104 .\CortexM3\ARM_GCC_541\Debug\FinalEmulator.a(HSYNC.o)
                                0x2e9 (size before relaxing)
 .debug_str     0x00001c77       0x79 .\CortexM3\ARM_GCC_541\Debug\FinalEmulator.a(DMA_dma.o)
                                0x28c (size before relaxing)
 .debug_str     0x00001cf0       0xf2 .\CortexM3\ARM_GCC_541\Debug\FinalEmulator.a(NEWLINE.o)
                                0x2ea (size before relaxing)
 .debug_str     0x00001de2       0x5b .\CortexM3\ARM_GCC_541\Debug\FinalEmulator.a(Row_1.o)
                                0x20a (size before relaxing)
 .debug_str     0x00001e3d       0x5b .\CortexM3\ARM_GCC_541\Debug\FinalEmulator.a(Row_2.o)
                                0x20a (size before relaxing)
 .debug_str     0x00001e98       0x5b .\CortexM3\ARM_GCC_541\Debug\FinalEmulator.a(Row_4.o)
                                0x20a (size before relaxing)
 .debug_str     0x00001ef3       0x5b .\CortexM3\ARM_GCC_541\Debug\FinalEmulator.a(Row_3.o)
                                0x20a (size before relaxing)
 .debug_str     0x00001f4e       0x5b .\CortexM3\ARM_GCC_541\Debug\FinalEmulator.a(Col_1.o)
                                0x20a (size before relaxing)
 .debug_str     0x00001fa9       0x5b .\CortexM3\ARM_GCC_541\Debug\FinalEmulator.a(Col_2.o)
                                0x20a (size before relaxing)
 .debug_str     0x00002004       0x5b .\CortexM3\ARM_GCC_541\Debug\FinalEmulator.a(Col_3.o)
                                0x20a (size before relaxing)
 .debug_str     0x0000205f       0x5b .\CortexM3\ARM_GCC_541\Debug\FinalEmulator.a(Col_4.o)
                                0x20a (size before relaxing)
 .debug_str     0x000020ba      0x1bb .\CortexM3\ARM_GCC_541\Debug\FinalEmulator.a(CyFlash.o)
                                0x3e8 (size before relaxing)
 .debug_str     0x00002275       0xac .\CortexM3\ARM_GCC_541\Debug\FinalEmulator.a(CySpc.o)
                                0x360 (size before relaxing)

.debug_loc      0x00000000     0x54cd
 *(.debug_loc)
 .debug_loc     0x00000000     0x2801 .\CortexM3\ARM_GCC_541\Debug\procr.o
 .debug_loc     0x00002801      0x15a .\CortexM3\ARM_GCC_541\Debug\video.o
 .debug_loc     0x0000295b       0x74 .\CortexM3\ARM_GCC_541\Debug\timer.o
 .debug_loc     0x000029cf      0x12e .\CortexM3\ARM_GCC_541\Debug\keybd.o
 .debug_loc     0x00002afd      0x205 .\CortexM3\ARM_GCC_541\Debug\cyfitter_cfg.o
 .debug_loc     0x00002d02      0x144 .\CortexM3\ARM_GCC_541\Debug\Cm3Start.o
 .debug_loc     0x00002e46      0xb8e .\CortexM3\ARM_GCC_541\Debug\FinalEmulator.a(CyDmac.o)
 .debug_loc     0x000039d4      0xa11 .\CortexM3\ARM_GCC_541\Debug\FinalEmulator.a(CyLib.o)
 .debug_loc     0x000043e5      0x1e4 .\CortexM3\ARM_GCC_541\Debug\FinalEmulator.a(cyPm.o)
 .debug_loc     0x000045c9       0x56 .\CortexM3\ARM_GCC_541\Debug\FinalEmulator.a(isr_timer.o)
 .debug_loc     0x0000461f       0x42 .\CortexM3\ARM_GCC_541\Debug\FinalEmulator.a(pin_led.o)
 .debug_loc     0x00004661       0x3d .\CortexM3\ARM_GCC_541\Debug\FinalEmulator.a(random.o)
 .debug_loc     0x0000469e       0x42 .\CortexM3\ARM_GCC_541\Debug\FinalEmulator.a(pin_snd.o)
 .debug_loc     0x000046e0       0x13 .\CortexM3\ARM_GCC_541\Debug\FinalEmulator.a(HORIZ.o)
 .debug_loc     0x000046f3       0x13 .\CortexM3\ARM_GCC_541\Debug\FinalEmulator.a(VERT.o)
 .debug_loc     0x00004706       0x13 .\CortexM3\ARM_GCC_541\Debug\FinalEmulator.a(VSYNC.o)
 .debug_loc     0x00004719       0x13 .\CortexM3\ARM_GCC_541\Debug\FinalEmulator.a(HSYNC.o)
 .debug_loc     0x0000472c       0x84 .\CortexM3\ARM_GCC_541\Debug\FinalEmulator.a(DMA_dma.o)
 .debug_loc     0x000047b0       0x56 .\CortexM3\ARM_GCC_541\Debug\FinalEmulator.a(NEWLINE.o)
 .debug_loc     0x00004806       0x42 .\CortexM3\ARM_GCC_541\Debug\FinalEmulator.a(Row_1.o)
 .debug_loc     0x00004848       0x42 .\CortexM3\ARM_GCC_541\Debug\FinalEmulator.a(Row_2.o)
 .debug_loc     0x0000488a       0x42 .\CortexM3\ARM_GCC_541\Debug\FinalEmulator.a(Row_4.o)
 .debug_loc     0x000048cc       0x42 .\CortexM3\ARM_GCC_541\Debug\FinalEmulator.a(Row_3.o)
 .debug_loc     0x0000490e       0x42 .\CortexM3\ARM_GCC_541\Debug\FinalEmulator.a(Col_1.o)
 .debug_loc     0x00004950       0x42 .\CortexM3\ARM_GCC_541\Debug\FinalEmulator.a(Col_2.o)
 .debug_loc     0x00004992       0x42 .\CortexM3\ARM_GCC_541\Debug\FinalEmulator.a(Col_3.o)
 .debug_loc     0x000049d4       0x42 .\CortexM3\ARM_GCC_541\Debug\FinalEmulator.a(Col_4.o)
 .debug_loc     0x00004a16      0x3b2 .\CortexM3\ARM_GCC_541\Debug\FinalEmulator.a(CyFlash.o)
 .debug_loc     0x00004dc8      0x705 .\CortexM3\ARM_GCC_541\Debug\FinalEmulator.a(CySpc.o)

.debug_macinfo
 *(.debug_macinfo)

.debug_ranges   0x00000000      0xb70
 *(.debug_ranges)
 .debug_ranges  0x00000000       0x20 .\CortexM3\ARM_GCC_541\Debug\main.o
 .debug_ranges  0x00000020       0xc8 .\CortexM3\ARM_GCC_541\Debug\procr.o
 .debug_ranges  0x000000e8       0x58 .\CortexM3\ARM_GCC_541\Debug\video.o
 .debug_ranges  0x00000140       0x10 .\CortexM3\ARM_GCC_541\Debug\timer.o
 .debug_ranges  0x00000150       0x30 .\CortexM3\ARM_GCC_541\Debug\keybd.o
 .debug_ranges  0x00000180       0x48 .\CortexM3\ARM_GCC_541\Debug\cyfitter_cfg.o
 .debug_ranges  0x000001c8       0x38 .\CortexM3\ARM_GCC_541\Debug\Cm3Start.o
 .debug_ranges  0x00000200       0xc8 .\CortexM3\ARM_GCC_541\Debug\FinalEmulator.a(CyDmac.o)
 .debug_ranges  0x000002c8      0x290 .\CortexM3\ARM_GCC_541\Debug\FinalEmulator.a(CyLib.o)
 .debug_ranges  0x00000558       0x88 .\CortexM3\ARM_GCC_541\Debug\FinalEmulator.a(cyPm.o)
 .debug_ranges  0x000005e0       0x70 .\CortexM3\ARM_GCC_541\Debug\FinalEmulator.a(isr_timer.o)
 .debug_ranges  0x00000650       0x28 .\CortexM3\ARM_GCC_541\Debug\FinalEmulator.a(pin_led.o)
 .debug_ranges  0x00000678       0x50 .\CortexM3\ARM_GCC_541\Debug\FinalEmulator.a(random.o)
 .debug_ranges  0x000006c8       0x28 .\CortexM3\ARM_GCC_541\Debug\FinalEmulator.a(pin_snd.o)
 .debug_ranges  0x000006f0       0x80 .\CortexM3\ARM_GCC_541\Debug\FinalEmulator.a(HORIZ.o)
 .debug_ranges  0x00000770       0x70 .\CortexM3\ARM_GCC_541\Debug\FinalEmulator.a(VERT.o)
 .debug_ranges  0x000007e0       0x70 .\CortexM3\ARM_GCC_541\Debug\FinalEmulator.a(VSYNC.o)
 .debug_ranges  0x00000850       0x70 .\CortexM3\ARM_GCC_541\Debug\FinalEmulator.a(HSYNC.o)
 .debug_ranges  0x000008c0       0x18 .\CortexM3\ARM_GCC_541\Debug\FinalEmulator.a(DMA_dma.o)
 .debug_ranges  0x000008d8       0x70 .\CortexM3\ARM_GCC_541\Debug\FinalEmulator.a(NEWLINE.o)
 .debug_ranges  0x00000948       0x28 .\CortexM3\ARM_GCC_541\Debug\FinalEmulator.a(Row_1.o)
 .debug_ranges  0x00000970       0x28 .\CortexM3\ARM_GCC_541\Debug\FinalEmulator.a(Row_2.o)
 .debug_ranges  0x00000998       0x28 .\CortexM3\ARM_GCC_541\Debug\FinalEmulator.a(Row_4.o)
 .debug_ranges  0x000009c0       0x28 .\CortexM3\ARM_GCC_541\Debug\FinalEmulator.a(Row_3.o)
 .debug_ranges  0x000009e8       0x28 .\CortexM3\ARM_GCC_541\Debug\FinalEmulator.a(Col_1.o)
 .debug_ranges  0x00000a10       0x28 .\CortexM3\ARM_GCC_541\Debug\FinalEmulator.a(Col_2.o)
 .debug_ranges  0x00000a38       0x28 .\CortexM3\ARM_GCC_541\Debug\FinalEmulator.a(Col_3.o)
 .debug_ranges  0x00000a60       0x28 .\CortexM3\ARM_GCC_541\Debug\FinalEmulator.a(Col_4.o)
 .debug_ranges  0x00000a88       0x78 .\CortexM3\ARM_GCC_541\Debug\FinalEmulator.a(CyFlash.o)
 .debug_ranges  0x00000b00       0x70 .\CortexM3\ARM_GCC_541\Debug\FinalEmulator.a(CySpc.o)

.comment        0x00000000       0x6e
 .comment       0x00000000       0x6e .\CortexM3\ARM_GCC_541\Debug\main.o
                                 0x6f (size before relaxing)
 .comment       0x0000006e       0x6f .\CortexM3\ARM_GCC_541\Debug\procr.o
 .comment       0x0000006e       0x6f .\CortexM3\ARM_GCC_541\Debug\video.o
 .comment       0x0000006e       0x6f .\CortexM3\ARM_GCC_541\Debug\timer.o
 .comment       0x0000006e       0x6f .\CortexM3\ARM_GCC_541\Debug\keybd.o
 .comment       0x0000006e       0x6f .\CortexM3\ARM_GCC_541\Debug\cyfitter_cfg.o
 .comment       0x0000006e       0x6f .\CortexM3\ARM_GCC_541\Debug\cymetadata.o
 .comment       0x0000006e       0x6f .\CortexM3\ARM_GCC_541\Debug\Cm3Start.o
 .comment       0x0000006e       0x6f .\CortexM3\ARM_GCC_541\Debug\FinalEmulator.a(CyDmac.o)
 .comment       0x0000006e       0x6f .\CortexM3\ARM_GCC_541\Debug\FinalEmulator.a(CyLib.o)
 .comment       0x0000006e       0x6f .\CortexM3\ARM_GCC_541\Debug\FinalEmulator.a(cyPm.o)
 .comment       0x0000006e       0x6f .\CortexM3\ARM_GCC_541\Debug\FinalEmulator.a(isr_timer.o)
 .comment       0x0000006e       0x6f .\CortexM3\ARM_GCC_541\Debug\FinalEmulator.a(pin_led.o)
 .comment       0x0000006e       0x6f .\CortexM3\ARM_GCC_541\Debug\FinalEmulator.a(random.o)
 .comment       0x0000006e       0x6f .\CortexM3\ARM_GCC_541\Debug\FinalEmulator.a(pin_snd.o)
 .comment       0x0000006e       0x6f .\CortexM3\ARM_GCC_541\Debug\FinalEmulator.a(HORIZ.o)
 .comment       0x0000006e       0x6f .\CortexM3\ARM_GCC_541\Debug\FinalEmulator.a(VERT.o)
 .comment       0x0000006e       0x6f .\CortexM3\ARM_GCC_541\Debug\FinalEmulator.a(VSYNC.o)
 .comment       0x0000006e       0x6f .\CortexM3\ARM_GCC_541\Debug\FinalEmulator.a(HSYNC.o)
 .comment       0x0000006e       0x6f .\CortexM3\ARM_GCC_541\Debug\FinalEmulator.a(DMA_dma.o)
 .comment       0x0000006e       0x6f .\CortexM3\ARM_GCC_541\Debug\FinalEmulator.a(NEWLINE.o)
 .comment       0x0000006e       0x6f .\CortexM3\ARM_GCC_541\Debug\FinalEmulator.a(Row_1.o)
 .comment       0x0000006e       0x6f .\CortexM3\ARM_GCC_541\Debug\FinalEmulator.a(Row_2.o)
 .comment       0x0000006e       0x6f .\CortexM3\ARM_GCC_541\Debug\FinalEmulator.a(Row_4.o)
 .comment       0x0000006e       0x6f .\CortexM3\ARM_GCC_541\Debug\FinalEmulator.a(Row_3.o)
 .comment       0x0000006e       0x6f .\CortexM3\ARM_GCC_541\Debug\FinalEmulator.a(Col_1.o)
 .comment       0x0000006e       0x6f .\CortexM3\ARM_GCC_541\Debug\FinalEmulator.a(Col_2.o)
 .comment       0x0000006e       0x6f .\CortexM3\ARM_GCC_541\Debug\FinalEmulator.a(Col_3.o)
 .comment       0x0000006e       0x6f .\CortexM3\ARM_GCC_541\Debug\FinalEmulator.a(Col_4.o)
 .comment       0x0000006e       0x6f .\CortexM3\ARM_GCC_541\Debug\FinalEmulator.a(CyFlash.o)
 .comment       0x0000006e       0x6f .\CortexM3\ARM_GCC_541\Debug\FinalEmulator.a(CySpc.o)

.debug_weaknames
 *(.debug_weaknames)

.debug_funcnames
 *(.debug_funcnames)

.debug_typenames
 *(.debug_typenames)

.debug_varnames
 *(.debug_varnames)

.note.gnu.arm.ident
 *(.note.gnu.arm.ident)

.ARM.attributes
                0x00000000       0x29
 *(.ARM.attributes)
 .ARM.attributes
                0x00000000       0x1d c:/program files (x86)/cypress/psoc creator/4.2/psoc creator/import/gnu/arm/5.4.1/bin/../lib/gcc/arm-none-eabi/5.4.1/armv7-m/crti.o
 .ARM.attributes
                0x0000001d       0x2d c:/program files (x86)/cypress/psoc creator/4.2/psoc creator/import/gnu/arm/5.4.1/bin/../lib/gcc/arm-none-eabi/5.4.1/armv7-m/crtbegin.o
 .ARM.attributes
                0x0000004a       0x1b c:/program files (x86)/cypress/psoc creator/4.2/psoc creator/import/gnu/arm/5.4.1/bin/../lib/gcc/arm-none-eabi/5.4.1/../../../../arm-none-eabi/lib/armv7-m/crt0.o
 .ARM.attributes
                0x00000065       0x33 .\CortexM3\ARM_GCC_541\Debug\main.o
 .ARM.attributes
                0x00000098       0x33 .\CortexM3\ARM_GCC_541\Debug\procr.o
 .ARM.attributes
                0x000000cb       0x33 .\CortexM3\ARM_GCC_541\Debug\video.o
 .ARM.attributes
                0x000000fe       0x33 .\CortexM3\ARM_GCC_541\Debug\timer.o
 .ARM.attributes
                0x00000131       0x33 .\CortexM3\ARM_GCC_541\Debug\keybd.o
 .ARM.attributes
                0x00000164       0x33 .\CortexM3\ARM_GCC_541\Debug\cyfitter_cfg.o
 .ARM.attributes
                0x00000197       0x33 .\CortexM3\ARM_GCC_541\Debug\cymetadata.o
 .ARM.attributes
                0x000001ca       0x33 .\CortexM3\ARM_GCC_541\Debug\Cm3Start.o
 .ARM.attributes
                0x000001fd       0x33 .\CortexM3\ARM_GCC_541\Debug\FinalEmulator.a(CyDmac.o)
 .ARM.attributes
                0x00000230       0x33 .\CortexM3\ARM_GCC_541\Debug\FinalEmulator.a(CyLib.o)
 .ARM.attributes
                0x00000263       0x33 .\CortexM3\ARM_GCC_541\Debug\FinalEmulator.a(cyPm.o)
 .ARM.attributes
                0x00000296       0x33 .\CortexM3\ARM_GCC_541\Debug\FinalEmulator.a(isr_timer.o)
 .ARM.attributes
                0x000002c9       0x33 .\CortexM3\ARM_GCC_541\Debug\FinalEmulator.a(pin_led.o)
 .ARM.attributes
                0x000002fc       0x33 .\CortexM3\ARM_GCC_541\Debug\FinalEmulator.a(random.o)
 .ARM.attributes
                0x0000032f       0x33 .\CortexM3\ARM_GCC_541\Debug\FinalEmulator.a(pin_snd.o)
 .ARM.attributes
                0x00000362       0x33 .\CortexM3\ARM_GCC_541\Debug\FinalEmulator.a(HORIZ.o)
 .ARM.attributes
                0x00000395       0x33 .\CortexM3\ARM_GCC_541\Debug\FinalEmulator.a(VERT.o)
 .ARM.attributes
                0x000003c8       0x33 .\CortexM3\ARM_GCC_541\Debug\FinalEmulator.a(VSYNC.o)
 .ARM.attributes
                0x000003fb       0x33 .\CortexM3\ARM_GCC_541\Debug\FinalEmulator.a(HSYNC.o)
 .ARM.attributes
                0x0000042e       0x33 .\CortexM3\ARM_GCC_541\Debug\FinalEmulator.a(DMA_dma.o)
 .ARM.attributes
                0x00000461       0x33 .\CortexM3\ARM_GCC_541\Debug\FinalEmulator.a(NEWLINE.o)
 .ARM.attributes
                0x00000494       0x33 .\CortexM3\ARM_GCC_541\Debug\FinalEmulator.a(Row_1.o)
 .ARM.attributes
                0x000004c7       0x33 .\CortexM3\ARM_GCC_541\Debug\FinalEmulator.a(Row_2.o)
 .ARM.attributes
                0x000004fa       0x33 .\CortexM3\ARM_GCC_541\Debug\FinalEmulator.a(Row_4.o)
 .ARM.attributes
                0x0000052d       0x33 .\CortexM3\ARM_GCC_541\Debug\FinalEmulator.a(Row_3.o)
 .ARM.attributes
                0x00000560       0x33 .\CortexM3\ARM_GCC_541\Debug\FinalEmulator.a(Col_1.o)
 .ARM.attributes
                0x00000593       0x33 .\CortexM3\ARM_GCC_541\Debug\FinalEmulator.a(Col_2.o)
 .ARM.attributes
                0x000005c6       0x33 .\CortexM3\ARM_GCC_541\Debug\FinalEmulator.a(Col_3.o)
 .ARM.attributes
                0x000005f9       0x33 .\CortexM3\ARM_GCC_541\Debug\FinalEmulator.a(Col_4.o)
 .ARM.attributes
                0x0000062c       0x21 .\CortexM3\ARM_GCC_541\Debug\FinalEmulator.a(CyBootAsmGnu.o)
 .ARM.attributes
                0x0000064d       0x33 .\CortexM3\ARM_GCC_541\Debug\FinalEmulator.a(CyFlash.o)
 .ARM.attributes
                0x00000680       0x33 .\CortexM3\ARM_GCC_541\Debug\FinalEmulator.a(CySpc.o)
 .ARM.attributes
                0x000006b3       0x2d c:/program files (x86)/cypress/psoc creator/4.2/psoc creator/import/gnu/arm/5.4.1/bin/../lib/gcc/arm-none-eabi/5.4.1/../../../../arm-none-eabi/lib/armv7-m\libg_nano.a(lib_a-errno.o)
 .ARM.attributes
                0x000006e0       0x2d c:/program files (x86)/cypress/psoc creator/4.2/psoc creator/import/gnu/arm/5.4.1/bin/../lib/gcc/arm-none-eabi/5.4.1/../../../../arm-none-eabi/lib/armv7-m\libg_nano.a(lib_a-exit.o)
 .ARM.attributes
                0x0000070d       0x2d c:/program files (x86)/cypress/psoc creator/4.2/psoc creator/import/gnu/arm/5.4.1/bin/../lib/gcc/arm-none-eabi/5.4.1/../../../../arm-none-eabi/lib/armv7-m\libg_nano.a(lib_a-impure.o)
 .ARM.attributes
                0x0000073a       0x2d c:/program files (x86)/cypress/psoc creator/4.2/psoc creator/import/gnu/arm/5.4.1/bin/../lib/gcc/arm-none-eabi/5.4.1/../../../../arm-none-eabi/lib/armv7-m\libg_nano.a(lib_a-init.o)
 .ARM.attributes
                0x00000767       0x2d c:/program files (x86)/cypress/psoc creator/4.2/psoc creator/import/gnu/arm/5.4.1/bin/../lib/gcc/arm-none-eabi/5.4.1/../../../../arm-none-eabi/lib/armv7-m\libg_nano.a(lib_a-memcpy-stub.o)
 .ARM.attributes
                0x00000794       0x2d c:/program files (x86)/cypress/psoc creator/4.2/psoc creator/import/gnu/arm/5.4.1/bin/../lib/gcc/arm-none-eabi/5.4.1/../../../../arm-none-eabi/lib/armv7-m\libg_nano.a(lib_a-memset.o)
 .ARM.attributes
                0x000007c1       0x2d c:/program files (x86)/cypress/psoc creator/4.2/psoc creator/import/gnu/arm/5.4.1/bin/../lib/gcc/arm-none-eabi/5.4.1/armv7-m/crtend.o
 .ARM.attributes
                0x000007ee       0x1d c:/program files (x86)/cypress/psoc creator/4.2/psoc creator/import/gnu/arm/5.4.1/bin/../lib/gcc/arm-none-eabi/5.4.1/armv7-m/crtn.o

/DISCARD/
 *(.note.GNU-stack)
OUTPUT(C:\Users\info\Desktop\Spring 2019 Classes\6.115\6.115-final\PSoCCreator\Final Project\FinalEmulator.cydsn\CortexM3\ARM_GCC_541\Debug\FinalEmulator.elf elf32-littlearm)
