Archive member included to satisfy reference by file (symbol)

.\CortexM3\ARM_GCC_541\Release\FinalEmulator.a(CyDmac.o)
                              .\CortexM3\ARM_GCC_541\Release\Cm3Start.o (CyDmacConfigure)
.\CortexM3\ARM_GCC_541\Release\FinalEmulator.a(CyLib.o)
                              .\CortexM3\ARM_GCC_541\Release\Cm3Start.o (CyHalt)
.\CortexM3\ARM_GCC_541\Release\FinalEmulator.a(cyPm.o)
                              .\CortexM3\ARM_GCC_541\Release\FinalEmulator.a(CyLib.o) (CyPmReadStatus)
.\CortexM3\ARM_GCC_541\Release\FinalEmulator.a(isr_timer.o)
                              .\CortexM3\ARM_GCC_541\Release\main.o (isr_timer_StartEx)
.\CortexM3\ARM_GCC_541\Release\FinalEmulator.a(pin_led.o)
                              .\CortexM3\ARM_GCC_541\Release\main.o (pin_led_Write)
.\CortexM3\ARM_GCC_541\Release\FinalEmulator.a(random.o)
                              .\CortexM3\ARM_GCC_541\Release\main.o (random_Init)
.\CortexM3\ARM_GCC_541\Release\FinalEmulator.a(pin_snd.o)
                              .\CortexM3\ARM_GCC_541\Release\timer.o (pin_snd_Write)
.\CortexM3\ARM_GCC_541\Release\FinalEmulator.a(HORIZ.o)
                              .\CortexM3\ARM_GCC_541\Release\main.o (HORIZ_Start)
.\CortexM3\ARM_GCC_541\Release\FinalEmulator.a(VERT.o)
                              .\CortexM3\ARM_GCC_541\Release\main.o (VERT_Start)
.\CortexM3\ARM_GCC_541\Release\FinalEmulator.a(VSYNC.o)
                              .\CortexM3\ARM_GCC_541\Release\main.o (VSYNC_Start)
.\CortexM3\ARM_GCC_541\Release\FinalEmulator.a(HSYNC.o)
                              .\CortexM3\ARM_GCC_541\Release\main.o (HSYNC_Start)
.\CortexM3\ARM_GCC_541\Release\FinalEmulator.a(DMA_dma.o)
                              .\CortexM3\ARM_GCC_541\Release\main.o (DMA_DmaInitialize)
.\CortexM3\ARM_GCC_541\Release\FinalEmulator.a(NEWLINE.o)
                              .\CortexM3\ARM_GCC_541\Release\main.o (NEWLINE_StartEx)
.\CortexM3\ARM_GCC_541\Release\FinalEmulator.a(Row_1.o)
                              .\CortexM3\ARM_GCC_541\Release\keybd.o (Row_1_Read)
.\CortexM3\ARM_GCC_541\Release\FinalEmulator.a(Row_2.o)
                              .\CortexM3\ARM_GCC_541\Release\keybd.o (Row_2_Read)
.\CortexM3\ARM_GCC_541\Release\FinalEmulator.a(Row_4.o)
                              .\CortexM3\ARM_GCC_541\Release\keybd.o (Row_4_Read)
.\CortexM3\ARM_GCC_541\Release\FinalEmulator.a(Row_3.o)
                              .\CortexM3\ARM_GCC_541\Release\keybd.o (Row_3_Read)
.\CortexM3\ARM_GCC_541\Release\FinalEmulator.a(Col_1.o)
                              .\CortexM3\ARM_GCC_541\Release\keybd.o (Col_1_Write)
.\CortexM3\ARM_GCC_541\Release\FinalEmulator.a(Col_2.o)
                              .\CortexM3\ARM_GCC_541\Release\keybd.o (Col_2_Write)
.\CortexM3\ARM_GCC_541\Release\FinalEmulator.a(Col_3.o)
                              .\CortexM3\ARM_GCC_541\Release\keybd.o (Col_3_Write)
.\CortexM3\ARM_GCC_541\Release\FinalEmulator.a(Col_4.o)
                              .\CortexM3\ARM_GCC_541\Release\keybd.o (Col_4_Write)
.\CortexM3\ARM_GCC_541\Release\FinalEmulator.a(CyBootAsmGnu.o)
                              .\CortexM3\ARM_GCC_541\Release\cyfitter_cfg.o (CyDelayCycles)
.\CortexM3\ARM_GCC_541\Release\FinalEmulator.a(CyFlash.o)
                              .\CortexM3\ARM_GCC_541\Release\FinalEmulator.a(cyPm.o) (CyFlash_SetWaitCycles)
.\CortexM3\ARM_GCC_541\Release\FinalEmulator.a(CySpc.o)
                              .\CortexM3\ARM_GCC_541\Release\FinalEmulator.a(CyFlash.o) (CySpcStart)
c:/program files (x86)/cypress/psoc creator/4.2/psoc creator/import/gnu/arm/5.4.1/bin/../lib/gcc/arm-none-eabi/5.4.1/../../../../arm-none-eabi/lib/armv7-m\libg_nano.a(lib_a-errno.o)
                              .\CortexM3\ARM_GCC_541\Release\Cm3Start.o (__errno)
c:/program files (x86)/cypress/psoc creator/4.2/psoc creator/import/gnu/arm/5.4.1/bin/../lib/gcc/arm-none-eabi/5.4.1/../../../../arm-none-eabi/lib/armv7-m\libg_nano.a(lib_a-exit.o)
                              c:/program files (x86)/cypress/psoc creator/4.2/psoc creator/import/gnu/arm/5.4.1/bin/../lib/gcc/arm-none-eabi/5.4.1/../../../../arm-none-eabi/lib/armv7-m/crt0.o (exit)
c:/program files (x86)/cypress/psoc creator/4.2/psoc creator/import/gnu/arm/5.4.1/bin/../lib/gcc/arm-none-eabi/5.4.1/../../../../arm-none-eabi/lib/armv7-m\libg_nano.a(lib_a-impure.o)
                              c:/program files (x86)/cypress/psoc creator/4.2/psoc creator/import/gnu/arm/5.4.1/bin/../lib/gcc/arm-none-eabi/5.4.1/../../../../arm-none-eabi/lib/armv7-m\libg_nano.a(lib_a-exit.o) (_global_impure_ptr)
c:/program files (x86)/cypress/psoc creator/4.2/psoc creator/import/gnu/arm/5.4.1/bin/../lib/gcc/arm-none-eabi/5.4.1/../../../../arm-none-eabi/lib/armv7-m\libg_nano.a(lib_a-init.o)
[...]
Memory Configuration

Name             Origin             Length             Attributes
rom              0x00000000         0x00040000         xr
ram              0x1fff8000         0x00010000         xrw
*default*        0x00000000         0xffffffff

Linker script and memory map

LOAD c:/program files (x86)/cypress/psoc creator/4.2/psoc creator/import/gnu/arm/5.4.1/bin/../lib/gcc/arm-none-eabi/5.4.1/armv7-m/crti.o
LOAD c:/program files (x86)/cypress/psoc creator/4.2/psoc creator/import/gnu/arm/5.4.1/bin/../lib/gcc/arm-none-eabi/5.4.1/armv7-m/crtbegin.o
LOAD c:/program files (x86)/cypress/psoc creator/4.2/psoc creator/import/gnu/arm/5.4.1/bin/../lib/gcc/arm-none-eabi/5.4.1/../../../../arm-none-eabi/lib/armv7-m/crt0.o
START GROUP
LOAD .\CortexM3\ARM_GCC_541\Release\main.o
LOAD .\CortexM3\ARM_GCC_541\Release\procr.o
LOAD .\CortexM3\ARM_GCC_541\Release\video.o
LOAD .\CortexM3\ARM_GCC_541\Release\timer.o
LOAD .\CortexM3\ARM_GCC_541\Release\keybd.o
LOAD .\CortexM3\ARM_GCC_541\Release\cyfitter_cfg.o
LOAD .\CortexM3\ARM_GCC_541\Release\cymetadata.o
LOAD .\CortexM3\ARM_GCC_541\Release\Cm3Start.o
LOAD .\CortexM3\ARM_GCC_541\Release\FinalEmulator.a
LOAD C:\Program Files (x86)\Cypress\PSoC Creator\4.2\PSoC Creator\psoc\content\cycomponentlibrary\CyComponentLibrary.cylib\CortexM3\ARM_GCC_541\Release\CyComponentLibrary.a
END GROUP
START GROUP
LOAD c:/program files (x86)/cypress/psoc creator/4.2/psoc creator/import/gnu/arm/5.4.1/bin/../lib/gcc/arm-none-eabi/5.4.1/armv7-m\libgcc.a
LOAD c:/program files (x86)/cypress/psoc creator/4.2/psoc creator/import/gnu/arm/5.4.1/bin/../lib/gcc/arm-none-eabi/5.4.1/../../../../arm-none-eabi/lib/armv7-m\libg_nano.a
LOAD c:/program files (x86)/cypress/psoc creator/4.2/psoc creator/import/gnu/arm/5.4.1/bin/../lib/gcc/arm-none-eabi/5.4.1/../../../../arm-none-eabi/lib/armv7-m\libc_nano.a
END GROUP
START GROUP
LOAD c:/program files (x86)/cypress/psoc creator/4.2/psoc creator/import/gnu/arm/5.4.1/bin/../lib/gcc/arm-none-eabi/5.4.1/armv7-m\libgcc.a
LOAD c:/program files (x86)/cypress/psoc creator/4.2/psoc creator/import/gnu/arm/5.4.1/bin/../lib/gcc/arm-none-eabi/5.4.1/../../../../arm-none-eabi/lib/armv7-m\libc_nano.a
END GROUP
LOAD c:/program files (x86)/cypress/psoc creator/4.2/psoc creator/import/gnu/arm/5.4.1/bin/../lib/gcc/arm-none-eabi/5.4.1/armv7-m/crtend.o
LOAD c:/program files (x86)/cypress/psoc creator/4.2/psoc creator/import/gnu/arm/5.4.1/bin/../lib/gcc/arm-none-eabi/5.4.1/armv7-m/crtn.o
START GROUP
LOAD c:/program files (x86)/cypress/psoc creator/4.2/psoc creator/import/gnu/arm/5.4.1/bin/../lib/gcc/arm-none-eabi/5.4.1/armv7-m\libgcc.a
LOAD c:/program files (x86)/cypress/psoc creator/4.2/psoc creator/import/gnu/arm/5.4.1/bin/../lib/gcc/arm-none-eabi/5.4.1/../../../../arm-none-eabi/lib/armv7-m\libc.a
LOAD c:/program files (x86)/cypress/psoc creator/4.2/psoc creator/import/gnu/arm/5.4.1/bin/../lib/gcc/arm-none-eabi/5.4.1/../../../../arm-none-eabi/lib/armv7-m\libnosys.a
END GROUP
                0x00000000                CY_APPL_ORIGIN = 0x0
                0x00000100                CY_FLASH_ROW_SIZE = 0x100
                0x00000020                CY_ECC_ROW_SIZE = 0x20
                0x00000000                CY_EE_IN_BTLDR = 0x0
                0x00000000                CY_APPL_LOADABLE = 0x0
                0x00000800                CY_EE_SIZE = 0x800
                0x00000001                CY_APPL_NUM = 0x1
                0x00000001                CY_APPL_MAX = 0x1
                0x00000040                CY_METADATA_SIZE = 0x40
                0x00000000                CY_APPL_LOADABLE = 0x0
                0x00000000                CY_CHECKSUM_EXCLUDE_SIZE = ALIGN (0x0, CY_FLASH_ROW_SIZE)
                [!provide]                PROVIDE (__cy_heap_start, _end)
                0x00000001                PROVIDE (__cy_region_num, ((__cy_regions_end - __cy_regions) / 0x10))
                0x20008000                PROVIDE (__cy_stack, (ORIGIN (ram) + LENGTH (ram)))
                [!provide]                PROVIDE (__cy_heap_end, (__cy_stack - 0x800))

.cybootloader   0x00000000        0x0
 *(.cybootloader)
                0x00000000                appl1_start = CY_APPL_ORIGIN?CY_APPL_ORIGIN:ALIGN (CY_FLASH_ROW_SIZE)
                0x0001ff00                appl2_start = (appl1_start + ALIGN ((((LENGTH (rom) - appl1_start) - (0x2 * CY_FLASH_ROW_SIZE)) / 0x2), CY_FLASH_ROW_SIZE))
                0x00000000                appl_start = (CY_APPL_NUM == 0x1)?appl1_start:appl2_start
                0x00000000                ecc_offset = ((appl_start / CY_FLASH_ROW_SIZE) * CY_ECC_ROW_SIZE)
                0x00000000                ee_offset = (CY_APPL_LOADABLE && ! (CY_EE_IN_BTLDR))?((CY_EE_SIZE / CY_APPL_MAX) * (CY_APPL_NUM - 0x1)):0x0
                0x00000800                ee_size = (CY_APPL_LOADABLE && ! (CY_EE_IN_BTLDR))?(CY_EE_SIZE / CY_APPL_MAX):CY_EE_SIZE
                [!provide]                PROVIDE (CY_ECC_OFFSET, ecc_offset)

.text           0x00000000     0x2db8
 CREATE_OBJECT_SYMBOLS
                0x00000000                PROVIDE (__cy_interrupt_vector, RomVectors)
 *(.romvectors)
 .romvectors    0x00000000       0x10 .\CortexM3\ARM_GCC_541\Release\Cm3Start.o
                0x00000000                RomVectors
                0x00000001                ASSERT ((. != __cy_interrupt_vector), No interrupt vector)
                0x00000001                ASSERT (CY_APPL_ORIGIN?(SIZEOF (.cybootloader) <= CY_APPL_ORIGIN):0x1, Wrong image location)
                0x00000010                PROVIDE (__cy_reset, Reset)
 *(.text.Reset)
 .text.Reset    0x00000010       0x18 .\CortexM3\ARM_GCC_541\Release\Cm3Start.o
                0x00000010                Reset
                0x00000001                ASSERT ((. != __cy_reset), No reset code)
 *(.dma_init)
                0x00000001                ASSERT ((((appl_start + .) <= 0x10000) || 0x1), DMA Init must be within the first 64k of flash)
 *(.text .text.* .gnu.linkonce.t.*)
 .text          0x00000028       0x5c c:/program files (x86)/cypress/psoc creator/4.2/psoc creator/import/gnu/arm/5.4.1/bin/../lib/gcc/arm-none-eabi/5.4.1/armv7-m/crtbegin.o
 .text._newline_handler
                0x00000084       0x30 .\CortexM3\ARM_GCC_541\Release\main.o
                0x00000084                _newline_handler
 .text._isr_tmr_handler
                0x000000b4        0xc .\CortexM3\ARM_GCC_541\Release\main.o
                0x000000b4                _isr_tmr_handler
 .text.startup.main
                0x000000c0     0x1c30 .\CortexM3\ARM_GCC_541\Release\main.o
                0x000000c0                main
 .text.execute  0x00001cf0      0x538 .\CortexM3\ARM_GCC_541\Release\procr.o
                0x00001cf0                execute
 .text.newline_handler
                0x00002228      0x10c .\CortexM3\ARM_GCC_541\Release\video.o
                0x00002228                newline_handler
 .text.isr_tmr_handler
                0x00002334       0x24 .\CortexM3\ARM_GCC_541\Release\timer.o
                0x00002334                isr_tmr_handler
 .text.key_pressed
                0x00002358       0x40 .\CortexM3\ARM_GCC_541\Release\keybd.o
                0x00002358                key_pressed
 .text.wait_key
                0x00002398       0x60 .\CortexM3\ARM_GCC_541\Release\keybd.o
                0x00002398                wait_key
 .text.cyfitter_cfg
                0x000023f8      0x274 .\CortexM3\ARM_GCC_541\Release\cyfitter_cfg.o
                0x000023f8                cyfitter_cfg
 .text.IntDefaultHandler
                0x0000266c       0x10 .\CortexM3\ARM_GCC_541\Release\Cm3Start.o
                0x0000266c                IntDefaultHandler
 .text.Start_c  0x0000267c       0x58 .\CortexM3\ARM_GCC_541\Release\Cm3Start.o
                0x0000267c                Start_c
 .text.startup.initialize_psoc
                0x000026d4       0x70 .\CortexM3\ARM_GCC_541\Release\Cm3Start.o
                0x000026d4                initialize_psoc
 .text.CyDmacConfigure
                0x00002744       0x30 .\CortexM3\ARM_GCC_541\Release\FinalEmulator.a(CyDmac.o)
                0x00002744                CyDmacConfigure
 .text.CyDmaChEnable
                0x00002774       0x3c .\CortexM3\ARM_GCC_541\Release\FinalEmulator.a(CyDmac.o)
                0x00002774                CyDmaChEnable
 .text.CyDmaChDisable
                0x000027b0       0x24 .\CortexM3\ARM_GCC_541\Release\FinalEmulator.a(CyDmac.o)
                0x000027b0                CyDmaChDisable
 .text.CyDmaChPriority
                0x000027d4       0x24 .\CortexM3\ARM_GCC_541\Release\FinalEmulator.a(CyDmac.o)
                0x000027d4                CyDmaChPriority
 .text.CyDmaChSetExtendedAddress
                0x000027f8       0x30 .\CortexM3\ARM_GCC_541\Release\FinalEmulator.a(CyDmac.o)
                0x000027f8                CyDmaChSetExtendedAddress
 .text.CyDmaChSetInitialTd
                0x00002828       0x18 .\CortexM3\ARM_GCC_541\Release\FinalEmulator.a(CyDmac.o)
                0x00002828                CyDmaChSetInitialTd
 .text.CyDmaChSetConfiguration
                0x00002840       0x48 .\CortexM3\ARM_GCC_541\Release\FinalEmulator.a(CyDmac.o)
                0x00002840                CyDmaChSetConfiguration
 .text.CyDmaTdAllocate
                0x00002888       0x38 .\CortexM3\ARM_GCC_541\Release\FinalEmulator.a(CyDmac.o)
                0x00002888                CyDmaTdAllocate
 .text.CyDmaTdSetConfiguration
                0x000028c0       0x30 .\CortexM3\ARM_GCC_541\Release\FinalEmulator.a(CyDmac.o)
                0x000028c0                CyDmaTdSetConfiguration
 .text.CyDmaTdSetAddress
                0x000028f0       0x1c .\CortexM3\ARM_GCC_541\Release\FinalEmulator.a(CyDmac.o)
                0x000028f0                CyDmaTdSetAddress
 .text.CyDelay  0x0000290c       0x48 .\CortexM3\ARM_GCC_541\Release\FinalEmulator.a(CyLib.o)
                0x0000290c                CyDelay
 .text.isr_timer_StartEx
                0x00002954       0x2c .\CortexM3\ARM_GCC_541\Release\FinalEmulator.a(isr_timer.o)
                0x00002954                isr_timer_StartEx
 .text.pin_led_Write
                0x00002980       0x18 .\CortexM3\ARM_GCC_541\Release\FinalEmulator.a(pin_led.o)
                0x00002980                pin_led_Write
 .text.random_Init
                0x00002998       0x44 .\CortexM3\ARM_GCC_541\Release\FinalEmulator.a(random.o)
                0x00002998                random_Init
 .text.random_Enable
                0x000029dc       0x10 .\CortexM3\ARM_GCC_541\Release\FinalEmulator.a(random.o)
                0x000029dc                random_Enable
 .text.random_Start
                0x000029ec       0x5c .\CortexM3\ARM_GCC_541\Release\FinalEmulator.a(random.o)
                0x000029ec                random_Start
 .text.random_Read
                0x00002a48        0xc .\CortexM3\ARM_GCC_541\Release\FinalEmulator.a(random.o)
                0x00002a48                random_Read
 .text.pin_snd_Write
                0x00002a54       0x18 .\CortexM3\ARM_GCC_541\Release\FinalEmulator.a(pin_snd.o)
                0x00002a54                pin_snd_Write
 .text.HORIZ_Start
                0x00002a6c       0x70 .\CortexM3\ARM_GCC_541\Release\FinalEmulator.a(HORIZ.o)
                0x00002a6c                HORIZ_Start
 .text.VERT_Start
                0x00002adc       0x74 .\CortexM3\ARM_GCC_541\Release\FinalEmulator.a(VERT.o)
                0x00002adc                VERT_Start
 .text.VERT_ReadCounter
                0x00002b50       0x14 .\CortexM3\ARM_GCC_541\Release\FinalEmulator.a(VERT.o)
                0x00002b50                VERT_ReadCounter
 .text.VSYNC_Start
                0x00002b64       0x64 .\CortexM3\ARM_GCC_541\Release\FinalEmulator.a(VSYNC.o)
                0x00002b64                VSYNC_Start
 .text.HSYNC_Start
                0x00002bc8       0x64 .\CortexM3\ARM_GCC_541\Release\FinalEmulator.a(HSYNC.o)
                0x00002bc8                HSYNC_Start
 .text.DMA_DmaInitialize
                0x00002c2c       0x3c .\CortexM3\ARM_GCC_541\Release\FinalEmulator.a(DMA_dma.o)
                0x00002c2c                DMA_DmaInitialize
 .text.NEWLINE_StartEx
                0x00002c68       0x2c .\CortexM3\ARM_GCC_541\Release\FinalEmulator.a(NEWLINE.o)
                0x00002c68                NEWLINE_StartEx
 .text.Row_1_Read
                0x00002c94        0xc .\CortexM3\ARM_GCC_541\Release\FinalEmulator.a(Row_1.o)
                0x00002c94                Row_1_Read
 .text.Row_2_Read
                0x00002ca0       0x10 .\CortexM3\ARM_GCC_541\Release\FinalEmulator.a(Row_2.o)
                0x00002ca0                Row_2_Read
 .text.Row_4_Read
                0x00002cb0       0x10 .\CortexM3\ARM_GCC_541\Release\FinalEmulator.a(Row_4.o)
                0x00002cb0                Row_4_Read
 .text.Row_3_Read
                0x00002cc0       0x10 .\CortexM3\ARM_GCC_541\Release\FinalEmulator.a(Row_3.o)
                0x00002cc0                Row_3_Read
 .text.Col_1_Write
                0x00002cd0       0x18 .\CortexM3\ARM_GCC_541\Release\FinalEmulator.a(Col_1.o)
                0x00002cd0                Col_1_Write
 .text.Col_2_Write
                0x00002ce8       0x18 .\CortexM3\ARM_GCC_541\Release\FinalEmulator.a(Col_2.o)
                0x00002ce8                Col_2_Write
 .text.Col_3_Write
                0x00002d00       0x18 .\CortexM3\ARM_GCC_541\Release\FinalEmulator.a(Col_3.o)
                0x00002d00                Col_3_Write
 .text.Col_4_Write
                0x00002d18       0x18 .\CortexM3\ARM_GCC_541\Release\FinalEmulator.a(Col_4.o)
                0x00002d18                Col_4_Write
 .text          0x00002d30       0x20 .\CortexM3\ARM_GCC_541\Release\FinalEmulator.a(CyBootAsmGnu.o)
                0x00002d30                CyDelayCycles
                0x00002d40                CyEnterCriticalSection
                0x00002d48                CyExitCriticalSection
 .text.__errno  0x00002d50        0xc c:/program files (x86)/cypress/psoc creator/4.2/psoc creator/import/gnu/arm/5.4.1/bin/../lib/gcc/arm-none-eabi/5.4.1/../../../../arm-none-eabi/lib/armv7-m\libg_nano.a(lib_a-errno.o)
                0x00002d50                __errno
 .text.__libc_init_array
                0x00002d5c       0x4c c:/program files (x86)/cypress/psoc creator/4.2/psoc creator/import/gnu/arm/5.4.1/bin/../lib/gcc/arm-none-eabi/5.4.1/../../../../arm-none-eabi/lib/armv7-m\libg_nano.a(lib_a-init.o)
                0x00002d5c                __libc_init_array
 .text.memset   0x00002da8       0x10 c:/program files (x86)/cypress/psoc creator/4.2/psoc creator/import/gnu/arm/5.4.1/bin/../lib/gcc/arm-none-eabi/5.4.1/../../../../arm-none-eabi/lib/armv7-m\libg_nano.a(lib_a-memset.o)
                0x00002da8                memset
 *(.plt)
 *(.gnu.warning)
 *(.glue_7t)
 .glue_7t       0x00002db8        0x0 linker stubs
 *(.glue_7)
 .glue_7        0x00002db8        0x0 linker stubs
 *(.vfp11_veneer)
 .vfp11_veneer  0x00002db8        0x0 linker stubs
 *(.bootloader)
 *(.ARM.extab* .gnu.linkonce.armextab.*)
 *(.gcc_except_table)

.v4_bx          0x00002db8        0x0
 .v4_bx         0x00002db8        0x0 linker stubs

.iplt           0x00002db8        0x0
 .iplt          0x00002db8        0x0 c:/program files (x86)/cypress/psoc creator/4.2/psoc creator/import/gnu/arm/5.4.1/bin/../lib/gcc/arm-none-eabi/5.4.1/armv7-m/crtbegin.o

.eh_frame_hdr
 *(.eh_frame_hdr)

.eh_frame       0x00002db8        0x4
 *(.eh_frame)
 .eh_frame      0x00002db8        0x0 c:/program files (x86)/cypress/psoc creator/4.2/psoc creator/import/gnu/arm/5.4.1/bin/../lib/gcc/arm-none-eabi/5.4.1/armv7-m/crtbegin.o
 .eh_frame      0x00002db8        0x4 c:/program files (x86)/cypress/psoc creator/4.2/psoc creator/import/gnu/arm/5.4.1/bin/../lib/gcc/arm-none-eabi/5.4.1/armv7-m/crtend.o
                [!provide]                PROVIDE (__exidx_start, .)

.ARM.exidx
 *(.ARM.exidx* .gnu.linkonce.armexidx.*)
                0x00002dbc                __exidx_end = .

.rodata         0x00002dbc       0x6c
 *(.rodata .rodata.* .gnu.linkonce.r.*)
 .rodata        0x00002dbc       0x36 .\CortexM3\ARM_GCC_541\Release\cyfitter_cfg.o
 .rodata.str1.1
                0x00002df2        0x2 c:/program files (x86)/cypress/psoc creator/4.2/psoc creator/import/gnu/arm/5.4.1/bin/../lib/gcc/arm-none-eabi/5.4.1/../../../../arm-none-eabi/lib/armv7-m\libg_nano.a(lib_a-impure.o)
                0x00002df4                . = ALIGN (0x4)
 *(.init)
 .init          0x00002df4        0x4 c:/program files (x86)/cypress/psoc creator/4.2/psoc creator/import/gnu/arm/5.4.1/bin/../lib/gcc/arm-none-eabi/5.4.1/armv7-m/crti.o
                0x00002df4                _init
 .init          0x00002df8        0x8 c:/program files (x86)/cypress/psoc creator/4.2/psoc creator/import/gnu/arm/5.4.1/bin/../lib/gcc/arm-none-eabi/5.4.1/armv7-m/crtn.o
                0x00002e00                . = ALIGN (0x4)
                0x00002e00                __preinit_array_start = .
 *(.preinit_array)
                0x00002e00                __preinit_array_end = .
                0x00002e00                . = ALIGN (0x4)
                0x00002e00                __init_array_start = .
 *(SORT(.init_array.*))
 *(.init_array)
 .init_array    0x00002e00        0x4 c:/program files (x86)/cypress/psoc creator/4.2/psoc creator/import/gnu/arm/5.4.1/bin/../lib/gcc/arm-none-eabi/5.4.1/armv7-m/crtbegin.o
 .init_array    0x00002e04        0x4 .\CortexM3\ARM_GCC_541\Release\Cm3Start.o
                0x00002e08                __init_array_end = .
                0x00002e08                . = ALIGN (0x4)
 *(.fini)
 .fini          0x00002e08        0x4 c:/program files (x86)/cypress/psoc creator/4.2/psoc creator/import/gnu/arm/5.4.1/bin/../lib/gcc/arm-none-eabi/5.4.1/armv7-m/crti.o
                0x00002e08                _fini
 .fini          0x00002e0c        0x8 c:/program files (x86)/cypress/psoc creator/4.2/psoc creator/import/gnu/arm/5.4.1/bin/../lib/gcc/arm-none-eabi/5.4.1/armv7-m/crtn.o
                0x00002e14                . = ALIGN (0x4)
                0x00002e14                __fini_array_start = .
 *(.fini_array)
 .fini_array    0x00002e14        0x4 c:/program files (x86)/cypress/psoc creator/4.2/psoc creator/import/gnu/arm/5.4.1/bin/../lib/gcc/arm-none-eabi/5.4.1/armv7-m/crtbegin.o
 *(SORT(.fini_array.*))
                0x00002e18                __fini_array_end = .
                0x00002e18                . = ALIGN (0x4)
 *crtbegin.o(.ctors)
 *(EXCLUDE_FILE(*crtend.o) .ctors)
 *(SORT(.ctors.*))
 *crtend.o(.ctors)
                0x00002e18                . = ALIGN (0x4)
 *crtbegin.o(.dtors)
 *(EXCLUDE_FILE(*crtend.o) .dtors)
 *(SORT(.dtors.*))
 *crtend.o(.dtors)
                0x00002e18                . = ALIGN (0x4)
                0x00002e18                __cy_regions = .
                0x00002e18        0x4 LONG 0x2e28 __cy_region_init_ram
                0x00002e1c        0x4 LONG 0x1fff80c8 __cy_region_start_data
                0x00002e20        0x4 LONG 0xc8 __cy_region_init_size_ram
                0x00002e24        0x4 LONG 0x3130 __cy_region_zero_size_ram
                0x00002e28                __cy_regions_end = .
                0x00002e28                . = ALIGN (0x8)
                0x00002e28                _etext = .

.cy_checksum_exclude
                0x00002e28        0x0
 *(.cy_checksum_exclude)

.ramvectors     0x1fff8000       0xc0
                0x1fff8000                __cy_region_start_ram = .
 *(.ramvectors)
 .ramvectors    0x1fff8000       0xc0 .\CortexM3\ARM_GCC_541\Release\Cm3Start.o
                0x1fff8000                CyRamVectors

.noinit         0x1fff80c0        0x1
 *(.noinit)
 .noinit        0x1fff80c0        0x1 .\CortexM3\ARM_GCC_541\Release\FinalEmulator.a(CyLib.o)
                0x1fff80c0                CyResetStatus

.data           0x1fff80c8       0xc8 load address 0x00002e28
                0x1fff80c8                __cy_region_start_data = .
 *(.jcr)
 .jcr           0x1fff80c8        0x0 c:/program files (x86)/cypress/psoc creator/4.2/psoc creator/import/gnu/arm/5.4.1/bin/../lib/gcc/arm-none-eabi/5.4.1/armv7-m/crtbegin.o
 .jcr           0x1fff80c8        0x4 c:/program files (x86)/cypress/psoc creator/4.2/psoc creator/import/gnu/arm/5.4.1/bin/../lib/gcc/arm-none-eabi/5.4.1/armv7-m/crtend.o
 *(.got.plt)
 *(.got)
 *(.shdata)
 *(.data .data.* .gnu.linkonce.d.*)
 .data          0x1fff80cc        0x1 .\CortexM3\ARM_GCC_541\Release\main.o
                0x1fff80cc                vga_update_flag
 *fill*         0x1fff80cd        0x3 
 .data          0x1fff80d0       0x40 .\CortexM3\ARM_GCC_541\Release\keybd.o
                0x1fff80d0                v2p
                0x1fff80e0                col_wr
                0x1fff80f0                row_rd
                0x1fff8100                p2v
 .data          0x1fff8110        0x8 .\CortexM3\ARM_GCC_541\Release\FinalEmulator.a(CyDmac.o)
 .data          0x1fff8118       0x10 .\CortexM3\ARM_GCC_541\Release\FinalEmulator.a(CyLib.o)
                0x1fff8118                cydelay_freq_mhz
                0x1fff811c                cydelay_32k_ms
                0x1fff8120                cydelay_freq_khz
                0x1fff8124                cydelay_freq_hz
 .data          0x1fff8128        0x1 .\CortexM3\ARM_GCC_541\Release\FinalEmulator.a(DMA_dma.o)
                0x1fff8128                DMA_DmaHandle
 *fill*         0x1fff8129        0x3 
 .data.impure_data
                0x1fff812c       0x60 c:/program files (x86)/cypress/psoc creator/4.2/psoc creator/import/gnu/arm/5.4.1/bin/../lib/gcc/arm-none-eabi/5.4.1/../../../../arm-none-eabi/lib/armv7-m\libg_nano.a(lib_a-impure.o)
 .data._impure_ptr
                0x1fff818c        0x4 c:/program files (x86)/cypress/psoc creator/4.2/psoc creator/import/gnu/arm/5.4.1/bin/../lib/gcc/arm-none-eabi/5.4.1/../../../../arm-none-eabi/lib/armv7-m\libg_nano.a(lib_a-impure.o)
                0x1fff818c                _impure_ptr
                0x1fff8190                . = ALIGN (0x8)
 *(.ram)
                0x1fff8190                _edata = .

.igot.plt       0x1fff8190        0x0 load address 0x00002ef0
 .igot.plt      0x1fff8190        0x0 c:/program files (x86)/cypress/psoc creator/4.2/psoc creator/import/gnu/arm/5.4.1/bin/../lib/gcc/arm-none-eabi/5.4.1/armv7-m/crtbegin.o

.vram           0x1fff8190     0x3000 load address 0x00002ef0
 .vram          0x1fff8190     0x3000 .\CortexM3\ARM_GCC_541\Release\main.o
                0x1fff8190                vbuf

.bss            0x1fffb190      0x130 load address 0x00005ef0
                0x1fffb190                PROVIDE (__bss_start__, .)
 *(.shbss)
 *(.bss .bss.* .gnu.linkonce.b.*)
 .bss           0x1fffb190       0x1c c:/program files (x86)/cypress/psoc creator/4.2/psoc creator/import/gnu/arm/5.4.1/bin/../lib/gcc/arm-none-eabi/5.4.1/armv7-m/crtbegin.o
 .bss           0x1fffb1ac        0x2 .\CortexM3\ARM_GCC_541\Release\main.o
                0x1fffb1ac                tmr
                0x1fffb1ad                snd
 .bss           0x1fffb1ae        0x1 .\CortexM3\ARM_GCC_541\Release\FinalEmulator.a(random.o)
                0x1fffb1ae                random_initVar
 .bss           0x1fffb1af        0x1 .\CortexM3\ARM_GCC_541\Release\FinalEmulator.a(HORIZ.o)
                0x1fffb1af                HORIZ_initVar
 .bss           0x1fffb1b0        0x1 .\CortexM3\ARM_GCC_541\Release\FinalEmulator.a(VERT.o)
                0x1fffb1b0                VERT_initVar
 .bss           0x1fffb1b1        0x1 .\CortexM3\ARM_GCC_541\Release\FinalEmulator.a(VSYNC.o)
                0x1fffb1b1                VSYNC_initVar
 .bss           0x1fffb1b2        0x1 .\CortexM3\ARM_GCC_541\Release\FinalEmulator.a(HSYNC.o)
                0x1fffb1b2                HSYNC_initVar
 *(COMMON)
 *fill*         0x1fffb1b3        0x5 
 COMMON         0x1fffb1b8      0x108 .\CortexM3\ARM_GCC_541\Release\main.o
                0x1fffb1b8                dma_chan
                0x1fffb1b9                dma_td
                0x1fffb1c0                vram
                0x1fffb2c0                . = ALIGN (0x8)
 *(.ram.b)
                0x1fffb2c0                _end = .
                0x1fffb2c0                __end = .
                0x1fffb2c0                PROVIDE (end, .)
                0x1fffb2c0                PROVIDE (__bss_end__, .)
                0x00002e28                __cy_region_init_ram = LOADADDR (.data)
                0x000000c8                __cy_region_init_size_ram = (_edata - ADDR (.data))
                0x00003130                __cy_region_zero_size_ram = (_end - _edata)

.heap           0x1fffb2c0       0x80 load address 0x00005ef0
                0x1fffb2c0                . = _end
                0x1fffb340                . = (. + 0x80)
 *fill*         0x1fffb2c0       0x80 
                0x1fffb340                __cy_heap_limit = .

.stack          0x20007800      0x800
                0x20007800                __cy_stack_limit = .
                0x20008000                . = (. + 0x800)
 *fill*         0x20007800      0x800 
                0x00000001                ASSERT ((__cy_stack_limit >= __cy_heap_limit), region RAM overflowed with stack)
                0x00000000                cy_checksum_exclude_size = (CY_APPL_LOADABLE == 0x1)?SIZEOF (.cy_checksum_exclude):0x0
                0x00000001                ASSERT ((cy_checksum_exclude_size <= CY_CHECKSUM_EXCLUDE_SIZE), CY_BOOT: Section .cy_checksum_exclude size exceedes specified limit.)

.cyloadermeta
 *(.cyloadermeta)

.cyloadablemeta
 *(.cyloadablemeta)

.cyconfigecc    0x80000000      0x2d8
 *(.cyconfigecc)
 .cyconfigecc   0x80000000      0x2d8 .\CortexM3\ARM_GCC_541\Release\cymetadata.o
                0x80000000                cy_meta_configecc

.cycustnvl      0x90000000        0x4
 *(.cycustnvl)
 .cycustnvl     0x90000000        0x4 .\CortexM3\ARM_GCC_541\Release\cymetadata.o
                0x90000000                cy_meta_custnvl

.cywolatch      0x90100000        0x4
 *(.cywolatch)
 .cywolatch     0x90100000        0x4 .\CortexM3\ARM_GCC_541\Release\cymetadata.o
                0x90100000                cy_meta_wonvl

.cyeeprom       0x90200000        0x0
 *(.cyeeprom)
                0x00000001                ASSERT ((. <= ((0x90200000 + ee_offset) + ee_size)), .cyeeprom data will not fit in EEPROM)

.cyflashprotect
                0x90400000      0x100
 *(.cyflashprotect)
 .cyflashprotect
                0x90400000      0x100 .\CortexM3\ARM_GCC_541\Release\cymetadata.o
                0x90400000                cy_meta_flashprotect

.cymeta         0x90500000        0xc
 *(.cymeta)
 .cymeta        0x90500000        0xc .\CortexM3\ARM_GCC_541\Release\cymetadata.o
                0x90500000                cy_metadata

.rel.dyn        0x00005ef0        0x0 load address 0x9050000c
 .rel.iplt      0x00005ef0        0x0 c:/program files (x86)/cypress/psoc creator/4.2/psoc creator/import/gnu/arm/5.4.1/bin/../lib/gcc/arm-none-eabi/5.4.1/armv7-m/crtbegin.o

.stab
 *(.stab)

.stabstr
 *(.stabstr)

.debug
 *(.debug)

.line
 *(.line)

.debug_srcinfo
 *(.debug_srcinfo)

.debug_sfnames
 *(.debug_sfnames)

.debug_aranges  0x00000000      0xc00
 *(.debug_aranges)
 .debug_aranges
                0x00000000       0x30 .\CortexM3\ARM_GCC_541\Release\main.o
 .debug_aranges
                0x00000030       0x20 .\CortexM3\ARM_GCC_541\Release\procr.o
 .debug_aranges
                0x00000050       0x20 .\CortexM3\ARM_GCC_541\Release\video.o
 .debug_aranges
                0x00000070       0x20 .\CortexM3\ARM_GCC_541\Release\timer.o
 .debug_aranges
                0x00000090       0x28 .\CortexM3\ARM_GCC_541\Release\keybd.o
 .debug_aranges
                0x000000b8       0x28 .\CortexM3\ARM_GCC_541\Release\cyfitter_cfg.o
 .debug_aranges
                0x000000e0       0x18 .\CortexM3\ARM_GCC_541\Release\cymetadata.o
 .debug_aranges
                0x000000f8       0x48 .\CortexM3\ARM_GCC_541\Release\Cm3Start.o
 .debug_aranges
                0x00000140       0xd8 .\CortexM3\ARM_GCC_541\Release\FinalEmulator.a(CyDmac.o)
 .debug_aranges
                0x00000218      0x288 .\CortexM3\ARM_GCC_541\Release\FinalEmulator.a(CyLib.o)
 .debug_aranges
                0x000004a0       0x78 .\CortexM3\ARM_GCC_541\Release\FinalEmulator.a(cyPm.o)
 .debug_aranges
                0x00000518       0x80 .\CortexM3\ARM_GCC_541\Release\FinalEmulator.a(isr_timer.o)
 .debug_aranges
                0x00000598       0x38 .\CortexM3\ARM_GCC_541\Release\FinalEmulator.a(pin_led.o)
 .debug_aranges
                0x000005d0       0x60 .\CortexM3\ARM_GCC_541\Release\FinalEmulator.a(random.o)
 .debug_aranges
                0x00000630       0x38 .\CortexM3\ARM_GCC_541\Release\FinalEmulator.a(pin_snd.o)
 .debug_aranges
                0x00000668       0x90 .\CortexM3\ARM_GCC_541\Release\FinalEmulator.a(HORIZ.o)
 .debug_aranges
                0x000006f8       0x80 .\CortexM3\ARM_GCC_541\Release\FinalEmulator.a(VERT.o)
 .debug_aranges
                0x00000778       0x80 .\CortexM3\ARM_GCC_541\Release\FinalEmulator.a(VSYNC.o)
 .debug_aranges
                0x000007f8       0x80 .\CortexM3\ARM_GCC_541\Release\FinalEmulator.a(HSYNC.o)
 .debug_aranges
                0x00000878       0x28 .\CortexM3\ARM_GCC_541\Release\FinalEmulator.a(DMA_dma.o)
 .debug_aranges
                0x000008a0       0x80 .\CortexM3\ARM_GCC_541\Release\FinalEmulator.a(NEWLINE.o)
 .debug_aranges
                0x00000920       0x38 .\CortexM3\ARM_GCC_541\Release\FinalEmulator.a(Row_1.o)
 .debug_aranges
                0x00000958       0x38 .\CortexM3\ARM_GCC_541\Release\FinalEmulator.a(Row_2.o)
 .debug_aranges
                0x00000990       0x38 .\CortexM3\ARM_GCC_541\Release\FinalEmulator.a(Row_4.o)
 .debug_aranges
                0x000009c8       0x38 .\CortexM3\ARM_GCC_541\Release\FinalEmulator.a(Row_3.o)
 .debug_aranges
                0x00000a00       0x38 .\CortexM3\ARM_GCC_541\Release\FinalEmulator.a(Col_1.o)
 .debug_aranges
                0x00000a38       0x38 .\CortexM3\ARM_GCC_541\Release\FinalEmulator.a(Col_2.o)
 .debug_aranges
                0x00000a70       0x38 .\CortexM3\ARM_GCC_541\Release\FinalEmulator.a(Col_3.o)
 .debug_aranges
                0x00000aa8       0x38 .\CortexM3\ARM_GCC_541\Release\FinalEmulator.a(Col_4.o)
 .debug_aranges
                0x00000ae0       0x20 .\CortexM3\ARM_GCC_541\Release\FinalEmulator.a(CyBootAsmGnu.o)
 .debug_aranges
                0x00000b00       0x80 .\CortexM3\ARM_GCC_541\Release\FinalEmulator.a(CyFlash.o)
 .debug_aranges
                0x00000b80       0x80 .\CortexM3\ARM_GCC_541\Release\FinalEmulator.a(CySpc.o)

.debug_pubnames
 *(.debug_pubnames)

.debug_info     0x00000000     0x77ff
 *(.debug_info .gnu.linkonce.wi.*)
 .debug_info    0x00000000      0x4b5 .\CortexM3\ARM_GCC_541\Release\main.o
 .debug_info    0x000004b5      0x43d .\CortexM3\ARM_GCC_541\Release\procr.o
 .debug_info    0x000008f2      0x293 .\CortexM3\ARM_GCC_541\Release\video.o
 .debug_info    0x00000b85      0x129 .\CortexM3\ARM_GCC_541\Release\timer.o
 .debug_info    0x00000cae      0x322 .\CortexM3\ARM_GCC_541\Release\keybd.o
 .debug_info    0x00000fd0      0x501 .\CortexM3\ARM_GCC_541\Release\cyfitter_cfg.o
 .debug_info    0x000014d1      0x135 .\CortexM3\ARM_GCC_541\Release\cymetadata.o
 .debug_info    0x00001606      0x3cf .\CortexM3\ARM_GCC_541\Release\Cm3Start.o
 .debug_info    0x000019d5      0x95e .\CortexM3\ARM_GCC_541\Release\FinalEmulator.a(CyDmac.o)
 .debug_info    0x00002333     0x1790 .\CortexM3\ARM_GCC_541\Release\FinalEmulator.a(CyLib.o)
 .debug_info    0x00003ac3      0x9ab .\CortexM3\ARM_GCC_541\Release\FinalEmulator.a(cyPm.o)
 .debug_info    0x0000446e      0x381 .\CortexM3\ARM_GCC_541\Release\FinalEmulator.a(isr_timer.o)
 .debug_info    0x000047ef      0x121 .\CortexM3\ARM_GCC_541\Release\FinalEmulator.a(pin_led.o)
 .debug_info    0x00004910      0x38c .\CortexM3\ARM_GCC_541\Release\FinalEmulator.a(random.o)
 .debug_info    0x00004c9c      0x121 .\CortexM3\ARM_GCC_541\Release\FinalEmulator.a(pin_snd.o)
 .debug_info    0x00004dbd      0x3d6 .\CortexM3\ARM_GCC_541\Release\FinalEmulator.a(HORIZ.o)
 .debug_info    0x00005193      0x36a .\CortexM3\ARM_GCC_541\Release\FinalEmulator.a(VERT.o)
 .debug_info    0x000054fd      0x34d .\CortexM3\ARM_GCC_541\Release\FinalEmulator.a(VSYNC.o)
 .debug_info    0x0000584a      0x34d .\CortexM3\ARM_GCC_541\Release\FinalEmulator.a(HSYNC.o)
 .debug_info    0x00005b97      0x1aa .\CortexM3\ARM_GCC_541\Release\FinalEmulator.a(DMA_dma.o)
 .debug_info    0x00005d41      0x381 .\CortexM3\ARM_GCC_541\Release\FinalEmulator.a(NEWLINE.o)
 .debug_info    0x000060c2      0x121 .\CortexM3\ARM_GCC_541\Release\FinalEmulator.a(Row_1.o)
 .debug_info    0x000061e3      0x121 .\CortexM3\ARM_GCC_541\Release\FinalEmulator.a(Row_2.o)
 .debug_info    0x00006304      0x121 .\CortexM3\ARM_GCC_541\Release\FinalEmulator.a(Row_4.o)
 .debug_info    0x00006425      0x121 .\CortexM3\ARM_GCC_541\Release\FinalEmulator.a(Row_3.o)
 .debug_info    0x00006546      0x121 .\CortexM3\ARM_GCC_541\Release\FinalEmulator.a(Col_1.o)
 .debug_info    0x00006667      0x121 .\CortexM3\ARM_GCC_541\Release\FinalEmulator.a(Col_2.o)
 .debug_info    0x00006788      0x121 .\CortexM3\ARM_GCC_541\Release\FinalEmulator.a(Col_3.o)
 .debug_info    0x000068a9      0x121 .\CortexM3\ARM_GCC_541\Release\FinalEmulator.a(Col_4.o)
 .debug_info    0x000069ca       0xb8 .\CortexM3\ARM_GCC_541\Release\FinalEmulator.a(CyBootAsmGnu.o)
 .debug_info    0x00006a82      0x81c .\CortexM3\ARM_GCC_541\Release\FinalEmulator.a(CyFlash.o)
 .debug_info    0x0000729e      0x561 .\CortexM3\ARM_GCC_541\Release\FinalEmulator.a(CySpc.o)

.debug_abbrev   0x00000000     0x2867
 *(.debug_abbrev)
 .debug_abbrev  0x00000000      0x139 .\CortexM3\ARM_GCC_541\Release\main.o
 .debug_abbrev  0x00000139      0x164 .\CortexM3\ARM_GCC_541\Release\procr.o
 .debug_abbrev  0x0000029d      0x122 .\CortexM3\ARM_GCC_541\Release\video.o
 .debug_abbrev  0x000003bf       0xba .\CortexM3\ARM_GCC_541\Release\timer.o
 .debug_abbrev  0x00000479      0x18b .\CortexM3\ARM_GCC_541\Release\keybd.o
 .debug_abbrev  0x00000604      0x220 .\CortexM3\ARM_GCC_541\Release\cyfitter_cfg.o
 .debug_abbrev  0x00000824       0x66 .\CortexM3\ARM_GCC_541\Release\cymetadata.o
 .debug_abbrev  0x0000088a      0x1f6 .\CortexM3\ARM_GCC_541\Release\Cm3Start.o
 .debug_abbrev  0x00000a80      0x1c7 .\CortexM3\ARM_GCC_541\Release\FinalEmulator.a(CyDmac.o)
 .debug_abbrev  0x00000c47      0x39b .\CortexM3\ARM_GCC_541\Release\FinalEmulator.a(CyLib.o)
 .debug_abbrev  0x00000fe2      0x1cf .\CortexM3\ARM_GCC_541\Release\FinalEmulator.a(cyPm.o)
 .debug_abbrev  0x000011b1      0x1e9 .\CortexM3\ARM_GCC_541\Release\FinalEmulator.a(isr_timer.o)
 .debug_abbrev  0x0000139a       0x90 .\CortexM3\ARM_GCC_541\Release\FinalEmulator.a(pin_led.o)
 .debug_abbrev  0x0000142a      0x1b1 .\CortexM3\ARM_GCC_541\Release\FinalEmulator.a(random.o)
 .debug_abbrev  0x000015db       0x90 .\CortexM3\ARM_GCC_541\Release\FinalEmulator.a(pin_snd.o)
 .debug_abbrev  0x0000166b      0x1c6 .\CortexM3\ARM_GCC_541\Release\FinalEmulator.a(HORIZ.o)
 .debug_abbrev  0x00001831      0x1b3 .\CortexM3\ARM_GCC_541\Release\FinalEmulator.a(VERT.o)
 .debug_abbrev  0x000019e4      0x1b3 .\CortexM3\ARM_GCC_541\Release\FinalEmulator.a(VSYNC.o)
 .debug_abbrev  0x00001b97      0x1b3 .\CortexM3\ARM_GCC_541\Release\FinalEmulator.a(HSYNC.o)
 .debug_abbrev  0x00001d4a       0xd0 .\CortexM3\ARM_GCC_541\Release\FinalEmulator.a(DMA_dma.o)
 .debug_abbrev  0x00001e1a      0x1e9 .\CortexM3\ARM_GCC_541\Release\FinalEmulator.a(NEWLINE.o)
 .debug_abbrev  0x00002003       0x90 .\CortexM3\ARM_GCC_541\Release\FinalEmulator.a(Row_1.o)
 .debug_abbrev  0x00002093       0x90 .\CortexM3\ARM_GCC_541\Release\FinalEmulator.a(Row_2.o)
 .debug_abbrev  0x00002123       0x90 .\CortexM3\ARM_GCC_541\Release\FinalEmulator.a(Row_4.o)
 .debug_abbrev  0x000021b3       0x90 .\CortexM3\ARM_GCC_541\Release\FinalEmulator.a(Row_3.o)
 .debug_abbrev  0x00002243       0x90 .\CortexM3\ARM_GCC_541\Release\FinalEmulator.a(Col_1.o)
 .debug_abbrev  0x000022d3       0x90 .\CortexM3\ARM_GCC_541\Release\FinalEmulator.a(Col_2.o)
 .debug_abbrev  0x00002363       0x90 .\CortexM3\ARM_GCC_541\Release\FinalEmulator.a(Col_3.o)
 .debug_abbrev  0x000023f3       0x90 .\CortexM3\ARM_GCC_541\Release\FinalEmulator.a(Col_4.o)
 .debug_abbrev  0x00002483       0x14 .\CortexM3\ARM_GCC_541\Release\FinalEmulator.a(CyBootAsmGnu.o)
 .debug_abbrev  0x00002497      0x23d .\CortexM3\ARM_GCC_541\Release\FinalEmulator.a(CyFlash.o)
 .debug_abbrev  0x000026d4      0x193 .\CortexM3\ARM_GCC_541\Release\FinalEmulator.a(CySpc.o)

.debug_line     0x00000000     0x39de
 *(.debug_line)
 .debug_line    0x00000000      0x22a .\CortexM3\ARM_GCC_541\Release\main.o
 .debug_line    0x0000022a      0x2d1 .\CortexM3\ARM_GCC_541\Release\procr.o
 .debug_line    0x000004fb      0x1d0 .\CortexM3\ARM_GCC_541\Release\video.o
 .debug_line    0x000006cb      0x189 .\CortexM3\ARM_GCC_541\Release\timer.o
 .debug_line    0x00000854      0x19c .\CortexM3\ARM_GCC_541\Release\keybd.o
 .debug_line    0x000009f0      0x218 .\CortexM3\ARM_GCC_541\Release\cyfitter_cfg.o
 .debug_line    0x00000c08      0x141 .\CortexM3\ARM_GCC_541\Release\cymetadata.o
 .debug_line    0x00000d49      0x22b .\CortexM3\ARM_GCC_541\Release\Cm3Start.o
 .debug_line    0x00000f74      0x31c .\CortexM3\ARM_GCC_541\Release\FinalEmulator.a(CyDmac.o)
 .debug_line    0x00001290      0xa8a .\CortexM3\ARM_GCC_541\Release\FinalEmulator.a(CyLib.o)
 .debug_line    0x00001d1a      0x507 .\CortexM3\ARM_GCC_541\Release\FinalEmulator.a(cyPm.o)
 .debug_line    0x00002221      0x1a4 .\CortexM3\ARM_GCC_541\Release\FinalEmulator.a(isr_timer.o)
 .debug_line    0x000023c5       0x96 .\CortexM3\ARM_GCC_541\Release\FinalEmulator.a(pin_led.o)
 .debug_line    0x0000245b      0x17b .\CortexM3\ARM_GCC_541\Release\FinalEmulator.a(random.o)
 .debug_line    0x000025d6       0x96 .\CortexM3\ARM_GCC_541\Release\FinalEmulator.a(pin_snd.o)
 .debug_line    0x0000266c      0x1e3 .\CortexM3\ARM_GCC_541\Release\FinalEmulator.a(HORIZ.o)
 .debug_line    0x0000284f      0x1bb .\CortexM3\ARM_GCC_541\Release\FinalEmulator.a(VERT.o)
 .debug_line    0x00002a0a      0x1a1 .\CortexM3\ARM_GCC_541\Release\FinalEmulator.a(VSYNC.o)
 .debug_line    0x00002bab      0x1a1 .\CortexM3\ARM_GCC_541\Release\FinalEmulator.a(HSYNC.o)
 .debug_line    0x00002d4c       0x82 .\CortexM3\ARM_GCC_541\Release\FinalEmulator.a(DMA_dma.o)
 .debug_line    0x00002dce      0x1a2 .\CortexM3\ARM_GCC_541\Release\FinalEmulator.a(NEWLINE.o)
 .debug_line    0x00002f70       0x92 .\CortexM3\ARM_GCC_541\Release\FinalEmulator.a(Row_1.o)
 .debug_line    0x00003002       0x94 .\CortexM3\ARM_GCC_541\Release\FinalEmulator.a(Row_2.o)
 .debug_line    0x00003096       0x94 .\CortexM3\ARM_GCC_541\Release\FinalEmulator.a(Row_4.o)
 .debug_line    0x0000312a       0x94 .\CortexM3\ARM_GCC_541\Release\FinalEmulator.a(Row_3.o)
 .debug_line    0x000031be       0x94 .\CortexM3\ARM_GCC_541\Release\FinalEmulator.a(Col_1.o)
 .debug_line    0x00003252       0x94 .\CortexM3\ARM_GCC_541\Release\FinalEmulator.a(Col_2.o)
 .debug_line    0x000032e6       0x94 .\CortexM3\ARM_GCC_541\Release\FinalEmulator.a(Col_3.o)
 .debug_line    0x0000337a       0x94 .\CortexM3\ARM_GCC_541\Release\FinalEmulator.a(Col_4.o)
 .debug_line    0x0000340e       0x66 .\CortexM3\ARM_GCC_541\Release\FinalEmulator.a(CyBootAsmGnu.o)
 .debug_line    0x00003474      0x2b1 .\CortexM3\ARM_GCC_541\Release\FinalEmulator.a(CyFlash.o)
 .debug_line    0x00003725      0x2b9 .\CortexM3\ARM_GCC_541\Release\FinalEmulator.a(CySpc.o)

.debug_frame    0x00000000     0x1e20
 *(.debug_frame)
 .debug_frame   0x00000000       0x78 .\CortexM3\ARM_GCC_541\Release\main.o
 .debug_frame   0x00000078       0x4c .\CortexM3\ARM_GCC_541\Release\procr.o
 .debug_frame   0x000000c4       0x6c .\CortexM3\ARM_GCC_541\Release\video.o
 .debug_frame   0x00000130       0x20 .\CortexM3\ARM_GCC_541\Release\timer.o
 .debug_frame   0x00000150       0x5c .\CortexM3\ARM_GCC_541\Release\keybd.o
 .debug_frame   0x000001ac       0x48 .\CortexM3\ARM_GCC_541\Release\cyfitter_cfg.o
 .debug_frame   0x000001f4       0xbc .\CortexM3\ARM_GCC_541\Release\Cm3Start.o
 .debug_frame   0x000002b0      0x260 .\CortexM3\ARM_GCC_541\Release\FinalEmulator.a(CyDmac.o)
 .debug_frame   0x00000510      0x740 .\CortexM3\ARM_GCC_541\Release\FinalEmulator.a(CyLib.o)
 .debug_frame   0x00000c50      0x1f0 .\CortexM3\ARM_GCC_541\Release\FinalEmulator.a(cyPm.o)
 .debug_frame   0x00000e40      0x110 .\CortexM3\ARM_GCC_541\Release\FinalEmulator.a(isr_timer.o)
 .debug_frame   0x00000f50       0x50 .\CortexM3\ARM_GCC_541\Release\FinalEmulator.a(pin_led.o)
 .debug_frame   0x00000fa0       0xc8 .\CortexM3\ARM_GCC_541\Release\FinalEmulator.a(random.o)
 .debug_frame   0x00001068       0x50 .\CortexM3\ARM_GCC_541\Release\FinalEmulator.a(pin_snd.o)
 .debug_frame   0x000010b8      0x138 .\CortexM3\ARM_GCC_541\Release\FinalEmulator.a(HORIZ.o)
 .debug_frame   0x000011f0      0x114 .\CortexM3\ARM_GCC_541\Release\FinalEmulator.a(VERT.o)
 .debug_frame   0x00001304      0x10c .\CortexM3\ARM_GCC_541\Release\FinalEmulator.a(VSYNC.o)
 .debug_frame   0x00001410      0x10c .\CortexM3\ARM_GCC_541\Release\FinalEmulator.a(HSYNC.o)
 .debug_frame   0x0000151c       0x48 .\CortexM3\ARM_GCC_541\Release\FinalEmulator.a(DMA_dma.o)
 .debug_frame   0x00001564      0x110 .\CortexM3\ARM_GCC_541\Release\FinalEmulator.a(NEWLINE.o)
 .debug_frame   0x00001674       0x50 .\CortexM3\ARM_GCC_541\Release\FinalEmulator.a(Row_1.o)
 .debug_frame   0x000016c4       0x50 .\CortexM3\ARM_GCC_541\Release\FinalEmulator.a(Row_2.o)
 .debug_frame   0x00001714       0x50 .\CortexM3\ARM_GCC_541\Release\FinalEmulator.a(Row_4.o)
 .debug_frame   0x00001764       0x50 .\CortexM3\ARM_GCC_541\Release\FinalEmulator.a(Row_3.o)
 .debug_frame   0x000017b4       0x50 .\CortexM3\ARM_GCC_541\Release\FinalEmulator.a(Col_1.o)
 .debug_frame   0x00001804       0x50 .\CortexM3\ARM_GCC_541\Release\FinalEmulator.a(Col_2.o)
 .debug_frame   0x00001854       0x50 .\CortexM3\ARM_GCC_541\Release\FinalEmulator.a(Col_3.o)
 .debug_frame   0x000018a4       0x50 .\CortexM3\ARM_GCC_541\Release\FinalEmulator.a(Col_4.o)
 .debug_frame   0x000018f4      0x200 .\CortexM3\ARM_GCC_541\Release\FinalEmulator.a(CyFlash.o)
 .debug_frame   0x00001af4      0x298 .\CortexM3\ARM_GCC_541\Release\FinalEmulator.a(CySpc.o)
 .debug_frame   0x00001d8c       0x20 c:/program files (x86)/cypress/psoc creator/4.2/psoc creator/import/gnu/arm/5.4.1/bin/../lib/gcc/arm-none-eabi/5.4.1/../../../../arm-none-eabi/lib/armv7-m\libg_nano.a(lib_a-errno.o)
 .debug_frame   0x00001dac       0x28 c:/program files (x86)/cypress/psoc creator/4.2/psoc creator/import/gnu/arm/5.4.1/bin/../lib/gcc/arm-none-eabi/5.4.1/../../../../arm-none-eabi/lib/armv7-m\libg_nano.a(lib_a-exit.o)
 .debug_frame   0x00001dd4       0x2c c:/program files (x86)/cypress/psoc creator/4.2/psoc creator/import/gnu/arm/5.4.1/bin/../lib/gcc/arm-none-eabi/5.4.1/../../../../arm-none-eabi/lib/armv7-m\libg_nano.a(lib_a-init.o)
 .debug_frame   0x00001e00       0x20 c:/program files (x86)/cypress/psoc creator/4.2/psoc creator/import/gnu/arm/5.4.1/bin/../lib/gcc/arm-none-eabi/5.4.1/../../../../arm-none-eabi/lib/armv7-m\libg_nano.a(lib_a-memset.o)

.debug_str      0x00000000     0x231a
 *(.debug_str)
 .debug_str     0x00000000      0x303 .\CortexM3\ARM_GCC_541\Release\main.o
                                0x37c (size before relaxing)
 .debug_str     0x00000303       0x69 .\CortexM3\ARM_GCC_541\Release\procr.o
                                0x27e (size before relaxing)
 .debug_str     0x0000036c       0x5e .\CortexM3\ARM_GCC_541\Release\video.o
                                0x2a2 (size before relaxing)
 .debug_str     0x000003ca        0xe .\CortexM3\ARM_GCC_541\Release\timer.o
                                0x1fa (size before relaxing)
 .debug_str     0x000003d8       0x23 .\CortexM3\ARM_GCC_541\Release\keybd.o
                                0x214 (size before relaxing)
 .debug_str     0x000003fb      0x164 .\CortexM3\ARM_GCC_541\Release\cyfitter_cfg.o
                                0x33a (size before relaxing)
 .debug_str     0x0000055f       0x75 .\CortexM3\ARM_GCC_541\Release\cymetadata.o
                                0x20c (size before relaxing)
 .debug_str     0x000005d4      0x154 .\CortexM3\ARM_GCC_541\Release\Cm3Start.o
                                0x342 (size before relaxing)
 .debug_str     0x00000728      0x30a .\CortexM3\ARM_GCC_541\Release\FinalEmulator.a(CyDmac.o)
                                0x572 (size before relaxing)
 .debug_str     0x00000a32      0x7f1 .\CortexM3\ARM_GCC_541\Release\FinalEmulator.a(CyLib.o)
                                0xa6f (size before relaxing)
 .debug_str     0x00001223      0x365 .\CortexM3\ARM_GCC_541\Release\FinalEmulator.a(cyPm.o)
                                0x754 (size before relaxing)
 .debug_str     0x00001588      0x10c .\CortexM3\ARM_GCC_541\Release\FinalEmulator.a(isr_timer.o)
                                0x306 (size before relaxing)
 .debug_str     0x00001694       0x62 .\CortexM3\ARM_GCC_541\Release\FinalEmulator.a(pin_led.o)
                                0x214 (size before relaxing)
 .debug_str     0x000016f6       0xde .\CortexM3\ARM_GCC_541\Release\FinalEmulator.a(random.o)
                                0x2ec (size before relaxing)
 .debug_str     0x000017d4       0x57 .\CortexM3\ARM_GCC_541\Release\FinalEmulator.a(pin_snd.o)
                                0x214 (size before relaxing)
 .debug_str     0x0000182b      0x158 .\CortexM3\ARM_GCC_541\Release\FinalEmulator.a(HORIZ.o)
                                0x312 (size before relaxing)
 .debug_str     0x00001983       0xe5 .\CortexM3\ARM_GCC_541\Release\FinalEmulator.a(VERT.o)
                                0x2e7 (size before relaxing)
 .debug_str     0x00001a68      0x104 .\CortexM3\ARM_GCC_541\Release\FinalEmulator.a(VSYNC.o)
                                0x2e9 (size before relaxing)
 .debug_str     0x00001b6c      0x104 .\CortexM3\ARM_GCC_541\Release\FinalEmulator.a(HSYNC.o)
                                0x2e9 (size before relaxing)
 .debug_str     0x00001c70       0x79 .\CortexM3\ARM_GCC_541\Release\FinalEmulator.a(DMA_dma.o)
                                0x28c (size before relaxing)
 .debug_str     0x00001ce9       0xf2 .\CortexM3\ARM_GCC_541\Release\FinalEmulator.a(NEWLINE.o)
                                0x2ea (size before relaxing)
 .debug_str     0x00001ddb       0x5b .\CortexM3\ARM_GCC_541\Release\FinalEmulator.a(Row_1.o)
                                0x20a (size before relaxing)
 .debug_str     0x00001e36       0x5b .\CortexM3\ARM_GCC_541\Release\FinalEmulator.a(Row_2.o)
                                0x20a (size before relaxing)
 .debug_str     0x00001e91       0x5b .\CortexM3\ARM_GCC_541\Release\FinalEmulator.a(Row_4.o)
                                0x20a (size before relaxing)
 .debug_str     0x00001eec       0x5b .\CortexM3\ARM_GCC_541\Release\FinalEmulator.a(Row_3.o)
                                0x20a (size before relaxing)
 .debug_str     0x00001f47       0x5b .\CortexM3\ARM_GCC_541\Release\FinalEmulator.a(Col_1.o)
                                0x20a (size before relaxing)
 .debug_str     0x00001fa2       0x5b .\CortexM3\ARM_GCC_541\Release\FinalEmulator.a(Col_2.o)
                                0x20a (size before relaxing)
 .debug_str     0x00001ffd       0x5b .\CortexM3\ARM_GCC_541\Release\FinalEmulator.a(Col_3.o)
                                0x20a (size before relaxing)
 .debug_str     0x00002058       0x5b .\CortexM3\ARM_GCC_541\Release\FinalEmulator.a(Col_4.o)
                                0x20a (size before relaxing)
 .debug_str     0x000020b3      0x1bb .\CortexM3\ARM_GCC_541\Release\FinalEmulator.a(CyFlash.o)
                                0x3e1 (size before relaxing)
 .debug_str     0x0000226e       0xac .\CortexM3\ARM_GCC_541\Release\FinalEmulator.a(CySpc.o)
                                0x360 (size before relaxing)

.debug_loc      0x00000000     0x6381
 *(.debug_loc)
 .debug_loc     0x00000000     0x23f4 .\CortexM3\ARM_GCC_541\Release\procr.o
 .debug_loc     0x000023f4      0x20a .\CortexM3\ARM_GCC_541\Release\video.o
 .debug_loc     0x000025fe       0x5b .\CortexM3\ARM_GCC_541\Release\timer.o
 .debug_loc     0x00002659      0x1a3 .\CortexM3\ARM_GCC_541\Release\keybd.o
 .debug_loc     0x000027fc      0x2a6 .\CortexM3\ARM_GCC_541\Release\cyfitter_cfg.o
 .debug_loc     0x00002aa2      0x19b .\CortexM3\ARM_GCC_541\Release\Cm3Start.o
 .debug_loc     0x00002c3d      0xc55 .\CortexM3\ARM_GCC_541\Release\FinalEmulator.a(CyDmac.o)
 .debug_loc     0x00003892      0xe6f .\CortexM3\ARM_GCC_541\Release\FinalEmulator.a(CyLib.o)
 .debug_loc     0x00004701      0x198 .\CortexM3\ARM_GCC_541\Release\FinalEmulator.a(cyPm.o)
 .debug_loc     0x00004899       0xf3 .\CortexM3\ARM_GCC_541\Release\FinalEmulator.a(isr_timer.o)
 .debug_loc     0x0000498c       0x5a .\CortexM3\ARM_GCC_541\Release\FinalEmulator.a(pin_led.o)
 .debug_loc     0x000049e6       0xe1 .\CortexM3\ARM_GCC_541\Release\FinalEmulator.a(random.o)
 .debug_loc     0x00004ac7       0x5a .\CortexM3\ARM_GCC_541\Release\FinalEmulator.a(pin_snd.o)
 .debug_loc     0x00004b21       0xd6 .\CortexM3\ARM_GCC_541\Release\FinalEmulator.a(HORIZ.o)
 .debug_loc     0x00004bf7       0xb2 .\CortexM3\ARM_GCC_541\Release\FinalEmulator.a(VERT.o)
 .debug_loc     0x00004ca9       0xa8 .\CortexM3\ARM_GCC_541\Release\FinalEmulator.a(VSYNC.o)
 .debug_loc     0x00004d51       0xa8 .\CortexM3\ARM_GCC_541\Release\FinalEmulator.a(HSYNC.o)
 .debug_loc     0x00004df9       0x84 .\CortexM3\ARM_GCC_541\Release\FinalEmulator.a(DMA_dma.o)
 .debug_loc     0x00004e7d       0xf3 .\CortexM3\ARM_GCC_541\Release\FinalEmulator.a(NEWLINE.o)
 .debug_loc     0x00004f70       0x5a .\CortexM3\ARM_GCC_541\Release\FinalEmulator.a(Row_1.o)
 .debug_loc     0x00004fca       0x5a .\CortexM3\ARM_GCC_541\Release\FinalEmulator.a(Row_2.o)
 .debug_loc     0x00005024       0x5a .\CortexM3\ARM_GCC_541\Release\FinalEmulator.a(Row_4.o)
 .debug_loc     0x0000507e       0x5a .\CortexM3\ARM_GCC_541\Release\FinalEmulator.a(Row_3.o)
 .debug_loc     0x000050d8       0x5a .\CortexM3\ARM_GCC_541\Release\FinalEmulator.a(Col_1.o)
 .debug_loc     0x00005132       0x5a .\CortexM3\ARM_GCC_541\Release\FinalEmulator.a(Col_2.o)
 .debug_loc     0x0000518c       0x5a .\CortexM3\ARM_GCC_541\Release\FinalEmulator.a(Col_3.o)
 .debug_loc     0x000051e6       0x5a .\CortexM3\ARM_GCC_541\Release\FinalEmulator.a(Col_4.o)
 .debug_loc     0x00005240      0x846 .\CortexM3\ARM_GCC_541\Release\FinalEmulator.a(CyFlash.o)
 .debug_loc     0x00005a86      0x8fb .\CortexM3\ARM_GCC_541\Release\FinalEmulator.a(CySpc.o)

.debug_macinfo
 *(.debug_macinfo)

.debug_ranges   0x00000000     0x17e0
 *(.debug_ranges)
 .debug_ranges  0x00000000       0x20 .\CortexM3\ARM_GCC_541\Release\main.o
 .debug_ranges  0x00000020       0x90 .\CortexM3\ARM_GCC_541\Release\procr.o
 .debug_ranges  0x000000b0       0x70 .\CortexM3\ARM_GCC_541\Release\video.o
 .debug_ranges  0x00000120       0x10 .\CortexM3\ARM_GCC_541\Release\timer.o
 .debug_ranges  0x00000130       0x18 .\CortexM3\ARM_GCC_541\Release\keybd.o
 .debug_ranges  0x00000148      0x150 .\CortexM3\ARM_GCC_541\Release\cyfitter_cfg.o
 .debug_ranges  0x00000298       0x38 .\CortexM3\ARM_GCC_541\Release\Cm3Start.o
 .debug_ranges  0x000002d0       0xe0 .\CortexM3\ARM_GCC_541\Release\FinalEmulator.a(CyDmac.o)
 .debug_ranges  0x000003b0      0x610 .\CortexM3\ARM_GCC_541\Release\FinalEmulator.a(CyLib.o)
 .debug_ranges  0x000009c0      0x130 .\CortexM3\ARM_GCC_541\Release\FinalEmulator.a(cyPm.o)
 .debug_ranges  0x00000af0      0x198 .\CortexM3\ARM_GCC_541\Release\FinalEmulator.a(isr_timer.o)
 .debug_ranges  0x00000c88       0x28 .\CortexM3\ARM_GCC_541\Release\FinalEmulator.a(pin_led.o)
 .debug_ranges  0x00000cb0      0x150 .\CortexM3\ARM_GCC_541\Release\FinalEmulator.a(random.o)
 .debug_ranges  0x00000e00       0x28 .\CortexM3\ARM_GCC_541\Release\FinalEmulator.a(pin_snd.o)
 .debug_ranges  0x00000e28      0x188 .\CortexM3\ARM_GCC_541\Release\FinalEmulator.a(HORIZ.o)
 .debug_ranges  0x00000fb0      0x148 .\CortexM3\ARM_GCC_541\Release\FinalEmulator.a(VERT.o)
 .debug_ranges  0x000010f8      0x140 .\CortexM3\ARM_GCC_541\Release\FinalEmulator.a(VSYNC.o)
 .debug_ranges  0x00001238      0x140 .\CortexM3\ARM_GCC_541\Release\FinalEmulator.a(HSYNC.o)
 .debug_ranges  0x00001378       0x18 .\CortexM3\ARM_GCC_541\Release\FinalEmulator.a(DMA_dma.o)
 .debug_ranges  0x00001390      0x198 .\CortexM3\ARM_GCC_541\Release\FinalEmulator.a(NEWLINE.o)
 .debug_ranges  0x00001528       0x28 .\CortexM3\ARM_GCC_541\Release\FinalEmulator.a(Row_1.o)
 .debug_ranges  0x00001550       0x28 .\CortexM3\ARM_GCC_541\Release\FinalEmulator.a(Row_2.o)
 .debug_ranges  0x00001578       0x28 .\CortexM3\ARM_GCC_541\Release\FinalEmulator.a(Row_4.o)
 .debug_ranges  0x000015a0       0x28 .\CortexM3\ARM_GCC_541\Release\FinalEmulator.a(Row_3.o)
 .debug_ranges  0x000015c8       0x28 .\CortexM3\ARM_GCC_541\Release\FinalEmulator.a(Col_1.o)
 .debug_ranges  0x000015f0       0x28 .\CortexM3\ARM_GCC_541\Release\FinalEmulator.a(Col_2.o)
 .debug_ranges  0x00001618       0x28 .\CortexM3\ARM_GCC_541\Release\FinalEmulator.a(Col_3.o)
 .debug_ranges  0x00001640       0x28 .\CortexM3\ARM_GCC_541\Release\FinalEmulator.a(Col_4.o)
 .debug_ranges  0x00001668      0x108 .\CortexM3\ARM_GCC_541\Release\FinalEmulator.a(CyFlash.o)
 .debug_ranges  0x00001770       0x70 .\CortexM3\ARM_GCC_541\Release\FinalEmulator.a(CySpc.o)

.comment        0x00000000       0x6e
 .comment       0x00000000       0x6e .\CortexM3\ARM_GCC_541\Release\main.o
                                 0x6f (size before relaxing)
 .comment       0x0000006e       0x6f .\CortexM3\ARM_GCC_541\Release\procr.o
 .comment       0x0000006e       0x6f .\CortexM3\ARM_GCC_541\Release\video.o
 .comment       0x0000006e       0x6f .\CortexM3\ARM_GCC_541\Release\timer.o
 .comment       0x0000006e       0x6f .\CortexM3\ARM_GCC_541\Release\keybd.o
 .comment       0x0000006e       0x6f .\CortexM3\ARM_GCC_541\Release\cyfitter_cfg.o
 .comment       0x0000006e       0x6f .\CortexM3\ARM_GCC_541\Release\cymetadata.o
 .comment       0x0000006e       0x6f .\CortexM3\ARM_GCC_541\Release\Cm3Start.o
 .comment       0x0000006e       0x6f .\CortexM3\ARM_GCC_541\Release\FinalEmulator.a(CyDmac.o)
 .comment       0x0000006e       0x6f .\CortexM3\ARM_GCC_541\Release\FinalEmulator.a(CyLib.o)
 .comment       0x0000006e       0x6f .\CortexM3\ARM_GCC_541\Release\FinalEmulator.a(cyPm.o)
 .comment       0x0000006e       0x6f .\CortexM3\ARM_GCC_541\Release\FinalEmulator.a(isr_timer.o)
 .comment       0x0000006e       0x6f .\CortexM3\ARM_GCC_541\Release\FinalEmulator.a(pin_led.o)
 .comment       0x0000006e       0x6f .\CortexM3\ARM_GCC_541\Release\FinalEmulator.a(random.o)
 .comment       0x0000006e       0x6f .\CortexM3\ARM_GCC_541\Release\FinalEmulator.a(pin_snd.o)
 .comment       0x0000006e       0x6f .\CortexM3\ARM_GCC_541\Release\FinalEmulator.a(HORIZ.o)
 .comment       0x0000006e       0x6f .\CortexM3\ARM_GCC_541\Release\FinalEmulator.a(VERT.o)
 .comment       0x0000006e       0x6f .\CortexM3\ARM_GCC_541\Release\FinalEmulator.a(VSYNC.o)
 .comment       0x0000006e       0x6f .\CortexM3\ARM_GCC_541\Release\FinalEmulator.a(HSYNC.o)
 .comment       0x0000006e       0x6f .\CortexM3\ARM_GCC_541\Release\FinalEmulator.a(DMA_dma.o)
 .comment       0x0000006e       0x6f .\CortexM3\ARM_GCC_541\Release\FinalEmulator.a(NEWLINE.o)
 .comment       0x0000006e       0x6f .\CortexM3\ARM_GCC_541\Release\FinalEmulator.a(Row_1.o)
 .comment       0x0000006e       0x6f .\CortexM3\ARM_GCC_541\Release\FinalEmulator.a(Row_2.o)
 .comment       0x0000006e       0x6f .\CortexM3\ARM_GCC_541\Release\FinalEmulator.a(Row_4.o)
 .comment       0x0000006e       0x6f .\CortexM3\ARM_GCC_541\Release\FinalEmulator.a(Row_3.o)
 .comment       0x0000006e       0x6f .\CortexM3\ARM_GCC_541\Release\FinalEmulator.a(Col_1.o)
 .comment       0x0000006e       0x6f .\CortexM3\ARM_GCC_541\Release\FinalEmulator.a(Col_2.o)
 .comment       0x0000006e       0x6f .\CortexM3\ARM_GCC_541\Release\FinalEmulator.a(Col_3.o)
 .comment       0x0000006e       0x6f .\CortexM3\ARM_GCC_541\Release\FinalEmulator.a(Col_4.o)
 .comment       0x0000006e       0x6f .\CortexM3\ARM_GCC_541\Release\FinalEmulator.a(CyFlash.o)
 .comment       0x0000006e       0x6f .\CortexM3\ARM_GCC_541\Release\FinalEmulator.a(CySpc.o)

.debug_weaknames
 *(.debug_weaknames)

.debug_funcnames
 *(.debug_funcnames)

.debug_typenames
 *(.debug_typenames)

.debug_varnames
 *(.debug_varnames)

.note.gnu.arm.ident
 *(.note.gnu.arm.ident)

.ARM.attributes
                0x00000000       0x29
 *(.ARM.attributes)
 .ARM.attributes
                0x00000000       0x1d c:/program files (x86)/cypress/psoc creator/4.2/psoc creator/import/gnu/arm/5.4.1/bin/../lib/gcc/arm-none-eabi/5.4.1/armv7-m/crti.o
 .ARM.attributes
                0x0000001d       0x2d c:/program files (x86)/cypress/psoc creator/4.2/psoc creator/import/gnu/arm/5.4.1/bin/../lib/gcc/arm-none-eabi/5.4.1/armv7-m/crtbegin.o
 .ARM.attributes
                0x0000004a       0x1b c:/program files (x86)/cypress/psoc creator/4.2/psoc creator/import/gnu/arm/5.4.1/bin/../lib/gcc/arm-none-eabi/5.4.1/../../../../arm-none-eabi/lib/armv7-m/crt0.o
 .ARM.attributes
                0x00000065       0x33 .\CortexM3\ARM_GCC_541\Release\main.o
 .ARM.attributes
                0x00000098       0x33 .\CortexM3\ARM_GCC_541\Release\procr.o
 .ARM.attributes
                0x000000cb       0x33 .\CortexM3\ARM_GCC_541\Release\video.o
 .ARM.attributes
                0x000000fe       0x33 .\CortexM3\ARM_GCC_541\Release\timer.o
 .ARM.attributes
                0x00000131       0x33 .\CortexM3\ARM_GCC_541\Release\keybd.o
 .ARM.attributes
                0x00000164       0x33 .\CortexM3\ARM_GCC_541\Release\cyfitter_cfg.o
 .ARM.attributes
                0x00000197       0x33 .\CortexM3\ARM_GCC_541\Release\cymetadata.o
 .ARM.attributes
                0x000001ca       0x33 .\CortexM3\ARM_GCC_541\Release\Cm3Start.o
 .ARM.attributes
                0x000001fd       0x33 .\CortexM3\ARM_GCC_541\Release\FinalEmulator.a(CyDmac.o)
 .ARM.attributes
                0x00000230       0x33 .\CortexM3\ARM_GCC_541\Release\FinalEmulator.a(CyLib.o)
 .ARM.attributes
                0x00000263       0x33 .\CortexM3\ARM_GCC_541\Release\FinalEmulator.a(cyPm.o)
 .ARM.attributes
                0x00000296       0x33 .\CortexM3\ARM_GCC_541\Release\FinalEmulator.a(isr_timer.o)
 .ARM.attributes
                0x000002c9       0x33 .\CortexM3\ARM_GCC_541\Release\FinalEmulator.a(pin_led.o)
 .ARM.attributes
                0x000002fc       0x33 .\CortexM3\ARM_GCC_541\Release\FinalEmulator.a(random.o)
 .ARM.attributes
                0x0000032f       0x33 .\CortexM3\ARM_GCC_541\Release\FinalEmulator.a(pin_snd.o)
 .ARM.attributes
                0x00000362       0x33 .\CortexM3\ARM_GCC_541\Release\FinalEmulator.a(HORIZ.o)
 .ARM.attributes
                0x00000395       0x33 .\CortexM3\ARM_GCC_541\Release\FinalEmulator.a(VERT.o)
 .ARM.attributes
                0x000003c8       0x33 .\CortexM3\ARM_GCC_541\Release\FinalEmulator.a(VSYNC.o)
 .ARM.attributes
                0x000003fb       0x33 .\CortexM3\ARM_GCC_541\Release\FinalEmulator.a(HSYNC.o)
 .ARM.attributes
                0x0000042e       0x33 .\CortexM3\ARM_GCC_541\Release\FinalEmulator.a(DMA_dma.o)
 .ARM.attributes
                0x00000461       0x33 .\CortexM3\ARM_GCC_541\Release\FinalEmulator.a(NEWLINE.o)
 .ARM.attributes
                0x00000494       0x33 .\CortexM3\ARM_GCC_541\Release\FinalEmulator.a(Row_1.o)
 .ARM.attributes
                0x000004c7       0x33 .\CortexM3\ARM_GCC_541\Release\FinalEmulator.a(Row_2.o)
 .ARM.attributes
                0x000004fa       0x33 .\CortexM3\ARM_GCC_541\Release\FinalEmulator.a(Row_4.o)
 .ARM.attributes
                0x0000052d       0x33 .\CortexM3\ARM_GCC_541\Release\FinalEmulator.a(Row_3.o)
 .ARM.attributes
                0x00000560       0x33 .\CortexM3\ARM_GCC_541\Release\FinalEmulator.a(Col_1.o)
 .ARM.attributes
                0x00000593       0x33 .\CortexM3\ARM_GCC_541\Release\FinalEmulator.a(Col_2.o)
 .ARM.attributes
                0x000005c6       0x33 .\CortexM3\ARM_GCC_541\Release\FinalEmulator.a(Col_3.o)
 .ARM.attributes
                0x000005f9       0x33 .\CortexM3\ARM_GCC_541\Release\FinalEmulator.a(Col_4.o)
 .ARM.attributes
                0x0000062c       0x21 .\CortexM3\ARM_GCC_541\Release\FinalEmulator.a(CyBootAsmGnu.o)
 .ARM.attributes
                0x0000064d       0x33 .\CortexM3\ARM_GCC_541\Release\FinalEmulator.a(CyFlash.o)
 .ARM.attributes
                0x00000680       0x33 .\CortexM3\ARM_GCC_541\Release\FinalEmulator.a(CySpc.o)
 .ARM.attributes
                0x000006b3       0x2d c:/program files (x86)/cypress/psoc creator/4.2/psoc creator/import/gnu/arm/5.4.1/bin/../lib/gcc/arm-none-eabi/5.4.1/../../../../arm-none-eabi/lib/armv7-m\libg_nano.a(lib_a-errno.o)
 .ARM.attributes
                0x000006e0       0x2d c:/program files (x86)/cypress/psoc creator/4.2/psoc creator/import/gnu/arm/5.4.1/bin/../lib/gcc/arm-none-eabi/5.4.1/../../../../arm-none-eabi/lib/armv7-m\libg_nano.a(lib_a-exit.o)
 .ARM.attributes
                0x0000070d       0x2d c:/program files (x86)/cypress/psoc creator/4.2/psoc creator/import/gnu/arm/5.4.1/bin/../lib/gcc/arm-none-eabi/5.4.1/../../../../arm-none-eabi/lib/armv7-m\libg_nano.a(lib_a-impure.o)
 .ARM.attributes
                0x0000073a       0x2d c:/program files (x86)/cypress/psoc creator/4.2/psoc creator/import/gnu/arm/5.4.1/bin/../lib/gcc/arm-none-eabi/5.4.1/../../../../arm-none-eabi/lib/armv7-m\libg_nano.a(lib_a-init.o)
 .ARM.attributes
                0x00000767       0x2d c:/program files (x86)/cypress/psoc creator/4.2/psoc creator/import/gnu/arm/5.4.1/bin/../lib/gcc/arm-none-eabi/5.4.1/../../../../arm-none-eabi/lib/armv7-m\libg_nano.a(lib_a-memset.o)
 .ARM.attributes
                0x00000794       0x2d c:/program files (x86)/cypress/psoc creator/4.2/psoc creator/import/gnu/arm/5.4.1/bin/../lib/gcc/arm-none-eabi/5.4.1/armv7-m/crtend.o
 .ARM.attributes
                0x000007c1       0x1d c:/program files (x86)/cypress/psoc creator/4.2/psoc creator/import/gnu/arm/5.4.1/bin/../lib/gcc/arm-none-eabi/5.4.1/armv7-m/crtn.o

/DISCARD/
 *(.note.GNU-stack)
OUTPUT(C:\Users\info\Desktop\Spring 2019 Classes\6.115\6.115-final\PSoCCreator\Final Project\FinalEmulator.cydsn\CortexM3\ARM_GCC_541\Release\FinalEmulator.elf elf32-littlearm)
