Archive member included to satisfy reference by file (symbol)

.\CortexM3\ARM_GCC_541\Release\FinalEmulator.a(CyDmac.o)
                              .\CortexM3\ARM_GCC_541\Release\Cm3Start.o (CyDmacConfigure)
.\CortexM3\ARM_GCC_541\Release\FinalEmulator.a(CyLib.o)
                              .\CortexM3\ARM_GCC_541\Release\Cm3Start.o (CyHalt)
.\CortexM3\ARM_GCC_541\Release\FinalEmulator.a(cyPm.o)
                              .\CortexM3\ARM_GCC_541\Release\FinalEmulator.a(CyLib.o) (CyPmReadStatus)
.\CortexM3\ARM_GCC_541\Release\FinalEmulator.a(isr_timer.o)
                              .\CortexM3\ARM_GCC_541\Release\main.o (isr_timer_StartEx)
.\CortexM3\ARM_GCC_541\Release\FinalEmulator.a(pin_led.o)
                              .\CortexM3\ARM_GCC_541\Release\main.o (pin_led_Write)
.\CortexM3\ARM_GCC_541\Release\FinalEmulator.a(random.o)
                              .\CortexM3\ARM_GCC_541\Release\main.o (random_Init)
.\CortexM3\ARM_GCC_541\Release\FinalEmulator.a(pin_snd.o)
                              .\CortexM3\ARM_GCC_541\Release\timer.o (pin_snd_Write)
.\CortexM3\ARM_GCC_541\Release\FinalEmulator.a(HORIZ.o)
                              .\CortexM3\ARM_GCC_541\Release\main.o (HORIZ_Start)
.\CortexM3\ARM_GCC_541\Release\FinalEmulator.a(VERT.o)
                              .\CortexM3\ARM_GCC_541\Release\main.o (VERT_Start)
.\CortexM3\ARM_GCC_541\Release\FinalEmulator.a(VSYNC.o)
                              .\CortexM3\ARM_GCC_541\Release\main.o (VSYNC_Start)
.\CortexM3\ARM_GCC_541\Release\FinalEmulator.a(HSYNC.o)
                              .\CortexM3\ARM_GCC_541\Release\main.o (HSYNC_Start)
.\CortexM3\ARM_GCC_541\Release\FinalEmulator.a(DMA_dma.o)
                              .\CortexM3\ARM_GCC_541\Release\main.o (DMA_DmaInitialize)
.\CortexM3\ARM_GCC_541\Release\FinalEmulator.a(NEWLINE.o)
                              .\CortexM3\ARM_GCC_541\Release\main.o (NEWLINE_StartEx)
.\CortexM3\ARM_GCC_541\Release\FinalEmulator.a(Row_1.o)
                              .\CortexM3\ARM_GCC_541\Release\keybd.o (Row_1_Read)
.\CortexM3\ARM_GCC_541\Release\FinalEmulator.a(Row_2.o)
                              .\CortexM3\ARM_GCC_541\Release\keybd.o (Row_2_Read)
.\CortexM3\ARM_GCC_541\Release\FinalEmulator.a(Row_4.o)
                              .\CortexM3\ARM_GCC_541\Release\keybd.o (Row_4_Read)
.\CortexM3\ARM_GCC_541\Release\FinalEmulator.a(Row_3.o)
                              .\CortexM3\ARM_GCC_541\Release\keybd.o (Row_3_Read)
.\CortexM3\ARM_GCC_541\Release\FinalEmulator.a(Col_1.o)
                              .\CortexM3\ARM_GCC_541\Release\keybd.o (Col_1_Write)
.\CortexM3\ARM_GCC_541\Release\FinalEmulator.a(Col_2.o)
                              .\CortexM3\ARM_GCC_541\Release\keybd.o (Col_2_Write)
.\CortexM3\ARM_GCC_541\Release\FinalEmulator.a(Col_3.o)
                              .\CortexM3\ARM_GCC_541\Release\keybd.o (Col_3_Write)
.\CortexM3\ARM_GCC_541\Release\FinalEmulator.a(Col_4.o)
                              .\CortexM3\ARM_GCC_541\Release\keybd.o (Col_4_Write)
.\CortexM3\ARM_GCC_541\Release\FinalEmulator.a(pin_oled_mosi.o)
                              .\CortexM3\ARM_GCC_541\Release\oled.o (pin_oled_mosi_Write)
.\CortexM3\ARM_GCC_541\Release\FinalEmulator.a(pin_oled_clk.o)
                              .\CortexM3\ARM_GCC_541\Release\oled.o (pin_oled_clk_Write)
.\CortexM3\ARM_GCC_541\Release\FinalEmulator.a(pin_oled_cs.o)
                              .\CortexM3\ARM_GCC_541\Release\oled.o (pin_oled_cs_Write)
.\CortexM3\ARM_GCC_541\Release\FinalEmulator.a(pin_oled_dc.o)
                              .\CortexM3\ARM_GCC_541\Release\oled.o (pin_oled_dc_Write)
.\CortexM3\ARM_GCC_541\Release\FinalEmulator.a(pin_oled_rst.o)
                              .\CortexM3\ARM_GCC_541\Release\oled.o (pin_oled_rst_Write)
.\CortexM3\ARM_GCC_541\Release\FinalEmulator.a(CyBootAsmGnu.o)
                              .\CortexM3\ARM_GCC_541\Release\oled.o (CyDelayCycles)
.\CortexM3\ARM_GCC_541\Release\FinalEmulator.a(CyFlash.o)
                              .\CortexM3\ARM_GCC_541\Release\FinalEmulator.a(cyPm.o) (CyFlash_SetWaitCycles)
.\CortexM3\ARM_GCC_541\Release\FinalEmulator.a(CySpc.o)
                              .\CortexM3\ARM_GCC_541\Release\FinalEmulator.a(CyFlash.o) (CySpcStart)
c:/program files (x86)/cypress/psoc creator/4.2/psoc creator/import/gnu/arm/5.4.1/bin/../lib/gcc/arm-none-eabi/5.4.1/armv7-m\libgcc.a(_arm_addsubdf3.o)
                              .\CortexM3\ARM_GCC_541\Release\oled.o (__aeabi_ui2d)
c:/program files (x86)/cypress/psoc creator/4.2/psoc creator/import/gnu/arm/5.4.1/bin/../lib/gcc/arm-none-eabi/5.4.1/armv7-m\libgcc.a(_arm_muldivdf3.o)
                              .\CortexM3\ARM_GCC_541\Release\oled.o (__aeabi_dmul)
c:/program files (x86)/cypress/psoc creator/4.2/psoc creator/import/gnu/arm/5.4.1/bin/../lib/gcc/arm-none-eabi/5.4.1/armv7-m\libgcc.a(_arm_fixunsdfsi.o)
[...]
Memory Configuration

Name             Origin             Length             Attributes
rom              0x00000000         0x00040000         xr
ram              0x1fff8000         0x00008000         xrw
vram             0x20000000         0x00008000         xrw
*default*        0x00000000         0xffffffff

Linker script and memory map

LOAD c:/program files (x86)/cypress/psoc creator/4.2/psoc creator/import/gnu/arm/5.4.1/bin/../lib/gcc/arm-none-eabi/5.4.1/armv7-m/crti.o
LOAD c:/program files (x86)/cypress/psoc creator/4.2/psoc creator/import/gnu/arm/5.4.1/bin/../lib/gcc/arm-none-eabi/5.4.1/armv7-m/crtbegin.o
LOAD c:/program files (x86)/cypress/psoc creator/4.2/psoc creator/import/gnu/arm/5.4.1/bin/../lib/gcc/arm-none-eabi/5.4.1/../../../../arm-none-eabi/lib/armv7-m/crt0.o
START GROUP
LOAD .\CortexM3\ARM_GCC_541\Release\u8g2_bitmap.o
LOAD .\CortexM3\ARM_GCC_541\Release\u8g2_box.o
LOAD .\CortexM3\ARM_GCC_541\Release\u8g2_buffer.o
LOAD .\CortexM3\ARM_GCC_541\Release\u8g2_circle.o
LOAD .\CortexM3\ARM_GCC_541\Release\u8g2_cleardisplay.o
LOAD .\CortexM3\ARM_GCC_541\Release\u8g2_d_memory.o
LOAD .\CortexM3\ARM_GCC_541\Release\u8g2_d_setup.o
LOAD .\CortexM3\ARM_GCC_541\Release\u8g2_font.o
LOAD .\CortexM3\ARM_GCC_541\Release\u8g2_fonts.o
LOAD .\CortexM3\ARM_GCC_541\Release\u8g2_hvline.o
LOAD .\CortexM3\ARM_GCC_541\Release\u8g2_input_value.o
LOAD .\CortexM3\ARM_GCC_541\Release\u8g2_intersection.o
LOAD .\CortexM3\ARM_GCC_541\Release\u8g2_kerning.o
LOAD .\CortexM3\ARM_GCC_541\Release\u8g2_line.o
LOAD .\CortexM3\ARM_GCC_541\Release\u8g2_ll_hvline.o
LOAD .\CortexM3\ARM_GCC_541\Release\u8g2_message.o
LOAD .\CortexM3\ARM_GCC_541\Release\u8g2_polygon.o
LOAD .\CortexM3\ARM_GCC_541\Release\u8g2_selection_list.o
LOAD .\CortexM3\ARM_GCC_541\Release\u8g2_setup.o
LOAD .\CortexM3\ARM_GCC_541\Release\u8log.o
LOAD .\CortexM3\ARM_GCC_541\Release\u8log_u8g2.o
LOAD .\CortexM3\ARM_GCC_541\Release\u8log_u8x8.o
LOAD .\CortexM3\ARM_GCC_541\Release\u8x8_8x8.o
LOAD .\CortexM3\ARM_GCC_541\Release\u8x8_byte.o
LOAD .\CortexM3\ARM_GCC_541\Release\u8x8_cad.o
LOAD .\CortexM3\ARM_GCC_541\Release\u8x8_d_a2printer.o
LOAD .\CortexM3\ARM_GCC_541\Release\u8x8_d_il3820_296x128.o
LOAD .\CortexM3\ARM_GCC_541\Release\u8x8_d_ist3020.o
LOAD .\CortexM3\ARM_GCC_541\Release\u8x8_d_ks0108.o
LOAD .\CortexM3\ARM_GCC_541\Release\u8x8_d_lc7981.o
LOAD .\CortexM3\ARM_GCC_541\Release\u8x8_d_ld7032_60x32.o
LOAD .\CortexM3\ARM_GCC_541\Release\u8x8_d_ls013b7dh03.o
LOAD .\CortexM3\ARM_GCC_541\Release\u8x8_d_max7219.o
LOAD .\CortexM3\ARM_GCC_541\Release\u8x8_d_pcd8544_84x48.o
LOAD .\CortexM3\ARM_GCC_541\Release\u8x8_d_pcf8812.o
LOAD .\CortexM3\ARM_GCC_541\Release\u8x8_d_pcf8814_hx1230.o
LOAD .\CortexM3\ARM_GCC_541\Release\u8x8_d_sbn1661.o
LOAD .\CortexM3\ARM_GCC_541\Release\u8x8_d_sed1330.o
LOAD .\CortexM3\ARM_GCC_541\Release\u8x8_d_sh1106_64x32.o
LOAD .\CortexM3\ARM_GCC_541\Release\u8x8_d_sh1106_72x40.o
LOAD .\CortexM3\ARM_GCC_541\Release\u8x8_d_sh1107.o
LOAD .\CortexM3\ARM_GCC_541\Release\u8x8_d_sh1108.o
LOAD .\CortexM3\ARM_GCC_541\Release\u8x8_d_sh1122.o
LOAD .\CortexM3\ARM_GCC_541\Release\u8x8_d_ssd1305.o
LOAD .\CortexM3\ARM_GCC_541\Release\u8x8_d_ssd1306_48x64.o
LOAD .\CortexM3\ARM_GCC_541\Release\u8x8_d_ssd1306_64x32.o
LOAD .\CortexM3\ARM_GCC_541\Release\u8x8_d_ssd1306_64x48.o
LOAD .\CortexM3\ARM_GCC_541\Release\u8x8_d_ssd1306_96x16.o
LOAD .\CortexM3\ARM_GCC_541\Release\u8x8_d_ssd1306_128x32.o
LOAD .\CortexM3\ARM_GCC_541\Release\u8x8_d_ssd1306_128x64_noname.o
LOAD .\CortexM3\ARM_GCC_541\Release\u8x8_d_ssd1309.o
LOAD .\CortexM3\ARM_GCC_541\Release\u8x8_d_ssd1317.o
LOAD .\CortexM3\ARM_GCC_541\Release\u8x8_d_ssd1318.o
LOAD .\CortexM3\ARM_GCC_541\Release\u8x8_d_ssd1322.o
LOAD .\CortexM3\ARM_GCC_541\Release\u8x8_d_ssd1325.o
LOAD .\CortexM3\ARM_GCC_541\Release\u8x8_d_ssd1326.o
LOAD .\CortexM3\ARM_GCC_541\Release\u8x8_d_ssd1327.o
LOAD .\CortexM3\ARM_GCC_541\Release\u8x8_d_ssd1329.o
LOAD .\CortexM3\ARM_GCC_541\Release\u8x8_d_ssd1606_172x72.o
LOAD .\CortexM3\ARM_GCC_541\Release\u8x8_d_ssd1607_200x200.o
LOAD .\CortexM3\ARM_GCC_541\Release\u8x8_d_st7511.o
LOAD .\CortexM3\ARM_GCC_541\Release\u8x8_d_st7565.o
LOAD .\CortexM3\ARM_GCC_541\Release\u8x8_d_st7567.o
LOAD .\CortexM3\ARM_GCC_541\Release\u8x8_d_st7586s_erc240160.o
LOAD .\CortexM3\ARM_GCC_541\Release\u8x8_d_st7586s_s028hn118a.o
LOAD .\CortexM3\ARM_GCC_541\Release\u8x8_d_st7588.o
LOAD .\CortexM3\ARM_GCC_541\Release\u8x8_d_st7920.o
LOAD .\CortexM3\ARM_GCC_541\Release\u8x8_d_st75256.o
LOAD .\CortexM3\ARM_GCC_541\Release\u8x8_d_stdio.o
LOAD .\CortexM3\ARM_GCC_541\Release\u8x8_d_t6963.o
LOAD .\CortexM3\ARM_GCC_541\Release\u8x8_d_uc1601.o
LOAD .\CortexM3\ARM_GCC_541\Release\u8x8_d_uc1604.o
LOAD .\CortexM3\ARM_GCC_541\Release\u8x8_d_uc1608.o
LOAD .\CortexM3\ARM_GCC_541\Release\u8x8_d_uc1610.o
LOAD .\CortexM3\ARM_GCC_541\Release\u8x8_d_uc1611.o
LOAD .\CortexM3\ARM_GCC_541\Release\u8x8_d_uc1617.o
LOAD .\CortexM3\ARM_GCC_541\Release\u8x8_d_uc1638.o
LOAD .\CortexM3\ARM_GCC_541\Release\u8x8_d_uc1701_dogs102.o
LOAD .\CortexM3\ARM_GCC_541\Release\u8x8_d_uc1701_mini12864.o
LOAD .\CortexM3\ARM_GCC_541\Release\u8x8_debounce.o
LOAD .\CortexM3\ARM_GCC_541\Release\u8x8_display.o
LOAD .\CortexM3\ARM_GCC_541\Release\u8x8_fonts.o
LOAD .\CortexM3\ARM_GCC_541\Release\u8x8_gpio.o
LOAD .\CortexM3\ARM_GCC_541\Release\u8x8_input_value.o
LOAD .\CortexM3\ARM_GCC_541\Release\u8x8_message.o
LOAD .\CortexM3\ARM_GCC_541\Release\u8x8_selection_list.o
LOAD .\CortexM3\ARM_GCC_541\Release\u8x8_setup.o
LOAD .\CortexM3\ARM_GCC_541\Release\u8x8_string.o
LOAD .\CortexM3\ARM_GCC_541\Release\u8x8_u8toa.o
LOAD .\CortexM3\ARM_GCC_541\Release\u8x8_u16toa.o
LOAD .\CortexM3\ARM_GCC_541\Release\main.o
LOAD .\CortexM3\ARM_GCC_541\Release\procr.o
LOAD .\CortexM3\ARM_GCC_541\Release\video.o
LOAD .\CortexM3\ARM_GCC_541\Release\timer.o
LOAD .\CortexM3\ARM_GCC_541\Release\keybd.o
LOAD .\CortexM3\ARM_GCC_541\Release\oled.o
LOAD .\CortexM3\ARM_GCC_541\Release\cyfitter_cfg.o
LOAD .\CortexM3\ARM_GCC_541\Release\cymetadata.o
LOAD .\CortexM3\ARM_GCC_541\Release\Cm3Start.o
LOAD .\CortexM3\ARM_GCC_541\Release\FinalEmulator.a
LOAD C:\Program Files (x86)\Cypress\PSoC Creator\4.2\PSoC Creator\psoc\content\cycomponentlibrary\CyComponentLibrary.cylib\CortexM3\ARM_GCC_541\Release\CyComponentLibrary.a
END GROUP
START GROUP
LOAD c:/program files (x86)/cypress/psoc creator/4.2/psoc creator/import/gnu/arm/5.4.1/bin/../lib/gcc/arm-none-eabi/5.4.1/armv7-m\libgcc.a
LOAD c:/program files (x86)/cypress/psoc creator/4.2/psoc creator/import/gnu/arm/5.4.1/bin/../lib/gcc/arm-none-eabi/5.4.1/../../../../arm-none-eabi/lib/armv7-m\libg_nano.a
LOAD c:/program files (x86)/cypress/psoc creator/4.2/psoc creator/import/gnu/arm/5.4.1/bin/../lib/gcc/arm-none-eabi/5.4.1/../../../../arm-none-eabi/lib/armv7-m\libc_nano.a
END GROUP
START GROUP
LOAD c:/program files (x86)/cypress/psoc creator/4.2/psoc creator/import/gnu/arm/5.4.1/bin/../lib/gcc/arm-none-eabi/5.4.1/armv7-m\libgcc.a
LOAD c:/program files (x86)/cypress/psoc creator/4.2/psoc creator/import/gnu/arm/5.4.1/bin/../lib/gcc/arm-none-eabi/5.4.1/../../../../arm-none-eabi/lib/armv7-m\libc_nano.a
END GROUP
LOAD c:/program files (x86)/cypress/psoc creator/4.2/psoc creator/import/gnu/arm/5.4.1/bin/../lib/gcc/arm-none-eabi/5.4.1/armv7-m/crtend.o
LOAD c:/program files (x86)/cypress/psoc creator/4.2/psoc creator/import/gnu/arm/5.4.1/bin/../lib/gcc/arm-none-eabi/5.4.1/armv7-m/crtn.o
START GROUP
LOAD c:/program files (x86)/cypress/psoc creator/4.2/psoc creator/import/gnu/arm/5.4.1/bin/../lib/gcc/arm-none-eabi/5.4.1/armv7-m\libgcc.a
LOAD c:/program files (x86)/cypress/psoc creator/4.2/psoc creator/import/gnu/arm/5.4.1/bin/../lib/gcc/arm-none-eabi/5.4.1/../../../../arm-none-eabi/lib/armv7-m\libc.a
LOAD c:/program files (x86)/cypress/psoc creator/4.2/psoc creator/import/gnu/arm/5.4.1/bin/../lib/gcc/arm-none-eabi/5.4.1/../../../../arm-none-eabi/lib/armv7-m\libnosys.a
END GROUP
                0x00000000                CY_APPL_ORIGIN = 0x0
                0x00000100                CY_FLASH_ROW_SIZE = 0x100
                0x00000020                CY_ECC_ROW_SIZE = 0x20
                0x00000000                CY_EE_IN_BTLDR = 0x0
                0x00000000                CY_APPL_LOADABLE = 0x0
                0x00000800                CY_EE_SIZE = 0x800
                0x00000001                CY_APPL_NUM = 0x1
                0x00000001                CY_APPL_MAX = 0x1
                0x00000040                CY_METADATA_SIZE = 0x40
                [!provide]                PROVIDE (__cy_heap_start, _end)
                0x00000001                PROVIDE (__cy_region_num, ((__cy_regions_end - __cy_regions) / 0x10))
                0x20000000                PROVIDE (__cy_stack, (ORIGIN (ram) + 0x8000))
                [!provide]                PROVIDE (__cy_heap_end, (__cy_stack - 0x1000))

.cybootloader   0x00000000        0x0
 *(.cybootloader)
                0x00000000                appl1_start = CY_APPL_ORIGIN?CY_APPL_ORIGIN:ALIGN (CY_FLASH_ROW_SIZE)
                0x0001ff00                appl2_start = (appl1_start + ALIGN ((((LENGTH (rom) - appl1_start) - (0x2 * CY_FLASH_ROW_SIZE)) / 0x2), CY_FLASH_ROW_SIZE))
                0x00000000                appl_start = (CY_APPL_NUM == 0x1)?appl1_start:appl2_start
                0x00000000                ecc_offset = ((appl_start / CY_FLASH_ROW_SIZE) * CY_ECC_ROW_SIZE)
                0x00000000                ee_offset = (CY_APPL_LOADABLE && ! (CY_EE_IN_BTLDR))?((CY_EE_SIZE / CY_APPL_MAX) * (CY_APPL_NUM - 0x1)):0x0
                0x00000800                ee_size = (CY_APPL_LOADABLE && ! (CY_EE_IN_BTLDR))?(CY_EE_SIZE / CY_APPL_MAX):CY_EE_SIZE
                [!provide]                PROVIDE (CY_ECC_OFFSET, ecc_offset)

.text           0x00000000     0x4484
 CREATE_OBJECT_SYMBOLS
                0x00000000                PROVIDE (__cy_interrupt_vector, RomVectors)
 *(.romvectors)
 .romvectors    0x00000000       0x10 .\CortexM3\ARM_GCC_541\Release\Cm3Start.o
                0x00000000                RomVectors
                0x00000001                ASSERT ((. != __cy_interrupt_vector), No interrupt vector)
                0x00000001                ASSERT (CY_APPL_ORIGIN?(SIZEOF (.cybootloader) <= CY_APPL_ORIGIN):0x1, Wrong image location)
                0x00000010                PROVIDE (__cy_reset, Reset)
 *(.text.Reset)
 .text.Reset    0x00000010       0x18 .\CortexM3\ARM_GCC_541\Release\Cm3Start.o
                0x00000010                Reset
                0x00000001                ASSERT ((. != __cy_reset), No reset code)
 *(.dma_init)
                0x00000001                ASSERT ((((appl_start + .) <= 0x10000) || 0x0), DMA Init must be within the first 64k of flash)
 *(.text .text.* .gnu.linkonce.t.*)
 .text          0x00000028       0x5c c:/program files (x86)/cypress/psoc creator/4.2/psoc creator/import/gnu/arm/5.4.1/bin/../lib/gcc/arm-none-eabi/5.4.1/armv7-m/crtbegin.o
 .text.u8g2_DrawBox
                0x00000084       0x50 .\CortexM3\ARM_GCC_541\Release\u8g2_box.o
                0x00000084                u8g2_DrawBox
 .text.u8g2_m_16_8_1
                0x000000d4        0xc .\CortexM3\ARM_GCC_541\Release\u8g2_d_memory.o
                0x000000d4                u8g2_m_16_8_1
 .text.u8g2_Setup_sh1106_128x64_noname_1
                0x000000e0       0x3c .\CortexM3\ARM_GCC_541\Release\u8g2_d_setup.o
                0x000000e0                u8g2_Setup_sh1106_128x64_noname_1
 .text.u8g2_font_calc_vref_font
                0x0000011c        0x4 .\CortexM3\ARM_GCC_541\Release\u8g2_font.o
                0x0000011c                u8g2_font_calc_vref_font
 .text.u8g2_SetFontPosBaseline
                0x00000120        0xc .\CortexM3\ARM_GCC_541\Release\u8g2_font.o
                0x00000120                u8g2_SetFontPosBaseline
 .text.u8g2_draw_hv_line_2dir
                0x0000012c       0x18 .\CortexM3\ARM_GCC_541\Release\u8g2_hvline.o
                0x0000012c                u8g2_draw_hv_line_2dir
 .text.u8g2_DrawHVLine
                0x00000144       0xd4 .\CortexM3\ARM_GCC_541\Release\u8g2_hvline.o
                0x00000144                u8g2_DrawHVLine
 .text.u8g2_IsIntersection
                0x00000218       0x4c .\CortexM3\ARM_GCC_541\Release\u8g2_intersection.o
                0x00000218                u8g2_IsIntersection
 .text.u8g2_ll_hvline_vertical_top_lsb
                0x00000264      0x1dc .\CortexM3\ARM_GCC_541\Release\u8g2_ll_hvline.o
                0x00000264                u8g2_ll_hvline_vertical_top_lsb
 .text.u8g2_update_dimension_r3
                0x00000440       0x68 .\CortexM3\ARM_GCC_541\Release\u8g2_setup.o
                0x00000440                u8g2_update_dimension_r3
 .text.u8g2_draw_l90_r0
                0x000004a8       0x10 .\CortexM3\ARM_GCC_541\Release\u8g2_setup.o
                0x000004a8                u8g2_draw_l90_r0
 .text.u8g2_draw_l90_mirrorr_r0
                0x000004b8       0x24 .\CortexM3\ARM_GCC_541\Release\u8g2_setup.o
                0x000004b8                u8g2_draw_l90_mirrorr_r0
 .text.u8g2_draw_l90_r1
                0x000004dc       0x30 .\CortexM3\ARM_GCC_541\Release\u8g2_setup.o
                0x000004dc                u8g2_draw_l90_r1
 .text.u8g2_draw_l90_r2
                0x0000050c       0x44 .\CortexM3\ARM_GCC_541\Release\u8g2_setup.o
                0x0000050c                u8g2_draw_l90_r2
 .text.u8g2_draw_l90_r3
                0x00000550       0x30 .\CortexM3\ARM_GCC_541\Release\u8g2_setup.o
                0x00000550                u8g2_draw_l90_r3
 .text.u8g2_update_page_win_r3
                0x00000580       0xac .\CortexM3\ARM_GCC_541\Release\u8g2_setup.o
                0x00000580                u8g2_update_page_win_r3
 .text.u8g2_update_dimension_r2
                0x0000062c       0x5c .\CortexM3\ARM_GCC_541\Release\u8g2_setup.o
                0x0000062c                u8g2_update_dimension_r2
 .text.u8g2_update_dimension_r0
                0x00000688       0x5c .\CortexM3\ARM_GCC_541\Release\u8g2_setup.o
                0x00000688                u8g2_update_dimension_r0
 .text.u8g2_update_dimension_r1
                0x000006e4       0x68 .\CortexM3\ARM_GCC_541\Release\u8g2_setup.o
                0x000006e4                u8g2_update_dimension_r1
 .text.u8g2_update_page_win_r0
                0x0000074c       0x90 .\CortexM3\ARM_GCC_541\Release\u8g2_setup.o
                0x0000074c                u8g2_update_page_win_r0
 .text.u8g2_update_page_win_r1
                0x000007dc       0x90 .\CortexM3\ARM_GCC_541\Release\u8g2_setup.o
                0x000007dc                u8g2_update_page_win_r1
 .text.u8g2_update_page_win_r2
                0x0000086c       0xa8 .\CortexM3\ARM_GCC_541\Release\u8g2_setup.o
                0x0000086c                u8g2_update_page_win_r2
 .text.u8g2_SetupBuffer
                0x00000914       0x54 .\CortexM3\ARM_GCC_541\Release\u8g2_setup.o
                0x00000914                u8g2_SetupBuffer
 .text.u8x8_byte_SetDC
                0x00000968       0x10 .\CortexM3\ARM_GCC_541\Release\u8x8_byte.o
                0x00000968                u8x8_byte_SetDC
 .text.u8x8_byte_SendBytes
                0x00000978       0x10 .\CortexM3\ARM_GCC_541\Release\u8x8_byte.o
                0x00000978                u8x8_byte_SendBytes
 .text.u8x8_byte_SendByte
                0x00000988       0x18 .\CortexM3\ARM_GCC_541\Release\u8x8_byte.o
                0x00000988                u8x8_byte_SendByte
 .text.u8x8_byte_4wire_sw_spi
                0x000009a0      0x110 .\CortexM3\ARM_GCC_541\Release\u8x8_byte.o
                0x000009a0                u8x8_byte_4wire_sw_spi
 .text.u8x8_cad_SendCmd
                0x00000ab0       0x10 .\CortexM3\ARM_GCC_541\Release\u8x8_cad.o
                0x00000ab0                u8x8_cad_SendCmd
 .text.u8x8_cad_SendArg
                0x00000ac0       0x10 .\CortexM3\ARM_GCC_541\Release\u8x8_cad.o
                0x00000ac0                u8x8_cad_SendArg
 .text.u8x8_cad_SendData
                0x00000ad0       0x10 .\CortexM3\ARM_GCC_541\Release\u8x8_cad.o
                0x00000ad0                u8x8_cad_SendData
 .text.u8x8_cad_StartTransfer
                0x00000ae0       0x10 .\CortexM3\ARM_GCC_541\Release\u8x8_cad.o
                0x00000ae0                u8x8_cad_StartTransfer
 .text.u8x8_cad_EndTransfer
                0x00000af0       0x10 .\CortexM3\ARM_GCC_541\Release\u8x8_cad.o
                0x00000af0                u8x8_cad_EndTransfer
 .text.u8x8_cad_SendSequence
                0x00000b00       0x78 .\CortexM3\ARM_GCC_541\Release\u8x8_cad.o
                0x00000b00                u8x8_cad_SendSequence
 .text.u8x8_cad_001
                0x00000b78       0x50 .\CortexM3\ARM_GCC_541\Release\u8x8_cad.o
                0x00000b78                u8x8_cad_001
 .text.u8x8_d_sh1106_128x64_noname
                0x00000bc8      0x114 .\CortexM3\ARM_GCC_541\Release\u8x8_d_ssd1306_128x64_noname.o
                0x00000bc8                u8x8_d_sh1106_128x64_noname
 .text.u8x8_d_helper_display_setup_memory
                0x00000cdc        0xc .\CortexM3\ARM_GCC_541\Release\u8x8_display.o
                0x00000cdc                u8x8_d_helper_display_setup_memory
 .text.u8x8_d_helper_display_init
                0x00000ce8       0x60 .\CortexM3\ARM_GCC_541\Release\u8x8_display.o
                0x00000ce8                u8x8_d_helper_display_init
 .text.u8x8_SetupMemory
                0x00000d48       0x10 .\CortexM3\ARM_GCC_541\Release\u8x8_display.o
                0x00000d48                u8x8_SetupMemory
 .text.u8x8_InitDisplay
                0x00000d58       0x10 .\CortexM3\ARM_GCC_541\Release\u8x8_display.o
                0x00000d58                u8x8_InitDisplay
 .text.u8x8_SetPowerSave
                0x00000d68       0x10 .\CortexM3\ARM_GCC_541\Release\u8x8_display.o
                0x00000d68                u8x8_SetPowerSave
 .text.u8x8_gpio_call
                0x00000d78        0xc .\CortexM3\ARM_GCC_541\Release\u8x8_gpio.o
                0x00000d78                u8x8_gpio_call
 .text.u8x8_Setup
                0x00000d84       0x30 .\CortexM3\ARM_GCC_541\Release\u8x8_setup.o
                0x00000d84                u8x8_Setup
 .text._isr_tmr_handler
                0x00000db4        0xc .\CortexM3\ARM_GCC_541\Release\main.o
                0x00000db4                _isr_tmr_handler
 .text._newline_handler
                0x00000dc0       0x1c .\CortexM3\ARM_GCC_541\Release\main.o
                0x00000dc0                _newline_handler
 .text.startup.main
                0x00000ddc     0x1c34 .\CortexM3\ARM_GCC_541\Release\main.o
                0x00000ddc                main
 .text.execute  0x00002a10      0x57c .\CortexM3\ARM_GCC_541\Release\procr.o
                0x00002a10                execute
 .text.newline_handler
                0x00002f8c      0x110 .\CortexM3\ARM_GCC_541\Release\video.o
                0x00002f8c                newline_handler
 .text.isr_tmr_handler
                0x0000309c       0x3c .\CortexM3\ARM_GCC_541\Release\timer.o
                0x0000309c                isr_tmr_handler
 .text.key_pressed
                0x000030d8       0x40 .\CortexM3\ARM_GCC_541\Release\keybd.o
                0x000030d8                key_pressed
 .text.wait_key
                0x00003118       0x60 .\CortexM3\ARM_GCC_541\Release\keybd.o
                0x00003118                wait_key
 .text.psoc_cb  0x00003178      0x100 .\CortexM3\ARM_GCC_541\Release\oled.o
                0x00003178                psoc_cb
 .text.oled_initialize
                0x00003278       0x40 .\CortexM3\ARM_GCC_541\Release\oled.o
                0x00003278                oled_initialize
 .text.cyfitter_cfg
                0x000032b8      0x220 .\CortexM3\ARM_GCC_541\Release\cyfitter_cfg.o
                0x000032b8                cyfitter_cfg
 .text.IntDefaultHandler
                0x000034d8       0x10 .\CortexM3\ARM_GCC_541\Release\Cm3Start.o
                0x000034d8                IntDefaultHandler
 .text.Start_c  0x000034e8       0x58 .\CortexM3\ARM_GCC_541\Release\Cm3Start.o
                0x000034e8                Start_c
 .text.startup.initialize_psoc
                0x00003540       0x70 .\CortexM3\ARM_GCC_541\Release\Cm3Start.o
                0x00003540                initialize_psoc
 .text.CyDmacConfigure
                0x000035b0       0x30 .\CortexM3\ARM_GCC_541\Release\FinalEmulator.a(CyDmac.o)
                0x000035b0                CyDmacConfigure
 .text.CyDmaChEnable
                0x000035e0       0x3c .\CortexM3\ARM_GCC_541\Release\FinalEmulator.a(CyDmac.o)
                0x000035e0                CyDmaChEnable
 .text.CyDmaChDisable
                0x0000361c       0x24 .\CortexM3\ARM_GCC_541\Release\FinalEmulator.a(CyDmac.o)
                0x0000361c                CyDmaChDisable
 .text.CyDmaChPriority
                0x00003640       0x24 .\CortexM3\ARM_GCC_541\Release\FinalEmulator.a(CyDmac.o)
                0x00003640                CyDmaChPriority
 .text.CyDmaChSetExtendedAddress
                0x00003664       0x30 .\CortexM3\ARM_GCC_541\Release\FinalEmulator.a(CyDmac.o)
                0x00003664                CyDmaChSetExtendedAddress
 .text.CyDmaChSetInitialTd
                0x00003694       0x18 .\CortexM3\ARM_GCC_541\Release\FinalEmulator.a(CyDmac.o)
                0x00003694                CyDmaChSetInitialTd
 .text.CyDmaChSetConfiguration
                0x000036ac       0x48 .\CortexM3\ARM_GCC_541\Release\FinalEmulator.a(CyDmac.o)
                0x000036ac                CyDmaChSetConfiguration
 .text.CyDmaTdAllocate
                0x000036f4       0x38 .\CortexM3\ARM_GCC_541\Release\FinalEmulator.a(CyDmac.o)
                0x000036f4                CyDmaTdAllocate
 .text.CyDmaTdSetConfiguration
                0x0000372c       0x30 .\CortexM3\ARM_GCC_541\Release\FinalEmulator.a(CyDmac.o)
                0x0000372c                CyDmaTdSetConfiguration
 .text.CyDmaTdSetAddress
                0x0000375c       0x1c .\CortexM3\ARM_GCC_541\Release\FinalEmulator.a(CyDmac.o)
                0x0000375c                CyDmaTdSetAddress
 .text.CyDelay  0x00003778       0x48 .\CortexM3\ARM_GCC_541\Release\FinalEmulator.a(CyLib.o)
                0x00003778                CyDelay
 .text.CyDelayUs
                0x000037c0       0x10 .\CortexM3\ARM_GCC_541\Release\FinalEmulator.a(CyLib.o)
                0x000037c0                CyDelayUs
 .text.isr_timer_StartEx
                0x000037d0       0x2c .\CortexM3\ARM_GCC_541\Release\FinalEmulator.a(isr_timer.o)
                0x000037d0                isr_timer_StartEx
 .text.pin_led_Write
                0x000037fc       0x18 .\CortexM3\ARM_GCC_541\Release\FinalEmulator.a(pin_led.o)
                0x000037fc                pin_led_Write
 .text.random_Init
                0x00003814       0x44 .\CortexM3\ARM_GCC_541\Release\FinalEmulator.a(random.o)
                0x00003814                random_Init
 .text.random_Enable
                0x00003858       0x10 .\CortexM3\ARM_GCC_541\Release\FinalEmulator.a(random.o)
                0x00003858                random_Enable
 .text.random_Start
                0x00003868       0x5c .\CortexM3\ARM_GCC_541\Release\FinalEmulator.a(random.o)
                0x00003868                random_Start
 .text.random_Read
                0x000038c4        0xc .\CortexM3\ARM_GCC_541\Release\FinalEmulator.a(random.o)
                0x000038c4                random_Read
 .text.pin_snd_Write
                0x000038d0       0x18 .\CortexM3\ARM_GCC_541\Release\FinalEmulator.a(pin_snd.o)
                0x000038d0                pin_snd_Write
 .text.HORIZ_Start
                0x000038e8       0x70 .\CortexM3\ARM_GCC_541\Release\FinalEmulator.a(HORIZ.o)
                0x000038e8                HORIZ_Start
 .text.VERT_Start
                0x00003958       0x74 .\CortexM3\ARM_GCC_541\Release\FinalEmulator.a(VERT.o)
                0x00003958                VERT_Start
 .text.VERT_ReadCounter
                0x000039cc       0x14 .\CortexM3\ARM_GCC_541\Release\FinalEmulator.a(VERT.o)
                0x000039cc                VERT_ReadCounter
 .text.VSYNC_Start
                0x000039e0       0x64 .\CortexM3\ARM_GCC_541\Release\FinalEmulator.a(VSYNC.o)
                0x000039e0                VSYNC_Start
 .text.HSYNC_Start
                0x00003a44       0x64 .\CortexM3\ARM_GCC_541\Release\FinalEmulator.a(HSYNC.o)
                0x00003a44                HSYNC_Start
 .text.DMA_DmaInitialize
                0x00003aa8       0x3c .\CortexM3\ARM_GCC_541\Release\FinalEmulator.a(DMA_dma.o)
                0x00003aa8                DMA_DmaInitialize
 .text.NEWLINE_StartEx
                0x00003ae4       0x2c .\CortexM3\ARM_GCC_541\Release\FinalEmulator.a(NEWLINE.o)
                0x00003ae4                NEWLINE_StartEx
 .text.Row_1_Read
                0x00003b10        0xc .\CortexM3\ARM_GCC_541\Release\FinalEmulator.a(Row_1.o)
                0x00003b10                Row_1_Read
 .text.Row_2_Read
                0x00003b1c       0x10 .\CortexM3\ARM_GCC_541\Release\FinalEmulator.a(Row_2.o)
                0x00003b1c                Row_2_Read
 .text.Row_4_Read
                0x00003b2c       0x10 .\CortexM3\ARM_GCC_541\Release\FinalEmulator.a(Row_4.o)
                0x00003b2c                Row_4_Read
 .text.Row_3_Read
                0x00003b3c       0x10 .\CortexM3\ARM_GCC_541\Release\FinalEmulator.a(Row_3.o)
                0x00003b3c                Row_3_Read
 .text.Col_1_Write
                0x00003b4c       0x18 .\CortexM3\ARM_GCC_541\Release\FinalEmulator.a(Col_1.o)
                0x00003b4c                Col_1_Write
 .text.Col_2_Write
                0x00003b64       0x18 .\CortexM3\ARM_GCC_541\Release\FinalEmulator.a(Col_2.o)
                0x00003b64                Col_2_Write
 .text.Col_3_Write
                0x00003b7c       0x18 .\CortexM3\ARM_GCC_541\Release\FinalEmulator.a(Col_3.o)
                0x00003b7c                Col_3_Write
 .text.Col_4_Write
                0x00003b94       0x18 .\CortexM3\ARM_GCC_541\Release\FinalEmulator.a(Col_4.o)
                0x00003b94                Col_4_Write
 .text.pin_oled_mosi_Write
                0x00003bac       0x18 .\CortexM3\ARM_GCC_541\Release\FinalEmulator.a(pin_oled_mosi.o)
                0x00003bac                pin_oled_mosi_Write
 .text.pin_oled_clk_Write
                0x00003bc4       0x18 .\CortexM3\ARM_GCC_541\Release\FinalEmulator.a(pin_oled_clk.o)
                0x00003bc4                pin_oled_clk_Write
 .text.pin_oled_cs_Write
                0x00003bdc       0x18 .\CortexM3\ARM_GCC_541\Release\FinalEmulator.a(pin_oled_cs.o)
                0x00003bdc                pin_oled_cs_Write
 .text.pin_oled_dc_Write
                0x00003bf4       0x18 .\CortexM3\ARM_GCC_541\Release\FinalEmulator.a(pin_oled_dc.o)
                0x00003bf4                pin_oled_dc_Write
 .text.pin_oled_rst_Write
                0x00003c0c       0x18 .\CortexM3\ARM_GCC_541\Release\FinalEmulator.a(pin_oled_rst.o)
                0x00003c0c                pin_oled_rst_Write
 *fill*         0x00003c24        0x4 
 .text          0x00003c28       0x20 .\CortexM3\ARM_GCC_541\Release\FinalEmulator.a(CyBootAsmGnu.o)
                0x00003c28                CyDelayCycles
                0x00003c38                CyEnterCriticalSection
                0x00003c40                CyExitCriticalSection
 .text          0x00003c48      0x370 c:/program files (x86)/cypress/psoc creator/4.2/psoc creator/import/gnu/arm/5.4.1/bin/../lib/gcc/arm-none-eabi/5.4.1/armv7-m\libgcc.a(_arm_addsubdf3.o)
                0x00003c48                __aeabi_drsub
                0x00003c50                __aeabi_dsub
                0x00003c50                __subdf3
                0x00003c54                __aeabi_dadd
                0x00003c54                __adddf3
                0x00003ecc                __floatunsidf
                0x00003ecc                __aeabi_ui2d
                0x00003eec                __floatsidf
                0x00003eec                __aeabi_i2d
                0x00003f10                __aeabi_f2d
                0x00003f10                __extendsfdf2
                0x00003f4c                __floatundidf
                0x00003f4c                __aeabi_ul2d
                0x00003f5c                __floatdidf
                0x00003f5c                __aeabi_l2d
 .text          0x00003fb8      0x424 c:/program files (x86)/cypress/psoc creator/4.2/psoc creator/import/gnu/arm/5.4.1/bin/../lib/gcc/arm-none-eabi/5.4.1/armv7-m\libgcc.a(_arm_muldivdf3.o)
                0x00003fb8                __aeabi_dmul
                0x00003fb8                __muldf3
                0x0000420c                __divdf3
                0x0000420c                __aeabi_ddiv
 .text          0x000043dc       0x40 c:/program files (x86)/cypress/psoc creator/4.2/psoc creator/import/gnu/arm/5.4.1/bin/../lib/gcc/arm-none-eabi/5.4.1/armv7-m\libgcc.a(_arm_fixunsdfsi.o)
                0x000043dc                __aeabi_d2uiz
                0x000043dc                __fixunsdfsi
 .text.__errno  0x0000441c        0xc c:/program files (x86)/cypress/psoc creator/4.2/psoc creator/import/gnu/arm/5.4.1/bin/../lib/gcc/arm-none-eabi/5.4.1/../../../../arm-none-eabi/lib/armv7-m\libg_nano.a(lib_a-errno.o)
                0x0000441c                __errno
 .text.__libc_init_array
                0x00004428       0x4c c:/program files (x86)/cypress/psoc creator/4.2/psoc creator/import/gnu/arm/5.4.1/bin/../lib/gcc/arm-none-eabi/5.4.1/../../../../arm-none-eabi/lib/armv7-m\libg_nano.a(lib_a-init.o)
                0x00004428                __libc_init_array
 .text.memset   0x00004474       0x10 c:/program files (x86)/cypress/psoc creator/4.2/psoc creator/import/gnu/arm/5.4.1/bin/../lib/gcc/arm-none-eabi/5.4.1/../../../../arm-none-eabi/lib/armv7-m\libg_nano.a(lib_a-memset.o)
                0x00004474                memset
 *(.plt)
 *(.gnu.warning)
 *(.glue_7t)
 .glue_7t       0x00004484        0x0 linker stubs
 *(.glue_7)
 .glue_7        0x00004484        0x0 linker stubs
 *(.vfp11_veneer)
 .vfp11_veneer  0x00004484        0x0 linker stubs
 *(.bootloader)
 *(.ARM.extab* .gnu.linkonce.armextab.*)
 *(.gcc_except_table)

.v4_bx          0x00004484        0x0
 .v4_bx         0x00004484        0x0 linker stubs

.iplt           0x00004484        0x0
 .iplt          0x00004484        0x0 c:/program files (x86)/cypress/psoc creator/4.2/psoc creator/import/gnu/arm/5.4.1/bin/../lib/gcc/arm-none-eabi/5.4.1/armv7-m/crtbegin.o

.eh_frame_hdr
 *(.eh_frame_hdr)

.eh_frame       0x00004484        0x4
 *(.eh_frame)
 .eh_frame      0x00004484        0x0 c:/program files (x86)/cypress/psoc creator/4.2/psoc creator/import/gnu/arm/5.4.1/bin/../lib/gcc/arm-none-eabi/5.4.1/armv7-m/crtbegin.o
 .eh_frame      0x00004484        0x4 c:/program files (x86)/cypress/psoc creator/4.2/psoc creator/import/gnu/arm/5.4.1/bin/../lib/gcc/arm-none-eabi/5.4.1/armv7-m/crtend.o
                [!provide]                PROVIDE (__exidx_start, .)

.ARM.exidx
 *(.ARM.exidx* .gnu.linkonce.armexidx.*)
                0x00004488                __exidx_end = .

.rodata         0x00004488      0x230
 *(.rodata .rodata.* .gnu.linkonce.r.*)
 .rodata        0x00004488       0x3c .\CortexM3\ARM_GCC_541\Release\u8g2_setup.o
                0x00004488                u8g2_cb_mirror
                0x00004494                u8g2_cb_r3
                0x000044a0                u8g2_cb_r2
                0x000044ac                u8g2_cb_r1
                0x000044b8                u8g2_cb_r0
 .rodata        0x000044c4      0x125 .\CortexM3\ARM_GCC_541\Release\u8x8_d_ssd1306_128x64_noname.o
 *fill*         0x000045e9        0x3 
 .rodata        0x000045ec       0x30 .\CortexM3\ARM_GCC_541\Release\cyfitter_cfg.o
 .rodata.str1.1
                0x0000461c        0x2 c:/program files (x86)/cypress/psoc creator/4.2/psoc creator/import/gnu/arm/5.4.1/bin/../lib/gcc/arm-none-eabi/5.4.1/../../../../arm-none-eabi/lib/armv7-m\libg_nano.a(lib_a-impure.o)
 *fill*         0x0000461e        0x2 
 .rodata.__sf_fake_stdin
                0x00004620       0x20 c:/program files (x86)/cypress/psoc creator/4.2/psoc creator/import/gnu/arm/5.4.1/bin/../lib/gcc/arm-none-eabi/5.4.1/../../../../arm-none-eabi/lib/armv7-m\libg_nano.a(lib_a-findfp.o)
                0x00004620                __sf_fake_stdin
 .rodata.__sf_fake_stdout
                0x00004640       0x20 c:/program files (x86)/cypress/psoc creator/4.2/psoc creator/import/gnu/arm/5.4.1/bin/../lib/gcc/arm-none-eabi/5.4.1/../../../../arm-none-eabi/lib/armv7-m\libg_nano.a(lib_a-findfp.o)
                0x00004640                __sf_fake_stdout
 .rodata.__sf_fake_stderr
                0x00004660       0x20 c:/program files (x86)/cypress/psoc creator/4.2/psoc creator/import/gnu/arm/5.4.1/bin/../lib/gcc/arm-none-eabi/5.4.1/../../../../arm-none-eabi/lib/armv7-m\libg_nano.a(lib_a-findfp.o)
                0x00004660                __sf_fake_stderr
                0x00004680                . = ALIGN (0x4)
 *(.init)
 .init          0x00004680        0x4 c:/program files (x86)/cypress/psoc creator/4.2/psoc creator/import/gnu/arm/5.4.1/bin/../lib/gcc/arm-none-eabi/5.4.1/armv7-m/crti.o
                0x00004680                _init
 .init          0x00004684        0x8 c:/program files (x86)/cypress/psoc creator/4.2/psoc creator/import/gnu/arm/5.4.1/bin/../lib/gcc/arm-none-eabi/5.4.1/armv7-m/crtn.o
                0x0000468c                . = ALIGN (0x4)
                0x0000468c                __preinit_array_start = .
 *(.preinit_array)
                0x0000468c                __preinit_array_end = .
                0x0000468c                . = ALIGN (0x4)
                0x0000468c                __init_array_start = .
 *(SORT(.init_array.*))
 *(.init_array)
 .init_array    0x0000468c        0x4 c:/program files (x86)/cypress/psoc creator/4.2/psoc creator/import/gnu/arm/5.4.1/bin/../lib/gcc/arm-none-eabi/5.4.1/armv7-m/crtbegin.o
 .init_array    0x00004690        0x4 .\CortexM3\ARM_GCC_541\Release\Cm3Start.o
                0x00004694                __init_array_end = .
                0x00004694                . = ALIGN (0x4)
 *(.fini)
 .fini          0x00004694        0x4 c:/program files (x86)/cypress/psoc creator/4.2/psoc creator/import/gnu/arm/5.4.1/bin/../lib/gcc/arm-none-eabi/5.4.1/armv7-m/crti.o
                0x00004694                _fini
 .fini          0x00004698        0x8 c:/program files (x86)/cypress/psoc creator/4.2/psoc creator/import/gnu/arm/5.4.1/bin/../lib/gcc/arm-none-eabi/5.4.1/armv7-m/crtn.o
                0x000046a0                . = ALIGN (0x4)
                0x000046a0                __fini_array_start = .
 *(.fini_array)
 .fini_array    0x000046a0        0x4 c:/program files (x86)/cypress/psoc creator/4.2/psoc creator/import/gnu/arm/5.4.1/bin/../lib/gcc/arm-none-eabi/5.4.1/armv7-m/crtbegin.o
 *(SORT(.fini_array.*))
                0x000046a4                __fini_array_end = .
                0x000046a4                . = ALIGN (0x4)
 *crtbegin.o(.ctors)
 *(EXCLUDE_FILE(*crtend.o) .ctors)
 *(SORT(.ctors.*))
 *crtend.o(.ctors)
                0x000046a4                . = ALIGN (0x4)
 *crtbegin.o(.dtors)
 *(EXCLUDE_FILE(*crtend.o) .dtors)
 *(SORT(.dtors.*))
 *crtend.o(.dtors)
                0x000046a4                . = ALIGN (0x4)
                0x000046a4                __cy_regions = .
                0x000046a4        0x4 LONG 0x46b8 __cy_region_init_ram
                0x000046a8        0x4 LONG 0x1fff80c8 __cy_region_start_data
                0x000046ac        0x4 LONG 0xc8 __cy_region_init_size_ram
                0x000046b0        0x4 LONG 0x20398 __cy_region_zero_size_ram
                0x000046b4                __cy_regions_end = .
                0x000046b8                . = ALIGN (0x8)
 *fill*         0x000046b4        0x4 
                0x000046b8                _etext = .

.ramvectors     0x1fff8000       0xc0
                0x1fff8000                __cy_region_start_ram = .
 *(.ramvectors)
 .ramvectors    0x1fff8000       0xc0 .\CortexM3\ARM_GCC_541\Release\Cm3Start.o
                0x1fff8000                CyRamVectors

.noinit         0x1fff80c0        0x1
 *(.noinit)
 .noinit        0x1fff80c0        0x1 .\CortexM3\ARM_GCC_541\Release\FinalEmulator.a(CyLib.o)
                0x1fff80c0                CyResetStatus

.data           0x1fff80c8       0xc8 load address 0x000046b8
                0x1fff80c8                __cy_region_start_data = .
 *(.jcr)
 .jcr           0x1fff80c8        0x0 c:/program files (x86)/cypress/psoc creator/4.2/psoc creator/import/gnu/arm/5.4.1/bin/../lib/gcc/arm-none-eabi/5.4.1/armv7-m/crtbegin.o
 .jcr           0x1fff80c8        0x4 c:/program files (x86)/cypress/psoc creator/4.2/psoc creator/import/gnu/arm/5.4.1/bin/../lib/gcc/arm-none-eabi/5.4.1/armv7-m/crtend.o
 *(.got.plt)
 *(.got)
 *(.shdata)
 *(.data .data.* .gnu.linkonce.d.*)
 .data          0x1fff80cc        0x1 .\CortexM3\ARM_GCC_541\Release\main.o
                0x1fff80cc                vga_update_flag
 *fill*         0x1fff80cd        0x3 
 .data          0x1fff80d0       0x40 .\CortexM3\ARM_GCC_541\Release\keybd.o
                0x1fff80d0                v2p
                0x1fff80e0                col_wr
                0x1fff80f0                row_rd
                0x1fff8100                p2v
 .data          0x1fff8110        0x8 .\CortexM3\ARM_GCC_541\Release\FinalEmulator.a(CyDmac.o)
 .data          0x1fff8118       0x10 .\CortexM3\ARM_GCC_541\Release\FinalEmulator.a(CyLib.o)
                0x1fff8118                cydelay_freq_mhz
                0x1fff811c                cydelay_32k_ms
                0x1fff8120                cydelay_freq_khz
                0x1fff8124                cydelay_freq_hz
 .data          0x1fff8128        0x1 .\CortexM3\ARM_GCC_541\Release\FinalEmulator.a(DMA_dma.o)
                0x1fff8128                DMA_DmaHandle
 *fill*         0x1fff8129        0x3 
 .data.impure_data
                0x1fff812c       0x60 c:/program files (x86)/cypress/psoc creator/4.2/psoc creator/import/gnu/arm/5.4.1/bin/../lib/gcc/arm-none-eabi/5.4.1/../../../../arm-none-eabi/lib/armv7-m\libg_nano.a(lib_a-impure.o)
 .data._impure_ptr
                0x1fff818c        0x4 c:/program files (x86)/cypress/psoc creator/4.2/psoc creator/import/gnu/arm/5.4.1/bin/../lib/gcc/arm-none-eabi/5.4.1/../../../../arm-none-eabi/lib/armv7-m\libg_nano.a(lib_a-impure.o)
                0x1fff818c                _impure_ptr
                0x1fff8190                . = ALIGN (0x8)
 *(.ram)
                0x1fff8190                _edata = .

.igot.plt       0x1fff8190        0x0 load address 0x00004780
 .igot.plt      0x1fff8190        0x0 c:/program files (x86)/cypress/psoc creator/4.2/psoc creator/import/gnu/arm/5.4.1/bin/../lib/gcc/arm-none-eabi/5.4.1/armv7-m/crtbegin.o

.bss            0x1fff8190    0x20398 load address 0x00004780
                0x1fff8190                PROVIDE (__bss_start__, .)
 *(.shbss)
 *(.bss .bss.* .gnu.linkonce.b.*)
 .bss           0x1fff8190       0x1c c:/program files (x86)/cypress/psoc creator/4.2/psoc creator/import/gnu/arm/5.4.1/bin/../lib/gcc/arm-none-eabi/5.4.1/armv7-m/crtbegin.o
 .bss           0x1fff81ac    0x20268 .\CortexM3\ARM_GCC_541\Release\u8g2_d_memory.o
 .bss           0x20018414        0x2 .\CortexM3\ARM_GCC_541\Release\main.o
                0x20018414                tmr
                0x20018415                snd
 .bss           0x20018416        0x1 .\CortexM3\ARM_GCC_541\Release\timer.o
                0x20018416                divide_count
 .bss           0x20018417        0x1 .\CortexM3\ARM_GCC_541\Release\FinalEmulator.a(random.o)
                0x20018417                random_initVar
 .bss           0x20018418        0x1 .\CortexM3\ARM_GCC_541\Release\FinalEmulator.a(HORIZ.o)
                0x20018418                HORIZ_initVar
 .bss           0x20018419        0x1 .\CortexM3\ARM_GCC_541\Release\FinalEmulator.a(VERT.o)
                0x20018419                VERT_initVar
 .bss           0x2001841a        0x1 .\CortexM3\ARM_GCC_541\Release\FinalEmulator.a(VSYNC.o)
                0x2001841a                VSYNC_initVar
 .bss           0x2001841b        0x1 .\CortexM3\ARM_GCC_541\Release\FinalEmulator.a(HSYNC.o)
                0x2001841b                HSYNC_initVar
 *(COMMON)
 *fill*         0x2001841c        0x4 
 COMMON         0x20018420      0x108 .\CortexM3\ARM_GCC_541\Release\main.o
                0x20018420                dma_chan
                0x20018421                dma_td
                0x20018428                vram
                0x20018528                . = ALIGN (0x8)
 *(.ram.b)
                0x20018528                _end = .
                0x20018528                __end = .
                0x20018528                PROVIDE (end, .)
                0x20018528                PROVIDE (__bss_end__, .)

.vram           0x20000000     0x3000 load address 0x00004780
 *(.vram)
 .vram          0x20000000     0x3000 .\CortexM3\ARM_GCC_541\Release\video.o
                0x20000000                vbuf
                0x000046b8                __cy_region_init_ram = LOADADDR (.data)
                0x000000c8                __cy_region_init_size_ram = (_edata - ADDR (.data))
                0x00020398                __cy_region_zero_size_ram = (_end - _edata)

.heap           0x20018528        0x0
                0x20018528                . = _end
                0x20018528                __cy_heap_limit = .

.stack          0x1ffff000     0x1000
                0x1ffff000                __cy_stack_limit = .
                0x20000000                . = (. + 0x1000)
 *fill*         0x1ffff000     0x1000 
                0x00000000                ASSERT ((__cy_stack_limit >= __cy_heap_limit), region RAM overflowed with stack)

.cyloadermeta
 *(.cyloadermeta)

.cyloadablemeta
 *(.cyloadablemeta)

.cyconfigecc    0x80000000      0x2e4
 *(.cyconfigecc)
 .cyconfigecc   0x80000000      0x2e4 .\CortexM3\ARM_GCC_541\Release\cymetadata.o
                0x80000000                cy_meta_configecc

.cycustnvl      0x90000000        0x4
 *(.cycustnvl)
 .cycustnvl     0x90000000        0x4 .\CortexM3\ARM_GCC_541\Release\cymetadata.o
                0x90000000                cy_meta_custnvl

.cywolatch      0x90100000        0x4
 *(.cywolatch)
 .cywolatch     0x90100000        0x4 .\CortexM3\ARM_GCC_541\Release\cymetadata.o
                0x90100000                cy_meta_wonvl

.cyeeprom       0x90200000        0x0
 *(.cyeeprom)
                0x00000001                ASSERT ((. <= ((0x90200000 + ee_offset) + ee_size)), .cyeeprom data will not fit in EEPROM)

.cyflashprotect
                0x90400000      0x100
 *(.cyflashprotect)
 .cyflashprotect
                0x90400000      0x100 .\CortexM3\ARM_GCC_541\Release\cymetadata.o
                0x90400000                cy_meta_flashprotect

.cymeta         0x90500000        0xc
 *(.cymeta)
 .cymeta        0x90500000        0xc .\CortexM3\ARM_GCC_541\Release\cymetadata.o
                0x90500000                cy_metadata

.rel.dyn        0x00007780        0x0 load address 0x9050000c
 .rel.iplt      0x00007780        0x0 c:/program files (x86)/cypress/psoc creator/4.2/psoc creator/import/gnu/arm/5.4.1/bin/../lib/gcc/arm-none-eabi/5.4.1/armv7-m/crtbegin.o

.stab           0x00000000       0x9c
 *(.stab)
 .stab          0x00000000       0x24 c:/program files (x86)/cypress/psoc creator/4.2/psoc creator/import/gnu/arm/5.4.1/bin/../lib/gcc/arm-none-eabi/5.4.1/../../../../arm-none-eabi/lib/armv7-m\libnosys.a(close.o)
 .stab          0x00000024       0x18 c:/program files (x86)/cypress/psoc creator/4.2/psoc creator/import/gnu/arm/5.4.1/bin/../lib/gcc/arm-none-eabi/5.4.1/../../../../arm-none-eabi/lib/armv7-m\libnosys.a(fstat.o)
                                 0x24 (size before relaxing)
 .stab          0x0000003c       0x18 c:/program files (x86)/cypress/psoc creator/4.2/psoc creator/import/gnu/arm/5.4.1/bin/../lib/gcc/arm-none-eabi/5.4.1/../../../../arm-none-eabi/lib/armv7-m\libnosys.a(isatty.o)
                                 0x24 (size before relaxing)
 .stab          0x00000054       0x18 c:/program files (x86)/cypress/psoc creator/4.2/psoc creator/import/gnu/arm/5.4.1/bin/../lib/gcc/arm-none-eabi/5.4.1/../../../../arm-none-eabi/lib/armv7-m\libnosys.a(lseek.o)
                                 0x24 (size before relaxing)
 .stab          0x0000006c       0x18 c:/program files (x86)/cypress/psoc creator/4.2/psoc creator/import/gnu/arm/5.4.1/bin/../lib/gcc/arm-none-eabi/5.4.1/../../../../arm-none-eabi/lib/armv7-m\libnosys.a(read.o)
                                 0x24 (size before relaxing)
 .stab          0x00000084       0x18 c:/program files (x86)/cypress/psoc creator/4.2/psoc creator/import/gnu/arm/5.4.1/bin/../lib/gcc/arm-none-eabi/5.4.1/../../../../arm-none-eabi/lib/armv7-m\libnosys.a(write.o)
                                 0x24 (size before relaxing)

.stabstr        0x00000000      0x14d
 *(.stabstr)
 .stabstr       0x00000000      0x14d c:/program files (x86)/cypress/psoc creator/4.2/psoc creator/import/gnu/arm/5.4.1/bin/../lib/gcc/arm-none-eabi/5.4.1/../../../../arm-none-eabi/lib/armv7-m\libnosys.a(close.o)

.debug
 *(.debug)

.line
 *(.line)

.debug_srcinfo
 *(.debug_srcinfo)

.debug_sfnames
 *(.debug_sfnames)

.debug_aranges  0x00000000     0x35a0
 *(.debug_aranges)
 .debug_aranges
                0x00000000       0x40 .\CortexM3\ARM_GCC_541\Release\u8g2_bitmap.o
 .debug_aranges
                0x00000040       0x38 .\CortexM3\ARM_GCC_541\Release\u8g2_box.o
 .debug_aranges
                0x00000078       0x58 .\CortexM3\ARM_GCC_541\Release\u8g2_buffer.o
 .debug_aranges
                0x000000d0       0x58 .\CortexM3\ARM_GCC_541\Release\u8g2_circle.o
 .debug_aranges
                0x00000128       0x20 .\CortexM3\ARM_GCC_541\Release\u8g2_cleardisplay.o
 .debug_aranges
                0x00000148      0x420 .\CortexM3\ARM_GCC_541\Release\u8g2_d_memory.o
 .debug_aranges
                0x00000568     0x1038 .\CortexM3\ARM_GCC_541\Release\u8g2_d_setup.o
 .debug_aranges
                0x000015a0      0x190 .\CortexM3\ARM_GCC_541\Release\u8g2_font.o
 .debug_aranges
                0x00001730       0x18 .\CortexM3\ARM_GCC_541\Release\u8g2_fonts.o
 .debug_aranges
                0x00001748       0x48 .\CortexM3\ARM_GCC_541\Release\u8g2_hvline.o
 .debug_aranges
                0x00001790       0x20 .\CortexM3\ARM_GCC_541\Release\u8g2_input_value.o
 .debug_aranges
                0x000017b0       0x28 .\CortexM3\ARM_GCC_541\Release\u8g2_intersection.o
 .debug_aranges
                0x000017d8       0x28 .\CortexM3\ARM_GCC_541\Release\u8g2_kerning.o
 .debug_aranges
                0x00001800       0x20 .\CortexM3\ARM_GCC_541\Release\u8g2_line.o
 .debug_aranges
                0x00001820       0x28 .\CortexM3\ARM_GCC_541\Release\u8g2_ll_hvline.o
 .debug_aranges
                0x00001848       0x28 .\CortexM3\ARM_GCC_541\Release\u8g2_message.o
 .debug_aranges
                0x00001870       0x80 .\CortexM3\ARM_GCC_541\Release\u8g2_polygon.o
 .debug_aranges
                0x000018f0       0x40 .\CortexM3\ARM_GCC_541\Release\u8g2_selection_list.o
 .debug_aranges
                0x00001930       0x98 .\CortexM3\ARM_GCC_541\Release\u8g2_setup.o
 .debug_aranges
                0x000019c8       0x80 .\CortexM3\ARM_GCC_541\Release\u8log.o
 .debug_aranges
                0x00001a48       0x28 .\CortexM3\ARM_GCC_541\Release\u8log_u8g2.o
 .debug_aranges
                0x00001a70       0x30 .\CortexM3\ARM_GCC_541\Release\u8log_u8x8.o
 .debug_aranges
                0x00001aa0       0xb8 .\CortexM3\ARM_GCC_541\Release\u8x8_8x8.o
 .debug_aranges
                0x00001b58       0x98 .\CortexM3\ARM_GCC_541\Release\u8x8_byte.o
 .debug_aranges
                0x00001bf0       0xc0 .\CortexM3\ARM_GCC_541\Release\u8x8_cad.o
 .debug_aranges
                0x00001cb0       0x30 .\CortexM3\ARM_GCC_541\Release\u8x8_d_a2printer.o
 .debug_aranges
                0x00001ce0       0x30 .\CortexM3\ARM_GCC_541\Release\u8x8_d_il3820_296x128.o
 .debug_aranges
                0x00001d10       0x20 .\CortexM3\ARM_GCC_541\Release\u8x8_d_ist3020.o
 .debug_aranges
                0x00001d30       0x28 .\CortexM3\ARM_GCC_541\Release\u8x8_d_ks0108.o
 .debug_aranges
                0x00001d58       0x40 .\CortexM3\ARM_GCC_541\Release\u8x8_d_lc7981.o
 .debug_aranges
                0x00001d98       0x20 .\CortexM3\ARM_GCC_541\Release\u8x8_d_ld7032_60x32.o
 .debug_aranges
                0x00001db8       0x38 .\CortexM3\ARM_GCC_541\Release\u8x8_d_ls013b7dh03.o
 .debug_aranges
                0x00001df0       0x30 .\CortexM3\ARM_GCC_541\Release\u8x8_d_max7219.o
 .debug_aranges
                0x00001e20       0x20 .\CortexM3\ARM_GCC_541\Release\u8x8_d_pcd8544_84x48.o
 .debug_aranges
                0x00001e40       0x20 .\CortexM3\ARM_GCC_541\Release\u8x8_d_pcf8812.o
 .debug_aranges
                0x00001e60       0x20 .\CortexM3\ARM_GCC_541\Release\u8x8_d_pcf8814_hx1230.o
 .debug_aranges
                0x00001e80       0x28 .\CortexM3\ARM_GCC_541\Release\u8x8_d_sbn1661.o
 .debug_aranges
                0x00001ea8       0x38 .\CortexM3\ARM_GCC_541\Release\u8x8_d_sed1330.o
 .debug_aranges
                0x00001ee0       0x20 .\CortexM3\ARM_GCC_541\Release\u8x8_d_sh1106_64x32.o
 .debug_aranges
                0x00001f00       0x20 .\CortexM3\ARM_GCC_541\Release\u8x8_d_sh1106_72x40.o
 .debug_aranges
                0x00001f20       0x40 .\CortexM3\ARM_GCC_541\Release\u8x8_d_sh1107.o
 .debug_aranges
                0x00001f60       0x20 .\CortexM3\ARM_GCC_541\Release\u8x8_d_sh1108.o
 .debug_aranges
                0x00001f80       0x28 .\CortexM3\ARM_GCC_541\Release\u8x8_d_sh1122.o
 .debug_aranges
                0x00001fa8       0x30 .\CortexM3\ARM_GCC_541\Release\u8x8_d_ssd1305.o
 .debug_aranges
                0x00001fd8       0x20 .\CortexM3\ARM_GCC_541\Release\u8x8_d_ssd1306_48x64.o
 .debug_aranges
                0x00001ff8       0x28 .\CortexM3\ARM_GCC_541\Release\u8x8_d_ssd1306_64x32.o
 .debug_aranges
                0x00002020       0x20 .\CortexM3\ARM_GCC_541\Release\u8x8_d_ssd1306_64x48.o
 .debug_aranges
                0x00002040       0x20 .\CortexM3\ARM_GCC_541\Release\u8x8_d_ssd1306_96x16.o
 .debug_aranges
                0x00002060       0x28 .\CortexM3\ARM_GCC_541\Release\u8x8_d_ssd1306_128x32.o
 .debug_aranges
                0x00002088       0x48 .\CortexM3\ARM_GCC_541\Release\u8x8_d_ssd1306_128x64_noname.o
 .debug_aranges
                0x000020d0       0x28 .\CortexM3\ARM_GCC_541\Release\u8x8_d_ssd1309.o
 .debug_aranges
                0x000020f8       0x20 .\CortexM3\ARM_GCC_541\Release\u8x8_d_ssd1317.o
 .debug_aranges
                0x00002118       0x28 .\CortexM3\ARM_GCC_541\Release\u8x8_d_ssd1318.o
 .debug_aranges
                0x00002140       0x38 .\CortexM3\ARM_GCC_541\Release\u8x8_d_ssd1322.o
 .debug_aranges
                0x00002178       0x30 .\CortexM3\ARM_GCC_541\Release\u8x8_d_ssd1325.o
 .debug_aranges
                0x000021a8       0x20 .\CortexM3\ARM_GCC_541\Release\u8x8_d_ssd1326.o
 .debug_aranges
                0x000021c8       0x38 .\CortexM3\ARM_GCC_541\Release\u8x8_d_ssd1327.o
 .debug_aranges
                0x00002200       0x20 .\CortexM3\ARM_GCC_541\Release\u8x8_d_ssd1329.o
 .debug_aranges
                0x00002220       0x28 .\CortexM3\ARM_GCC_541\Release\u8x8_d_ssd1606_172x72.o
 .debug_aranges
                0x00002248       0x40 .\CortexM3\ARM_GCC_541\Release\u8x8_d_ssd1607_200x200.o
 .debug_aranges
                0x00002288       0x20 .\CortexM3\ARM_GCC_541\Release\u8x8_d_st7511.o
 .debug_aranges
                0x000022a8       0x80 .\CortexM3\ARM_GCC_541\Release\u8x8_d_st7565.o
 .debug_aranges
                0x00002328       0x40 .\CortexM3\ARM_GCC_541\Release\u8x8_d_st7567.o
 .debug_aranges
                0x00002368       0x20 .\CortexM3\ARM_GCC_541\Release\u8x8_d_st7586s_erc240160.o
 .debug_aranges
                0x00002388       0x20 .\CortexM3\ARM_GCC_541\Release\u8x8_d_st7586s_s028hn118a.o
 .debug_aranges
                0x000023a8       0x20 .\CortexM3\ARM_GCC_541\Release\u8x8_d_st7588.o
 .debug_aranges
                0x000023c8       0x30 .\CortexM3\ARM_GCC_541\Release\u8x8_d_st7920.o
 .debug_aranges
                0x000023f8       0x50 .\CortexM3\ARM_GCC_541\Release\u8x8_d_st75256.o
 .debug_aranges
                0x00002448       0x38 .\CortexM3\ARM_GCC_541\Release\u8x8_d_stdio.o
 .debug_aranges
                0x00002480       0x50 .\CortexM3\ARM_GCC_541\Release\u8x8_d_t6963.o
 .debug_aranges
                0x000024d0       0x20 .\CortexM3\ARM_GCC_541\Release\u8x8_d_uc1601.o
 .debug_aranges
                0x000024f0       0x28 .\CortexM3\ARM_GCC_541\Release\u8x8_d_uc1604.o
 .debug_aranges
                0x00002518       0x38 .\CortexM3\ARM_GCC_541\Release\u8x8_d_uc1608.o
 .debug_aranges
                0x00002550       0x20 .\CortexM3\ARM_GCC_541\Release\u8x8_d_uc1610.o
 .debug_aranges
                0x00002570       0x38 .\CortexM3\ARM_GCC_541\Release\u8x8_d_uc1611.o
 .debug_aranges
                0x000025a8       0x28 .\CortexM3\ARM_GCC_541\Release\u8x8_d_uc1617.o
 .debug_aranges
                0x000025d0       0x28 .\CortexM3\ARM_GCC_541\Release\u8x8_d_uc1638.o
 .debug_aranges
                0x000025f8       0x20 .\CortexM3\ARM_GCC_541\Release\u8x8_d_uc1701_dogs102.o
 .debug_aranges
                0x00002618       0x20 .\CortexM3\ARM_GCC_541\Release\u8x8_d_uc1701_mini12864.o
 .debug_aranges
                0x00002638       0x20 .\CortexM3\ARM_GCC_541\Release\u8x8_debounce.o
 .debug_aranges
                0x00002658       0x80 .\CortexM3\ARM_GCC_541\Release\u8x8_display.o
 .debug_aranges
                0x000026d8       0x18 .\CortexM3\ARM_GCC_541\Release\u8x8_fonts.o
 .debug_aranges
                0x000026f0       0x20 .\CortexM3\ARM_GCC_541\Release\u8x8_gpio.o
 .debug_aranges
                0x00002710       0x20 .\CortexM3\ARM_GCC_541\Release\u8x8_input_value.o
 .debug_aranges
                0x00002730       0x28 .\CortexM3\ARM_GCC_541\Release\u8x8_message.o
 .debug_aranges
                0x00002758       0x40 .\CortexM3\ARM_GCC_541\Release\u8x8_selection_list.o
 .debug_aranges
                0x00002798       0x38 .\CortexM3\ARM_GCC_541\Release\u8x8_setup.o
 .debug_aranges
                0x000027d0       0x40 .\CortexM3\ARM_GCC_541\Release\u8x8_string.o
 .debug_aranges
                0x00002810       0x28 .\CortexM3\ARM_GCC_541\Release\u8x8_u8toa.o
 .debug_aranges
                0x00002838       0x28 .\CortexM3\ARM_GCC_541\Release\u8x8_u16toa.o
 .debug_aranges
                0x00002860       0x30 .\CortexM3\ARM_GCC_541\Release\main.o
 .debug_aranges
                0x00002890       0x20 .\CortexM3\ARM_GCC_541\Release\procr.o
 .debug_aranges
                0x000028b0       0x20 .\CortexM3\ARM_GCC_541\Release\video.o
 .debug_aranges
                0x000028d0       0x20 .\CortexM3\ARM_GCC_541\Release\timer.o
 .debug_aranges
                0x000028f0       0x28 .\CortexM3\ARM_GCC_541\Release\keybd.o
 .debug_aranges
                0x00002918       0x28 .\CortexM3\ARM_GCC_541\Release\oled.o
 .debug_aranges
                0x00002940       0x28 .\CortexM3\ARM_GCC_541\Release\cyfitter_cfg.o
 .debug_aranges
                0x00002968       0x18 .\CortexM3\ARM_GCC_541\Release\cymetadata.o
 .debug_aranges
                0x00002980       0x48 .\CortexM3\ARM_GCC_541\Release\Cm3Start.o
 .debug_aranges
                0x000029c8       0xd8 .\CortexM3\ARM_GCC_541\Release\FinalEmulator.a(CyDmac.o)
 .debug_aranges
                0x00002aa0      0x288 .\CortexM3\ARM_GCC_541\Release\FinalEmulator.a(CyLib.o)
 .debug_aranges
                0x00002d28       0x78 .\CortexM3\ARM_GCC_541\Release\FinalEmulator.a(cyPm.o)
 .debug_aranges
                0x00002da0       0x80 .\CortexM3\ARM_GCC_541\Release\FinalEmulator.a(isr_timer.o)
 .debug_aranges
                0x00002e20       0x38 .\CortexM3\ARM_GCC_541\Release\FinalEmulator.a(pin_led.o)
 .debug_aranges
                0x00002e58       0x60 .\CortexM3\ARM_GCC_541\Release\FinalEmulator.a(random.o)
 .debug_aranges
                0x00002eb8       0x38 .\CortexM3\ARM_GCC_541\Release\FinalEmulator.a(pin_snd.o)
 .debug_aranges
                0x00002ef0       0x90 .\CortexM3\ARM_GCC_541\Release\FinalEmulator.a(HORIZ.o)
 .debug_aranges
                0x00002f80       0x80 .\CortexM3\ARM_GCC_541\Release\FinalEmulator.a(VERT.o)
 .debug_aranges
                0x00003000       0x80 .\CortexM3\ARM_GCC_541\Release\FinalEmulator.a(VSYNC.o)
 .debug_aranges
                0x00003080       0x80 .\CortexM3\ARM_GCC_541\Release\FinalEmulator.a(HSYNC.o)
 .debug_aranges
                0x00003100       0x28 .\CortexM3\ARM_GCC_541\Release\FinalEmulator.a(DMA_dma.o)
 .debug_aranges
                0x00003128       0x80 .\CortexM3\ARM_GCC_541\Release\FinalEmulator.a(NEWLINE.o)
 .debug_aranges
                0x000031a8       0x38 .\CortexM3\ARM_GCC_541\Release\FinalEmulator.a(Row_1.o)
 .debug_aranges
                0x000031e0       0x38 .\CortexM3\ARM_GCC_541\Release\FinalEmulator.a(Row_2.o)
 .debug_aranges
                0x00003218       0x38 .\CortexM3\ARM_GCC_541\Release\FinalEmulator.a(Row_4.o)
 .debug_aranges
                0x00003250       0x38 .\CortexM3\ARM_GCC_541\Release\FinalEmulator.a(Row_3.o)
 .debug_aranges
                0x00003288       0x38 .\CortexM3\ARM_GCC_541\Release\FinalEmulator.a(Col_1.o)
 .debug_aranges
                0x000032c0       0x38 .\CortexM3\ARM_GCC_541\Release\FinalEmulator.a(Col_2.o)
 .debug_aranges
                0x000032f8       0x38 .\CortexM3\ARM_GCC_541\Release\FinalEmulator.a(Col_3.o)
 .debug_aranges
                0x00003330       0x38 .\CortexM3\ARM_GCC_541\Release\FinalEmulator.a(Col_4.o)
 .debug_aranges
                0x00003368       0x38 .\CortexM3\ARM_GCC_541\Release\FinalEmulator.a(pin_oled_mosi.o)
 .debug_aranges
                0x000033a0       0x38 .\CortexM3\ARM_GCC_541\Release\FinalEmulator.a(pin_oled_clk.o)
 .debug_aranges
                0x000033d8       0x38 .\CortexM3\ARM_GCC_541\Release\FinalEmulator.a(pin_oled_cs.o)
 .debug_aranges
                0x00003410       0x38 .\CortexM3\ARM_GCC_541\Release\FinalEmulator.a(pin_oled_dc.o)
 .debug_aranges
                0x00003448       0x38 .\CortexM3\ARM_GCC_541\Release\FinalEmulator.a(pin_oled_rst.o)
 .debug_aranges
                0x00003480       0x20 .\CortexM3\ARM_GCC_541\Release\FinalEmulator.a(CyBootAsmGnu.o)
 .debug_aranges
                0x000034a0       0x80 .\CortexM3\ARM_GCC_541\Release\FinalEmulator.a(CyFlash.o)
 .debug_aranges
                0x00003520       0x80 .\CortexM3\ARM_GCC_541\Release\FinalEmulator.a(CySpc.o)

.debug_pubnames
 *(.debug_pubnames)

.debug_info     0x00000000    0x6f6c4
 *(.debug_info .gnu.linkonce.wi.*)
 .debug_info    0x00000000      0xcfd .\CortexM3\ARM_GCC_541\Release\u8g2_bitmap.o
 .debug_info    0x00000cfd     0x1106 .\CortexM3\ARM_GCC_541\Release\u8g2_box.o
 .debug_info    0x00001e03      0xc13 .\CortexM3\ARM_GCC_541\Release\u8g2_buffer.o
 .debug_info    0x00002a16     0x15a8 .\CortexM3\ARM_GCC_541\Release\u8g2_circle.o
 .debug_info    0x00003fbe      0x837 .\CortexM3\ARM_GCC_541\Release\u8g2_cleardisplay.o
 .debug_info    0x000047f5     0x22dc .\CortexM3\ARM_GCC_541\Release\u8g2_d_memory.o
 .debug_info    0x00006ad1    0x19914 .\CortexM3\ARM_GCC_541\Release\u8g2_d_setup.o
 .debug_info    0x000203e5     0x4027 .\CortexM3\ARM_GCC_541\Release\u8g2_font.o
 .debug_info    0x0002440c     0xcda9 .\CortexM3\ARM_GCC_541\Release\u8g2_fonts.o
 .debug_info    0x000311b5      0xd56 .\CortexM3\ARM_GCC_541\Release\u8g2_hvline.o
 .debug_info    0x00031f0b      0xadc .\CortexM3\ARM_GCC_541\Release\u8g2_input_value.o
 .debug_info    0x000329e7      0x8e5 .\CortexM3\ARM_GCC_541\Release\u8g2_intersection.o
 .debug_info    0x000332cc      0x90c .\CortexM3\ARM_GCC_541\Release\u8g2_kerning.o
 .debug_info    0x00033bd8      0x8cc .\CortexM3\ARM_GCC_541\Release\u8g2_line.o
 .debug_info    0x000344a4      0x90a .\CortexM3\ARM_GCC_541\Release\u8g2_ll_hvline.o
 .debug_info    0x00034dae      0xc64 .\CortexM3\ARM_GCC_541\Release\u8g2_message.o
 .debug_info    0x00035a12     0x126c .\CortexM3\ARM_GCC_541\Release\u8g2_polygon.o
 .debug_info    0x00036c7e     0x10b1 .\CortexM3\ARM_GCC_541\Release\u8g2_selection_list.o
 .debug_info    0x00037d2f     0x10cb .\CortexM3\ARM_GCC_541\Release\u8g2_setup.o
 .debug_info    0x00038dfa      0x837 .\CortexM3\ARM_GCC_541\Release\u8log.o
 .debug_info    0x00039631      0xac2 .\CortexM3\ARM_GCC_541\Release\u8log_u8g2.o
 .debug_info    0x0003a0f3      0x6b9 .\CortexM3\ARM_GCC_541\Release\u8log_u8x8.o
 .debug_info    0x0003a7ac     0x13fe .\CortexM3\ARM_GCC_541\Release\u8x8_8x8.o
 .debug_info    0x0003bbaa     0x2015 .\CortexM3\ARM_GCC_541\Release\u8x8_byte.o
 .debug_info    0x0003dbbf     0x1477 .\CortexM3\ARM_GCC_541\Release\u8x8_cad.o
 .debug_info    0x0003f036      0x845 .\CortexM3\ARM_GCC_541\Release\u8x8_d_a2printer.o
 .debug_info    0x0003f87b      0xae9 .\CortexM3\ARM_GCC_541\Release\u8x8_d_il3820_296x128.o
 .debug_info    0x00040364      0x68f .\CortexM3\ARM_GCC_541\Release\u8x8_d_ist3020.o
 .debug_info    0x000409f3      0xf1e .\CortexM3\ARM_GCC_541\Release\u8x8_d_ks0108.o
 .debug_info    0x00041911      0xac0 .\CortexM3\ARM_GCC_541\Release\u8x8_d_lc7981.o
 .debug_info    0x000423d1      0x79f .\CortexM3\ARM_GCC_541\Release\u8x8_d_ld7032_60x32.o
 .debug_info    0x00042b70      0x94d .\CortexM3\ARM_GCC_541\Release\u8x8_d_ls013b7dh03.o
 .debug_info    0x000434bd      0xb8a .\CortexM3\ARM_GCC_541\Release\u8x8_d_max7219.o
 .debug_info    0x00044047      0x639 .\CortexM3\ARM_GCC_541\Release\u8x8_d_pcd8544_84x48.o
 .debug_info    0x00044680      0x6bb .\CortexM3\ARM_GCC_541\Release\u8x8_d_pcf8812.o
 .debug_info    0x00044d3b      0x6e2 .\CortexM3\ARM_GCC_541\Release\u8x8_d_pcf8814_hx1230.o
 .debug_info    0x0004541d      0xbef .\CortexM3\ARM_GCC_541\Release\u8x8_d_sbn1661.o
 .debug_info    0x0004600c      0x8d4 .\CortexM3\ARM_GCC_541\Release\u8x8_d_sed1330.o
 .debug_info    0x000468e0      0x713 .\CortexM3\ARM_GCC_541\Release\u8x8_d_sh1106_64x32.o
 .debug_info    0x00046ff3      0x713 .\CortexM3\ARM_GCC_541\Release\u8x8_d_sh1106_72x40.o
 .debug_info    0x00047706     0x1059 .\CortexM3\ARM_GCC_541\Release\u8x8_d_sh1107.o
 .debug_info    0x0004875f      0x742 .\CortexM3\ARM_GCC_541\Release\u8x8_d_sh1108.o
 .debug_info    0x00048ea1      0x865 .\CortexM3\ARM_GCC_541\Release\u8x8_d_sh1122.o
 .debug_info    0x00049706      0xc74 .\CortexM3\ARM_GCC_541\Release\u8x8_d_ssd1305.o
 .debug_info    0x0004a37a      0x713 .\CortexM3\ARM_GCC_541\Release\u8x8_d_ssd1306_48x64.o
 .debug_info    0x0004aa8d      0x936 .\CortexM3\ARM_GCC_541\Release\u8x8_d_ssd1306_64x32.o
 .debug_info    0x0004b3c3      0x713 .\CortexM3\ARM_GCC_541\Release\u8x8_d_ssd1306_64x48.o
 .debug_info    0x0004bad6      0x713 .\CortexM3\ARM_GCC_541\Release\u8x8_d_ssd1306_96x16.o
 .debug_info    0x0004c1e9      0x930 .\CortexM3\ARM_GCC_541\Release\u8x8_d_ssd1306_128x32.o
 .debug_info    0x0004cb19     0x12f2 .\CortexM3\ARM_GCC_541\Release\u8x8_d_ssd1306_128x64_noname.o
 .debug_info    0x0004de0b      0x9a4 .\CortexM3\ARM_GCC_541\Release\u8x8_d_ssd1309.o
 .debug_info    0x0004e7af      0x742 .\CortexM3\ARM_GCC_541\Release\u8x8_d_ssd1317.o
 .debug_info    0x0004eef1      0x9af .\CortexM3\ARM_GCC_541\Release\u8x8_d_ssd1318.o
 .debug_info    0x0004f8a0      0xe2f .\CortexM3\ARM_GCC_541\Release\u8x8_d_ssd1322.o
 .debug_info    0x000506cf      0xb9e .\CortexM3\ARM_GCC_541\Release\u8x8_d_ssd1325.o
 .debug_info    0x0005126d      0x85e .\CortexM3\ARM_GCC_541\Release\u8x8_d_ssd1326.o
 .debug_info    0x00051acb      0xcfa .\CortexM3\ARM_GCC_541\Release\u8x8_d_ssd1327.o
 .debug_info    0x000527c5      0x8ff .\CortexM3\ARM_GCC_541\Release\u8x8_d_ssd1329.o
 .debug_info    0x000530c4      0x96c .\CortexM3\ARM_GCC_541\Release\u8x8_d_ssd1606_172x72.o
 .debug_info    0x00053a30      0xf9d .\CortexM3\ARM_GCC_541\Release\u8x8_d_ssd1607_200x200.o
 .debug_info    0x000549cd      0x74e .\CortexM3\ARM_GCC_541\Release\u8x8_d_st7511.o
 .debug_info    0x0005511b     0x24f6 .\CortexM3\ARM_GCC_541\Release\u8x8_d_st7565.o
 .debug_info    0x00057611     0x1008 .\CortexM3\ARM_GCC_541\Release\u8x8_d_st7567.o
 .debug_info    0x00058619      0x735 .\CortexM3\ARM_GCC_541\Release\u8x8_d_st7586s_erc240160.o
 .debug_info    0x00058d4e      0x7c2 .\CortexM3\ARM_GCC_541\Release\u8x8_d_st7586s_s028hn118a.o
 .debug_info    0x00059510      0x7d2 .\CortexM3\ARM_GCC_541\Release\u8x8_d_st7588.o
 .debug_info    0x00059ce2      0xad8 .\CortexM3\ARM_GCC_541\Release\u8x8_d_st7920.o
 .debug_info    0x0005a7ba     0x19b3 .\CortexM3\ARM_GCC_541\Release\u8x8_d_st75256.o
 .debug_info    0x0005c16d      0x5ff .\CortexM3\ARM_GCC_541\Release\u8x8_d_stdio.o
 .debug_info    0x0005c76c      0xafb .\CortexM3\ARM_GCC_541\Release\u8x8_d_t6963.o
 .debug_info    0x0005d267      0x69d .\CortexM3\ARM_GCC_541\Release\u8x8_d_uc1601.o
 .debug_info    0x0005d904      0x8c2 .\CortexM3\ARM_GCC_541\Release\u8x8_d_uc1604.o
 .debug_info    0x0005e1c6      0xd53 .\CortexM3\ARM_GCC_541\Release\u8x8_d_uc1608.o
 .debug_info    0x0005ef19      0x809 .\CortexM3\ARM_GCC_541\Release\u8x8_d_uc1610.o
 .debug_info    0x0005f722      0xf7e .\CortexM3\ARM_GCC_541\Release\u8x8_d_uc1611.o
 .debug_info    0x000606a0      0x906 .\CortexM3\ARM_GCC_541\Release\u8x8_d_uc1617.o
 .debug_info    0x00060fa6      0x944 .\CortexM3\ARM_GCC_541\Release\u8x8_d_uc1638.o
 .debug_info    0x000618ea      0x68f .\CortexM3\ARM_GCC_541\Release\u8x8_d_uc1701_dogs102.o
 .debug_info    0x00061f79      0x68f .\CortexM3\ARM_GCC_541\Release\u8x8_d_uc1701_mini12864.o
 .debug_info    0x00062608      0x48f .\CortexM3\ARM_GCC_541\Release\u8x8_debounce.o
 .debug_info    0x00062a97      0x893 .\CortexM3\ARM_GCC_541\Release\u8x8_display.o
 .debug_info    0x0006332a      0xf76 .\CortexM3\ARM_GCC_541\Release\u8x8_fonts.o
 .debug_info    0x000642a0      0x39a .\CortexM3\ARM_GCC_541\Release\u8x8_gpio.o
 .debug_info    0x0006463a      0x5c5 .\CortexM3\ARM_GCC_541\Release\u8x8_input_value.o
 .debug_info    0x00064bff      0x8c1 .\CortexM3\ARM_GCC_541\Release\u8x8_message.o
 .debug_info    0x000654c0      0x95b .\CortexM3\ARM_GCC_541\Release\u8x8_selection_list.o
 .debug_info    0x00065e1b      0x50e .\CortexM3\ARM_GCC_541\Release\u8x8_setup.o
 .debug_info    0x00066329      0x862 .\CortexM3\ARM_GCC_541\Release\u8x8_string.o
 .debug_info    0x00066b8b      0x1ea .\CortexM3\ARM_GCC_541\Release\u8x8_u8toa.o
 .debug_info    0x00066d75      0x1d7 .\CortexM3\ARM_GCC_541\Release\u8x8_u16toa.o
 .debug_info    0x00066f4c      0x498 .\CortexM3\ARM_GCC_541\Release\main.o
 .debug_info    0x000673e4      0x43d .\CortexM3\ARM_GCC_541\Release\procr.o
 .debug_info    0x00067821      0x295 .\CortexM3\ARM_GCC_541\Release\video.o
 .debug_info    0x00067ab6      0x13a .\CortexM3\ARM_GCC_541\Release\timer.o
 .debug_info    0x00067bf0      0x322 .\CortexM3\ARM_GCC_541\Release\keybd.o
 .debug_info    0x00067f12      0x9cb .\CortexM3\ARM_GCC_541\Release\oled.o
 .debug_info    0x000688dd      0x514 .\CortexM3\ARM_GCC_541\Release\cyfitter_cfg.o
 .debug_info    0x00068df1      0x135 .\CortexM3\ARM_GCC_541\Release\cymetadata.o
 .debug_info    0x00068f26      0x3cf .\CortexM3\ARM_GCC_541\Release\Cm3Start.o
 .debug_info    0x000692f5      0x95e .\CortexM3\ARM_GCC_541\Release\FinalEmulator.a(CyDmac.o)
 .debug_info    0x00069c53     0x1790 .\CortexM3\ARM_GCC_541\Release\FinalEmulator.a(CyLib.o)
 .debug_info    0x0006b3e3      0x9ab .\CortexM3\ARM_GCC_541\Release\FinalEmulator.a(cyPm.o)
 .debug_info    0x0006bd8e      0x381 .\CortexM3\ARM_GCC_541\Release\FinalEmulator.a(isr_timer.o)
 .debug_info    0x0006c10f      0x121 .\CortexM3\ARM_GCC_541\Release\FinalEmulator.a(pin_led.o)
 .debug_info    0x0006c230      0x38c .\CortexM3\ARM_GCC_541\Release\FinalEmulator.a(random.o)
 .debug_info    0x0006c5bc      0x121 .\CortexM3\ARM_GCC_541\Release\FinalEmulator.a(pin_snd.o)
 .debug_info    0x0006c6dd      0x3d6 .\CortexM3\ARM_GCC_541\Release\FinalEmulator.a(HORIZ.o)
 .debug_info    0x0006cab3      0x36a .\CortexM3\ARM_GCC_541\Release\FinalEmulator.a(VERT.o)
 .debug_info    0x0006ce1d      0x34d .\CortexM3\ARM_GCC_541\Release\FinalEmulator.a(VSYNC.o)
 .debug_info    0x0006d16a      0x34d .\CortexM3\ARM_GCC_541\Release\FinalEmulator.a(HSYNC.o)
 .debug_info    0x0006d4b7      0x1aa .\CortexM3\ARM_GCC_541\Release\FinalEmulator.a(DMA_dma.o)
 .debug_info    0x0006d661      0x381 .\CortexM3\ARM_GCC_541\Release\FinalEmulator.a(NEWLINE.o)
 .debug_info    0x0006d9e2      0x121 .\CortexM3\ARM_GCC_541\Release\FinalEmulator.a(Row_1.o)
 .debug_info    0x0006db03      0x121 .\CortexM3\ARM_GCC_541\Release\FinalEmulator.a(Row_2.o)
 .debug_info    0x0006dc24      0x121 .\CortexM3\ARM_GCC_541\Release\FinalEmulator.a(Row_4.o)
 .debug_info    0x0006dd45      0x121 .\CortexM3\ARM_GCC_541\Release\FinalEmulator.a(Row_3.o)
 .debug_info    0x0006de66      0x121 .\CortexM3\ARM_GCC_541\Release\FinalEmulator.a(Col_1.o)
 .debug_info    0x0006df87      0x121 .\CortexM3\ARM_GCC_541\Release\FinalEmulator.a(Col_2.o)
 .debug_info    0x0006e0a8      0x121 .\CortexM3\ARM_GCC_541\Release\FinalEmulator.a(Col_3.o)
 .debug_info    0x0006e1c9      0x121 .\CortexM3\ARM_GCC_541\Release\FinalEmulator.a(Col_4.o)
 .debug_info    0x0006e2ea      0x121 .\CortexM3\ARM_GCC_541\Release\FinalEmulator.a(pin_oled_mosi.o)
 .debug_info    0x0006e40b      0x121 .\CortexM3\ARM_GCC_541\Release\FinalEmulator.a(pin_oled_clk.o)
 .debug_info    0x0006e52c      0x121 .\CortexM3\ARM_GCC_541\Release\FinalEmulator.a(pin_oled_cs.o)
 .debug_info    0x0006e64d      0x121 .\CortexM3\ARM_GCC_541\Release\FinalEmulator.a(pin_oled_dc.o)
 .debug_info    0x0006e76e      0x121 .\CortexM3\ARM_GCC_541\Release\FinalEmulator.a(pin_oled_rst.o)
 .debug_info    0x0006e88f       0xb8 .\CortexM3\ARM_GCC_541\Release\FinalEmulator.a(CyBootAsmGnu.o)
 .debug_info    0x0006e947      0x81c .\CortexM3\ARM_GCC_541\Release\FinalEmulator.a(CyFlash.o)
 .debug_info    0x0006f163      0x561 .\CortexM3\ARM_GCC_541\Release\FinalEmulator.a(CySpc.o)

.debug_abbrev   0x00000000     0xd294
 *(.debug_abbrev)
 .debug_abbrev  0x00000000      0x1dc .\CortexM3\ARM_GCC_541\Release\u8g2_bitmap.o
 .debug_abbrev  0x000001dc      0x216 .\CortexM3\ARM_GCC_541\Release\u8g2_box.o
 .debug_abbrev  0x000003f2      0x26f .\CortexM3\ARM_GCC_541\Release\u8g2_buffer.o
 .debug_abbrev  0x00000661      0x28e .\CortexM3\ARM_GCC_541\Release\u8g2_circle.o
 .debug_abbrev  0x000008ef      0x131 .\CortexM3\ARM_GCC_541\Release\u8g2_cleardisplay.o
 .debug_abbrev  0x00000a20       0xd6 .\CortexM3\ARM_GCC_541\Release\u8g2_d_memory.o
 .debug_abbrev  0x00000af6      0x1fa .\CortexM3\ARM_GCC_541\Release\u8g2_d_setup.o
 .debug_abbrev  0x00000cf0      0x3e6 .\CortexM3\ARM_GCC_541\Release\u8g2_font.o
 .debug_abbrev  0x000010d6       0x91 .\CortexM3\ARM_GCC_541\Release\u8g2_fonts.o
 .debug_abbrev  0x00001167      0x1f4 .\CortexM3\ARM_GCC_541\Release\u8g2_hvline.o
 .debug_abbrev  0x0000135b      0x15d .\CortexM3\ARM_GCC_541\Release\u8g2_input_value.o
 .debug_abbrev  0x000014b8      0x17d .\CortexM3\ARM_GCC_541\Release\u8g2_intersection.o
 .debug_abbrev  0x00001635      0x151 .\CortexM3\ARM_GCC_541\Release\u8g2_kerning.o
 .debug_abbrev  0x00001786      0x175 .\CortexM3\ARM_GCC_541\Release\u8g2_line.o
 .debug_abbrev  0x000018fb      0x15a .\CortexM3\ARM_GCC_541\Release\u8g2_ll_hvline.o
 .debug_abbrev  0x00001a55      0x15d .\CortexM3\ARM_GCC_541\Release\u8g2_message.o
 .debug_abbrev  0x00001bb2      0x2db .\CortexM3\ARM_GCC_541\Release\u8g2_polygon.o
 .debug_abbrev  0x00001e8d      0x25a .\CortexM3\ARM_GCC_541\Release\u8g2_selection_list.o
 .debug_abbrev  0x000020e7      0x2e4 .\CortexM3\ARM_GCC_541\Release\u8g2_setup.o
 .debug_abbrev  0x000023cb      0x295 .\CortexM3\ARM_GCC_541\Release\u8log.o
 .debug_abbrev  0x00002660      0x1c7 .\CortexM3\ARM_GCC_541\Release\u8log_u8g2.o
 .debug_abbrev  0x00002827      0x1d3 .\CortexM3\ARM_GCC_541\Release\u8log_u8x8.o
 .debug_abbrev  0x000029fa      0x377 .\CortexM3\ARM_GCC_541\Release\u8x8_8x8.o
 .debug_abbrev  0x00002d71      0x276 .\CortexM3\ARM_GCC_541\Release\u8x8_byte.o
 .debug_abbrev  0x00002fe7      0x2d4 .\CortexM3\ARM_GCC_541\Release\u8x8_cad.o
 .debug_abbrev  0x000032bb      0x1eb .\CortexM3\ARM_GCC_541\Release\u8x8_d_a2printer.o
 .debug_abbrev  0x000034a6      0x244 .\CortexM3\ARM_GCC_541\Release\u8x8_d_il3820_296x128.o
 .debug_abbrev  0x000036ea      0x155 .\CortexM3\ARM_GCC_541\Release\u8x8_d_ist3020.o
 .debug_abbrev  0x0000383f      0x1ef .\CortexM3\ARM_GCC_541\Release\u8x8_d_ks0108.o
 .debug_abbrev  0x00003a2e      0x248 .\CortexM3\ARM_GCC_541\Release\u8x8_d_lc7981.o
 .debug_abbrev  0x00003c76      0x1b1 .\CortexM3\ARM_GCC_541\Release\u8x8_d_ld7032_60x32.o
 .debug_abbrev  0x00003e27      0x1df .\CortexM3\ARM_GCC_541\Release\u8x8_d_ls013b7dh03.o
 .debug_abbrev  0x00004006      0x21f .\CortexM3\ARM_GCC_541\Release\u8x8_d_max7219.o
 .debug_abbrev  0x00004225      0x155 .\CortexM3\ARM_GCC_541\Release\u8x8_d_pcd8544_84x48.o
 .debug_abbrev  0x0000437a      0x1b1 .\CortexM3\ARM_GCC_541\Release\u8x8_d_pcf8812.o
 .debug_abbrev  0x0000452b      0x1b1 .\CortexM3\ARM_GCC_541\Release\u8x8_d_pcf8814_hx1230.o
 .debug_abbrev  0x000046dc      0x1ca .\CortexM3\ARM_GCC_541\Release\u8x8_d_sbn1661.o
 .debug_abbrev  0x000048a6      0x20d .\CortexM3\ARM_GCC_541\Release\u8x8_d_sed1330.o
 .debug_abbrev  0x00004ab3      0x1b1 .\CortexM3\ARM_GCC_541\Release\u8x8_d_sh1106_64x32.o
 .debug_abbrev  0x00004c64      0x1b1 .\CortexM3\ARM_GCC_541\Release\u8x8_d_sh1106_72x40.o
 .debug_abbrev  0x00004e15      0x204 .\CortexM3\ARM_GCC_541\Release\u8x8_d_sh1107.o
 .debug_abbrev  0x00005019      0x1aa .\CortexM3\ARM_GCC_541\Release\u8x8_d_sh1108.o
 .debug_abbrev  0x000051c3      0x20d .\CortexM3\ARM_GCC_541\Release\u8x8_d_sh1122.o
 .debug_abbrev  0x000053d0      0x21f .\CortexM3\ARM_GCC_541\Release\u8x8_d_ssd1305.o
 .debug_abbrev  0x000055ef      0x1b1 .\CortexM3\ARM_GCC_541\Release\u8x8_d_ssd1306_48x64.o
 .debug_abbrev  0x000057a0      0x1c2 .\CortexM3\ARM_GCC_541\Release\u8x8_d_ssd1306_64x32.o
 .debug_abbrev  0x00005962      0x1b1 .\CortexM3\ARM_GCC_541\Release\u8x8_d_ssd1306_64x48.o
 .debug_abbrev  0x00005b13      0x1b1 .\CortexM3\ARM_GCC_541\Release\u8x8_d_ssd1306_96x16.o
 .debug_abbrev  0x00005cc4      0x1b1 .\CortexM3\ARM_GCC_541\Release\u8x8_d_ssd1306_128x32.o
 .debug_abbrev  0x00005e75      0x1b9 .\CortexM3\ARM_GCC_541\Release\u8x8_d_ssd1306_128x64_noname.o
 .debug_abbrev  0x0000602e      0x210 .\CortexM3\ARM_GCC_541\Release\u8x8_d_ssd1309.o
 .debug_abbrev  0x0000623e      0x1aa .\CortexM3\ARM_GCC_541\Release\u8x8_d_ssd1317.o
 .debug_abbrev  0x000063e8      0x1aa .\CortexM3\ARM_GCC_541\Release\u8x8_d_ssd1318.o
 .debug_abbrev  0x00006592      0x275 .\CortexM3\ARM_GCC_541\Release\u8x8_d_ssd1322.o
 .debug_abbrev  0x00006807      0x215 .\CortexM3\ARM_GCC_541\Release\u8x8_d_ssd1325.o
 .debug_abbrev  0x00006a1c      0x1df .\CortexM3\ARM_GCC_541\Release\u8x8_d_ssd1326.o
 .debug_abbrev  0x00006bfb      0x205 .\CortexM3\ARM_GCC_541\Release\u8x8_d_ssd1327.o
 .debug_abbrev  0x00006e00      0x1ee .\CortexM3\ARM_GCC_541\Release\u8x8_d_ssd1329.o
 .debug_abbrev  0x00006fee      0x244 .\CortexM3\ARM_GCC_541\Release\u8x8_d_ssd1606_172x72.o
 .debug_abbrev  0x00007232      0x244 .\CortexM3\ARM_GCC_541\Release\u8x8_d_ssd1607_200x200.o
 .debug_abbrev  0x00007476      0x155 .\CortexM3\ARM_GCC_541\Release\u8x8_d_st7511.o
 .debug_abbrev  0x000075cb      0x271 .\CortexM3\ARM_GCC_541\Release\u8x8_d_st7565.o
 .debug_abbrev  0x0000783c      0x211 .\CortexM3\ARM_GCC_541\Release\u8x8_d_st7567.o
 .debug_abbrev  0x00007a4d      0x164 .\CortexM3\ARM_GCC_541\Release\u8x8_d_st7586s_erc240160.o
 .debug_abbrev  0x00007bb1      0x1c0 .\CortexM3\ARM_GCC_541\Release\u8x8_d_st7586s_s028hn118a.o
 .debug_abbrev  0x00007d71      0x1aa .\CortexM3\ARM_GCC_541\Release\u8x8_d_st7588.o
 .debug_abbrev  0x00007f1b      0x1e2 .\CortexM3\ARM_GCC_541\Release\u8x8_d_st7920.o
 .debug_abbrev  0x000080fd      0x1c8 .\CortexM3\ARM_GCC_541\Release\u8x8_d_st75256.o
 .debug_abbrev  0x000082c5      0x1e7 .\CortexM3\ARM_GCC_541\Release\u8x8_d_stdio.o
 .debug_abbrev  0x000084ac      0x20d .\CortexM3\ARM_GCC_541\Release\u8x8_d_t6963.o
 .debug_abbrev  0x000086b9      0x155 .\CortexM3\ARM_GCC_541\Release\u8x8_d_uc1601.o
 .debug_abbrev  0x0000880e      0x1be .\CortexM3\ARM_GCC_541\Release\u8x8_d_uc1604.o
 .debug_abbrev  0x000089cc      0x218 .\CortexM3\ARM_GCC_541\Release\u8x8_d_uc1608.o
 .debug_abbrev  0x00008be4      0x1d3 .\CortexM3\ARM_GCC_541\Release\u8x8_d_uc1610.o
 .debug_abbrev  0x00008db7      0x251 .\CortexM3\ARM_GCC_541\Release\u8x8_d_uc1611.o
 .debug_abbrev  0x00009008      0x1be .\CortexM3\ARM_GCC_541\Release\u8x8_d_uc1617.o
 .debug_abbrev  0x000091c6      0x1be .\CortexM3\ARM_GCC_541\Release\u8x8_d_uc1638.o
 .debug_abbrev  0x00009384      0x155 .\CortexM3\ARM_GCC_541\Release\u8x8_d_uc1701_dogs102.o
 .debug_abbrev  0x000094d9      0x155 .\CortexM3\ARM_GCC_541\Release\u8x8_d_uc1701_mini12864.o
 .debug_abbrev  0x0000962e      0x196 .\CortexM3\ARM_GCC_541\Release\u8x8_debounce.o
 .debug_abbrev  0x000097c4      0x1a7 .\CortexM3\ARM_GCC_541\Release\u8x8_display.o
 .debug_abbrev  0x0000996b       0x77 .\CortexM3\ARM_GCC_541\Release\u8x8_fonts.o
 .debug_abbrev  0x000099e2       0xea .\CortexM3\ARM_GCC_541\Release\u8x8_gpio.o
 .debug_abbrev  0x00009acc      0x138 .\CortexM3\ARM_GCC_541\Release\u8x8_input_value.o
 .debug_abbrev  0x00009c04      0x1aa .\CortexM3\ARM_GCC_541\Release\u8x8_message.o
 .debug_abbrev  0x00009dae      0x1fc .\CortexM3\ARM_GCC_541\Release\u8x8_selection_list.o
 .debug_abbrev  0x00009faa      0x1b5 .\CortexM3\ARM_GCC_541\Release\u8x8_setup.o
 .debug_abbrev  0x0000a15f      0x211 .\CortexM3\ARM_GCC_541\Release\u8x8_string.o
 .debug_abbrev  0x0000a370      0x12a .\CortexM3\ARM_GCC_541\Release\u8x8_u8toa.o
 .debug_abbrev  0x0000a49a      0x112 .\CortexM3\ARM_GCC_541\Release\u8x8_u16toa.o
 .debug_abbrev  0x0000a5ac      0x139 .\CortexM3\ARM_GCC_541\Release\main.o
 .debug_abbrev  0x0000a6e5      0x164 .\CortexM3\ARM_GCC_541\Release\procr.o
 .debug_abbrev  0x0000a849      0x133 .\CortexM3\ARM_GCC_541\Release\video.o
 .debug_abbrev  0x0000a97c       0xcb .\CortexM3\ARM_GCC_541\Release\timer.o
 .debug_abbrev  0x0000aa47      0x18b .\CortexM3\ARM_GCC_541\Release\keybd.o
 .debug_abbrev  0x0000abd2      0x19a .\CortexM3\ARM_GCC_541\Release\oled.o
 .debug_abbrev  0x0000ad6c      0x215 .\CortexM3\ARM_GCC_541\Release\cyfitter_cfg.o
 .debug_abbrev  0x0000af81       0x66 .\CortexM3\ARM_GCC_541\Release\cymetadata.o
 .debug_abbrev  0x0000afe7      0x1f6 .\CortexM3\ARM_GCC_541\Release\Cm3Start.o
 .debug_abbrev  0x0000b1dd      0x1c7 .\CortexM3\ARM_GCC_541\Release\FinalEmulator.a(CyDmac.o)
 .debug_abbrev  0x0000b3a4      0x39b .\CortexM3\ARM_GCC_541\Release\FinalEmulator.a(CyLib.o)
 .debug_abbrev  0x0000b73f      0x1cf .\CortexM3\ARM_GCC_541\Release\FinalEmulator.a(cyPm.o)
 .debug_abbrev  0x0000b90e      0x1e9 .\CortexM3\ARM_GCC_541\Release\FinalEmulator.a(isr_timer.o)
 .debug_abbrev  0x0000baf7       0x90 .\CortexM3\ARM_GCC_541\Release\FinalEmulator.a(pin_led.o)
 .debug_abbrev  0x0000bb87      0x1b1 .\CortexM3\ARM_GCC_541\Release\FinalEmulator.a(random.o)
 .debug_abbrev  0x0000bd38       0x90 .\CortexM3\ARM_GCC_541\Release\FinalEmulator.a(pin_snd.o)
 .debug_abbrev  0x0000bdc8      0x1c6 .\CortexM3\ARM_GCC_541\Release\FinalEmulator.a(HORIZ.o)
 .debug_abbrev  0x0000bf8e      0x1b3 .\CortexM3\ARM_GCC_541\Release\FinalEmulator.a(VERT.o)
 .debug_abbrev  0x0000c141      0x1b3 .\CortexM3\ARM_GCC_541\Release\FinalEmulator.a(VSYNC.o)
 .debug_abbrev  0x0000c2f4      0x1b3 .\CortexM3\ARM_GCC_541\Release\FinalEmulator.a(HSYNC.o)
 .debug_abbrev  0x0000c4a7       0xd0 .\CortexM3\ARM_GCC_541\Release\FinalEmulator.a(DMA_dma.o)
 .debug_abbrev  0x0000c577      0x1e9 .\CortexM3\ARM_GCC_541\Release\FinalEmulator.a(NEWLINE.o)
 .debug_abbrev  0x0000c760       0x90 .\CortexM3\ARM_GCC_541\Release\FinalEmulator.a(Row_1.o)
 .debug_abbrev  0x0000c7f0       0x90 .\CortexM3\ARM_GCC_541\Release\FinalEmulator.a(Row_2.o)
 .debug_abbrev  0x0000c880       0x90 .\CortexM3\ARM_GCC_541\Release\FinalEmulator.a(Row_4.o)
 .debug_abbrev  0x0000c910       0x90 .\CortexM3\ARM_GCC_541\Release\FinalEmulator.a(Row_3.o)
 .debug_abbrev  0x0000c9a0       0x90 .\CortexM3\ARM_GCC_541\Release\FinalEmulator.a(Col_1.o)
 .debug_abbrev  0x0000ca30       0x90 .\CortexM3\ARM_GCC_541\Release\FinalEmulator.a(Col_2.o)
 .debug_abbrev  0x0000cac0       0x90 .\CortexM3\ARM_GCC_541\Release\FinalEmulator.a(Col_3.o)
 .debug_abbrev  0x0000cb50       0x90 .\CortexM3\ARM_GCC_541\Release\FinalEmulator.a(Col_4.o)
 .debug_abbrev  0x0000cbe0       0x90 .\CortexM3\ARM_GCC_541\Release\FinalEmulator.a(pin_oled_mosi.o)
 .debug_abbrev  0x0000cc70       0x90 .\CortexM3\ARM_GCC_541\Release\FinalEmulator.a(pin_oled_clk.o)
 .debug_abbrev  0x0000cd00       0x90 .\CortexM3\ARM_GCC_541\Release\FinalEmulator.a(pin_oled_cs.o)
 .debug_abbrev  0x0000cd90       0x90 .\CortexM3\ARM_GCC_541\Release\FinalEmulator.a(pin_oled_dc.o)
 .debug_abbrev  0x0000ce20       0x90 .\CortexM3\ARM_GCC_541\Release\FinalEmulator.a(pin_oled_rst.o)
 .debug_abbrev  0x0000ceb0       0x14 .\CortexM3\ARM_GCC_541\Release\FinalEmulator.a(CyBootAsmGnu.o)
 .debug_abbrev  0x0000cec4      0x23d .\CortexM3\ARM_GCC_541\Release\FinalEmulator.a(CyFlash.o)
 .debug_abbrev  0x0000d101      0x193 .\CortexM3\ARM_GCC_541\Release\FinalEmulator.a(CySpc.o)

.debug_line     0x00000000    0x15f5d
 *(.debug_line)
 .debug_line    0x00000000      0x270 .\CortexM3\ARM_GCC_541\Release\u8g2_bitmap.o
 .debug_line    0x00000270      0x253 .\CortexM3\ARM_GCC_541\Release\u8g2_box.o
 .debug_line    0x000004c3      0x2fd .\CortexM3\ARM_GCC_541\Release\u8g2_buffer.o
 .debug_line    0x000007c0      0x346 .\CortexM3\ARM_GCC_541\Release\u8g2_circle.o
 .debug_line    0x00000b06      0x174 .\CortexM3\ARM_GCC_541\Release\u8g2_cleardisplay.o
 .debug_line    0x00000c7a      0xa47 .\CortexM3\ARM_GCC_541\Release\u8g2_d_memory.o
 .debug_line    0x000016c1     0x31ad .\CortexM3\ARM_GCC_541\Release\u8g2_d_setup.o
 .debug_line    0x0000486e     0x10d5 .\CortexM3\ARM_GCC_541\Release\u8g2_font.o
 .debug_line    0x00005943      0x13e .\CortexM3\ARM_GCC_541\Release\u8g2_fonts.o
 .debug_line    0x00005a81      0x2a1 .\CortexM3\ARM_GCC_541\Release\u8g2_hvline.o
 .debug_line    0x00005d22      0x1d2 .\CortexM3\ARM_GCC_541\Release\u8g2_input_value.o
 .debug_line    0x00005ef4      0x1bb .\CortexM3\ARM_GCC_541\Release\u8g2_intersection.o
 .debug_line    0x000060af      0x1c3 .\CortexM3\ARM_GCC_541\Release\u8g2_kerning.o
 .debug_line    0x00006272      0x1dc .\CortexM3\ARM_GCC_541\Release\u8g2_line.o
 .debug_line    0x0000644e      0x223 .\CortexM3\ARM_GCC_541\Release\u8g2_ll_hvline.o
 .debug_line    0x00006671      0x214 .\CortexM3\ARM_GCC_541\Release\u8g2_message.o
 .debug_line    0x00006885      0x3c2 .\CortexM3\ARM_GCC_541\Release\u8g2_polygon.o
 .debug_line    0x00006c47      0x346 .\CortexM3\ARM_GCC_541\Release\u8g2_selection_list.o
 .debug_line    0x00006f8d      0x449 .\CortexM3\ARM_GCC_541\Release\u8g2_setup.o
 .debug_line    0x000073d6      0x2bf .\CortexM3\ARM_GCC_541\Release\u8log.o
 .debug_line    0x00007695      0x226 .\CortexM3\ARM_GCC_541\Release\u8log_u8g2.o
 .debug_line    0x000078bb      0x19b .\CortexM3\ARM_GCC_541\Release\u8log_u8x8.o
 .debug_line    0x00007a56      0x614 .\CortexM3\ARM_GCC_541\Release\u8x8_8x8.o
 .debug_line    0x0000806a      0x55b .\CortexM3\ARM_GCC_541\Release\u8x8_byte.o
 .debug_line    0x000085c5      0x657 .\CortexM3\ARM_GCC_541\Release\u8x8_cad.o
 .debug_line    0x00008c1c      0x1bd .\CortexM3\ARM_GCC_541\Release\u8x8_d_a2printer.o
 .debug_line    0x00008dd9      0x255 .\CortexM3\ARM_GCC_541\Release\u8x8_d_il3820_296x128.o
 .debug_line    0x0000902e      0x1bf .\CortexM3\ARM_GCC_541\Release\u8x8_d_ist3020.o
 .debug_line    0x000091ed      0x2b3 .\CortexM3\ARM_GCC_541\Release\u8x8_d_ks0108.o
 .debug_line    0x000094a0      0x249 .\CortexM3\ARM_GCC_541\Release\u8x8_d_lc7981.o
 .debug_line    0x000096e9      0x1b8 .\CortexM3\ARM_GCC_541\Release\u8x8_d_ld7032_60x32.o
 .debug_line    0x000098a1      0x210 .\CortexM3\ARM_GCC_541\Release\u8x8_d_ls013b7dh03.o
 .debug_line    0x00009ab1      0x22c .\CortexM3\ARM_GCC_541\Release\u8x8_d_max7219.o
 .debug_line    0x00009cdd      0x1ad .\CortexM3\ARM_GCC_541\Release\u8x8_d_pcd8544_84x48.o
 .debug_line    0x00009e8a      0x198 .\CortexM3\ARM_GCC_541\Release\u8x8_d_pcf8812.o
 .debug_line    0x0000a022      0x1b1 .\CortexM3\ARM_GCC_541\Release\u8x8_d_pcf8814_hx1230.o
 .debug_line    0x0000a1d3      0x1e9 .\CortexM3\ARM_GCC_541\Release\u8x8_d_sbn1661.o
 .debug_line    0x0000a3bc      0x1e2 .\CortexM3\ARM_GCC_541\Release\u8x8_d_sed1330.o
 .debug_line    0x0000a59e      0x1ae .\CortexM3\ARM_GCC_541\Release\u8x8_d_sh1106_64x32.o
 .debug_line    0x0000a74c      0x1ae .\CortexM3\ARM_GCC_541\Release\u8x8_d_sh1106_72x40.o
 .debug_line    0x0000a8fa      0x407 .\CortexM3\ARM_GCC_541\Release\u8x8_d_sh1107.o
 .debug_line    0x0000ad01      0x1d6 .\CortexM3\ARM_GCC_541\Release\u8x8_d_sh1108.o
 .debug_line    0x0000aed7      0x1f2 .\CortexM3\ARM_GCC_541\Release\u8x8_d_sh1122.o
 .debug_line    0x0000b0c9      0x2a8 .\CortexM3\ARM_GCC_541\Release\u8x8_d_ssd1305.o
 .debug_line    0x0000b371      0x1af .\CortexM3\ARM_GCC_541\Release\u8x8_d_ssd1306_48x64.o
 .debug_line    0x0000b520      0x20e .\CortexM3\ARM_GCC_541\Release\u8x8_d_ssd1306_64x32.o
 .debug_line    0x0000b72e      0x1af .\CortexM3\ARM_GCC_541\Release\u8x8_d_ssd1306_64x48.o
 .debug_line    0x0000b8dd      0x1af .\CortexM3\ARM_GCC_541\Release\u8x8_d_ssd1306_96x16.o
 .debug_line    0x0000ba8c      0x216 .\CortexM3\ARM_GCC_541\Release\u8x8_d_ssd1306_128x32.o
 .debug_line    0x0000bca2      0x4a6 .\CortexM3\ARM_GCC_541\Release\u8x8_d_ssd1306_128x64_noname.o
 .debug_line    0x0000c148      0x232 .\CortexM3\ARM_GCC_541\Release\u8x8_d_ssd1309.o
 .debug_line    0x0000c37a      0x1d8 .\CortexM3\ARM_GCC_541\Release\u8x8_d_ssd1317.o
 .debug_line    0x0000c552      0x264 .\CortexM3\ARM_GCC_541\Release\u8x8_d_ssd1318.o
 .debug_line    0x0000c7b6      0x394 .\CortexM3\ARM_GCC_541\Release\u8x8_d_ssd1322.o
 .debug_line    0x0000cb4a      0x2cc .\CortexM3\ARM_GCC_541\Release\u8x8_d_ssd1325.o
 .debug_line    0x0000ce16      0x277 .\CortexM3\ARM_GCC_541\Release\u8x8_d_ssd1326.o
 .debug_line    0x0000d08d      0x334 .\CortexM3\ARM_GCC_541\Release\u8x8_d_ssd1327.o
 .debug_line    0x0000d3c1      0x27a .\CortexM3\ARM_GCC_541\Release\u8x8_d_ssd1329.o
 .debug_line    0x0000d63b      0x1d8 .\CortexM3\ARM_GCC_541\Release\u8x8_d_ssd1606_172x72.o
 .debug_line    0x0000d813      0x2d9 .\CortexM3\ARM_GCC_541\Release\u8x8_d_ssd1607_200x200.o
 .debug_line    0x0000daec      0x1bf .\CortexM3\ARM_GCC_541\Release\u8x8_d_st7511.o
 .debug_line    0x0000dcab      0x736 .\CortexM3\ARM_GCC_541\Release\u8x8_d_st7565.o
 .debug_line    0x0000e3e1      0x386 .\CortexM3\ARM_GCC_541\Release\u8x8_d_st7567.o
 .debug_line    0x0000e767      0x1f3 .\CortexM3\ARM_GCC_541\Release\u8x8_d_st7586s_erc240160.o
 .debug_line    0x0000e95a      0x211 .\CortexM3\ARM_GCC_541\Release\u8x8_d_st7586s_s028hn118a.o
 .debug_line    0x0000eb6b      0x1c5 .\CortexM3\ARM_GCC_541\Release\u8x8_d_st7588.o
 .debug_line    0x0000ed30      0x241 .\CortexM3\ARM_GCC_541\Release\u8x8_d_st7920.o
 .debug_line    0x0000ef71      0x42a .\CortexM3\ARM_GCC_541\Release\u8x8_d_st75256.o
 .debug_line    0x0000f39b      0x1df .\CortexM3\ARM_GCC_541\Release\u8x8_d_stdio.o
 .debug_line    0x0000f57a      0x23b .\CortexM3\ARM_GCC_541\Release\u8x8_d_t6963.o
 .debug_line    0x0000f7b5      0x1be .\CortexM3\ARM_GCC_541\Release\u8x8_d_uc1601.o
 .debug_line    0x0000f973      0x22a .\CortexM3\ARM_GCC_541\Release\u8x8_d_uc1604.o
 .debug_line    0x0000fb9d      0x32a .\CortexM3\ARM_GCC_541\Release\u8x8_d_uc1608.o
 .debug_line    0x0000fec7      0x1e0 .\CortexM3\ARM_GCC_541\Release\u8x8_d_uc1610.o
 .debug_line    0x000100a7      0x305 .\CortexM3\ARM_GCC_541\Release\u8x8_d_uc1611.o
 .debug_line    0x000103ac      0x22f .\CortexM3\ARM_GCC_541\Release\u8x8_d_uc1617.o
 .debug_line    0x000105db      0x232 .\CortexM3\ARM_GCC_541\Release\u8x8_d_uc1638.o
 .debug_line    0x0001080d      0x1ca .\CortexM3\ARM_GCC_541\Release\u8x8_d_uc1701_dogs102.o
 .debug_line    0x000109d7      0x1cf .\CortexM3\ARM_GCC_541\Release\u8x8_d_uc1701_mini12864.o
 .debug_line    0x00010ba6      0x1b4 .\CortexM3\ARM_GCC_541\Release\u8x8_debounce.o
 .debug_line    0x00010d5a      0x27e .\CortexM3\ARM_GCC_541\Release\u8x8_display.o
 .debug_line    0x00010fd8      0x13e .\CortexM3\ARM_GCC_541\Release\u8x8_fonts.o
 .debug_line    0x00011116      0x159 .\CortexM3\ARM_GCC_541\Release\u8x8_gpio.o
 .debug_line    0x0001126f      0x1b6 .\CortexM3\ARM_GCC_541\Release\u8x8_input_value.o
 .debug_line    0x00011425      0x26a .\CortexM3\ARM_GCC_541\Release\u8x8_message.o
 .debug_line    0x0001168f      0x29d .\CortexM3\ARM_GCC_541\Release\u8x8_selection_list.o
 .debug_line    0x0001192c      0x1bf .\CortexM3\ARM_GCC_541\Release\u8x8_setup.o
 .debug_line    0x00011aeb      0x23f .\CortexM3\ARM_GCC_541\Release\u8x8_string.o
 .debug_line    0x00011d2a      0x191 .\CortexM3\ARM_GCC_541\Release\u8x8_u8toa.o
 .debug_line    0x00011ebb      0x1b2 .\CortexM3\ARM_GCC_541\Release\u8x8_u16toa.o
 .debug_line    0x0001206d      0x228 .\CortexM3\ARM_GCC_541\Release\main.o
 .debug_line    0x00012295      0x2cf .\CortexM3\ARM_GCC_541\Release\procr.o
 .debug_line    0x00012564      0x1d2 .\CortexM3\ARM_GCC_541\Release\video.o
 .debug_line    0x00012736      0x199 .\CortexM3\ARM_GCC_541\Release\timer.o
 .debug_line    0x000128cf      0x19c .\CortexM3\ARM_GCC_541\Release\keybd.o
 .debug_line    0x00012a6b      0x224 .\CortexM3\ARM_GCC_541\Release\oled.o
 .debug_line    0x00012c8f      0x1f2 .\CortexM3\ARM_GCC_541\Release\cyfitter_cfg.o
 .debug_line    0x00012e81      0x141 .\CortexM3\ARM_GCC_541\Release\cymetadata.o
 .debug_line    0x00012fc2      0x22b .\CortexM3\ARM_GCC_541\Release\Cm3Start.o
 .debug_line    0x000131ed      0x31c .\CortexM3\ARM_GCC_541\Release\FinalEmulator.a(CyDmac.o)
 .debug_line    0x00013509      0xa8a .\CortexM3\ARM_GCC_541\Release\FinalEmulator.a(CyLib.o)
 .debug_line    0x00013f93      0x507 .\CortexM3\ARM_GCC_541\Release\FinalEmulator.a(cyPm.o)
 .debug_line    0x0001449a      0x1a4 .\CortexM3\ARM_GCC_541\Release\FinalEmulator.a(isr_timer.o)
 .debug_line    0x0001463e       0x96 .\CortexM3\ARM_GCC_541\Release\FinalEmulator.a(pin_led.o)
 .debug_line    0x000146d4      0x17b .\CortexM3\ARM_GCC_541\Release\FinalEmulator.a(random.o)
 .debug_line    0x0001484f       0x96 .\CortexM3\ARM_GCC_541\Release\FinalEmulator.a(pin_snd.o)
 .debug_line    0x000148e5      0x1e3 .\CortexM3\ARM_GCC_541\Release\FinalEmulator.a(HORIZ.o)
 .debug_line    0x00014ac8      0x1bb .\CortexM3\ARM_GCC_541\Release\FinalEmulator.a(VERT.o)
 .debug_line    0x00014c83      0x1a1 .\CortexM3\ARM_GCC_541\Release\FinalEmulator.a(VSYNC.o)
 .debug_line    0x00014e24      0x1a1 .\CortexM3\ARM_GCC_541\Release\FinalEmulator.a(HSYNC.o)
 .debug_line    0x00014fc5       0x82 .\CortexM3\ARM_GCC_541\Release\FinalEmulator.a(DMA_dma.o)
 .debug_line    0x00015047      0x1a2 .\CortexM3\ARM_GCC_541\Release\FinalEmulator.a(NEWLINE.o)
 .debug_line    0x000151e9       0x92 .\CortexM3\ARM_GCC_541\Release\FinalEmulator.a(Row_1.o)
 .debug_line    0x0001527b       0x94 .\CortexM3\ARM_GCC_541\Release\FinalEmulator.a(Row_2.o)
 .debug_line    0x0001530f       0x94 .\CortexM3\ARM_GCC_541\Release\FinalEmulator.a(Row_4.o)
 .debug_line    0x000153a3       0x94 .\CortexM3\ARM_GCC_541\Release\FinalEmulator.a(Row_3.o)
 .debug_line    0x00015437       0x94 .\CortexM3\ARM_GCC_541\Release\FinalEmulator.a(Col_1.o)
 .debug_line    0x000154cb       0x94 .\CortexM3\ARM_GCC_541\Release\FinalEmulator.a(Col_2.o)
 .debug_line    0x0001555f       0x94 .\CortexM3\ARM_GCC_541\Release\FinalEmulator.a(Col_3.o)
 .debug_line    0x000155f3       0x94 .\CortexM3\ARM_GCC_541\Release\FinalEmulator.a(Col_4.o)
 .debug_line    0x00015687       0x9c .\CortexM3\ARM_GCC_541\Release\FinalEmulator.a(pin_oled_mosi.o)
 .debug_line    0x00015723       0x9b .\CortexM3\ARM_GCC_541\Release\FinalEmulator.a(pin_oled_clk.o)
 .debug_line    0x000157be       0x9a .\CortexM3\ARM_GCC_541\Release\FinalEmulator.a(pin_oled_cs.o)
 .debug_line    0x00015858       0x9a .\CortexM3\ARM_GCC_541\Release\FinalEmulator.a(pin_oled_dc.o)
 .debug_line    0x000158f2       0x9b .\CortexM3\ARM_GCC_541\Release\FinalEmulator.a(pin_oled_rst.o)
 .debug_line    0x0001598d       0x66 .\CortexM3\ARM_GCC_541\Release\FinalEmulator.a(CyBootAsmGnu.o)
 .debug_line    0x000159f3      0x2b1 .\CortexM3\ARM_GCC_541\Release\FinalEmulator.a(CyFlash.o)
 .debug_line    0x00015ca4      0x2b9 .\CortexM3\ARM_GCC_541\Release\FinalEmulator.a(CySpc.o)

.debug_frame    0x00000000     0xba64
 *(.debug_frame)
 .debug_frame   0x00000000      0x164 .\CortexM3\ARM_GCC_541\Release\u8g2_bitmap.o
 .debug_frame   0x00000164      0x120 .\CortexM3\ARM_GCC_541\Release\u8g2_box.o
 .debug_frame   0x00000284      0x118 .\CortexM3\ARM_GCC_541\Release\u8g2_buffer.o
 .debug_frame   0x0000039c      0x210 .\CortexM3\ARM_GCC_541\Release\u8g2_circle.o
 .debug_frame   0x000005ac       0x30 .\CortexM3\ARM_GCC_541\Release\u8g2_cleardisplay.o
 .debug_frame   0x000005dc      0x820 .\CortexM3\ARM_GCC_541\Release\u8g2_d_memory.o
 .debug_frame   0x00000dfc     0x4978 .\CortexM3\ARM_GCC_541\Release\u8g2_d_setup.o
 .debug_frame   0x00005774      0x584 .\CortexM3\ARM_GCC_541\Release\u8g2_font.o